@rdir_1_1 2026-10-09T10:00:00 7000 01 65 00 00 00
@rdir_1_1 2026-10-09T10:00:01 7001 02 65 00 00 00
@arp_1_1 2026-10-09T10:00:02 7002 02 07 0D 00 27 00 00 00 00 00 D3 A9 06 50 00 01 40 00 00 07 D0 00 04 00 00 32 80 00 00 00 00 00 0F F9 40 72 55 2D 15
@rdir_1_1 2026-10-09T10:00:05 7003 01 66 00 01 01
@rdir_1_1 2026-10-09T10:00:06 7004 02 66 00 01 01
@arp_1_1 2026-10-09T10:00:07 7005 02 07 0D 00 27 00 00 00 00 00 D3 A9 06 50 00 01 40 00 00 07 D0 00 04 00 00 33 00 00 00 00 00 00 0F F9 40 FB C2 46 64
@rdir_1_1 2026-10-09T10:00:10 7006 01 67 00 01 01
@rdir_1_1 2026-10-09T10:00:11 7007 02 67 00 01 01
@arp_1_1 2026-10-09T10:00:12 7008 02 07 0D 00 27 00 00 00 00 00 D3 A9 06 50 00 01 40 00 00 07 D0 00 04 00 00 33 80 00 00 00 00 00 0F F9 40 9D 97 46 2B
@rdir_1_1 2026-10-09T10:01:15 7009 01 65 00 00 00
@arp_1_1 2026-10-09T10:01:16 7010 02 07 0D 00 27 00 00 00 00 00 D3 A9 06 50 00 01 40 00 00 07 D0 00 04 00 00 32 80 00 00 00 00 00 0F F9 40 72 55 2D 15
@rdir_1_1 2026-10-09T10:01:19 7011 01 66 00 01 01
@rdir_1_1 2026-10-09T10:01:20 7012 02 66 00 00 01
@arp_1_1 2026-10-09T10:01:21 7013 02 07 0D 00 27 00 00 00 00 00 D3 A9 06 50 00 01 40 00 00 07 D0 00 04 00 00 33 00 00 00 00 00 00 0F F9 40 FB C2 46 64
@rdir_1_1 2026-10-09T10:01:24 7014 01 67 00 01 01
@rdir_1_1 2026-10-09T10:01:25 7015 02 67 00 01 01
@arp_1_1 2026-10-09T10:01:26 7016 02 07 0D 00 27 00 00 00 00 00 D3 A9 06 50 00 01 40 00 00 07 D0 00 04 00 00 33 80 00 00 00 00 00 0F F9 40 9D 97 46 2B
@rdir_1_1 2026-10-09T10:02:29 7017 02 65 00 00 00
@arp_1_1 2026-10-09T10:02:30 7018 02 07 0D 00 27 00 00 00 00 00 D3 A9 06 50 00 01 40 00 00 07 D0 00 04 00 00 32 80 00 00 00 00 00 0F F9 40 72 55 2D 15
@rdir_1_1 2026-10-09T10:02:33 7019 01 66 00 00 00
@rdir_1_1 2026-10-09T10:02:34 7020 02 66 00 01 01
@arp_1_1 2026-10-09T10:02:35 7021 02 07 0D 00 27 00 00 00 00 00 D3 A9 06 50 00 01 40 00 00 07 D0 00 04 00 00 33 00 00 00 00 00 00 0F F9 40 FB C2 46 64
@rdir_1_1 2026-10-09T10:02:38 7022 01 67 00 01 01
@rdir_1_1 2026-10-09T10:02:39 7023 02 67 00 01 01
@arp_1_1 2026-10-09T10:02:40 7024 02 07 0D 00 27 00 00 00 00 00 D3 A9 06 50 00 01 40 00 00 07 D0 00 04 00 00 33 80 00 00 00 00 00 0F F9 40 9D 97 46 2B
@rdir_1_1 2026-10-09T10:03:43 7025 01 66 00 00 00
@arp_1_1 2026-10-09T10:03:44 7026 02 07 0D 00 27 00 00 00 00 00 D3 A9 06 50 00 01 40 00 00 07 D0 00 04 00 00 33 00 00 00 00 00 00 0F F9 40 FB C2 46 64
@rdir_1_1 2026-10-09T10:03:47 7027 02 65 00 00 00
@arp_1_1 2026-10-09T10:03:48 7028 02 07 0D 00 27 00 00 00 00 00 D3 A9 06 50 00 01 40 00 00 07 D0 00 04 00 00 32 80 00 00 00 00 00 0F F9 40 72 55 2D 15
@rdir_1_1 2026-10-09T10:03:51 7029 02 66 00 01 01
@arp_1_1 2026-10-09T10:03:52 7030 02 07 0D 00 27 00 00 00 00 00 D3 A9 06 50 00 01 40 00 00 07 D0 00 04 00 00 33 00 00 00 00 00 00 0F F9 40 FB C2 46 64
@rdir_1_1 2026-10-09T10:03:55 7031 01 67 00 01 01
@rdir_1_1 2026-10-09T10:03:56 7032 02 67 00 01 01
@arp_1_1 2026-10-09T10:03:57 7033 02 07 0D 00 27 00 00 00 00 00 D3 A9 06 50 00 01 40 00 00 07 D0 00 04 00 00 33 80 00 00 00 00 00 0F F9 40 9D 97 46 2B
@rdir_1_1 2026-10-09T10:05:00 7034 01 65 00 00 00
@arp_1_1 2026-10-09T10:05:01 7035 02 07 0D 00 27 00 00 00 00 00 D3 A9 06 50 00 01 40 00 00 07 D0 00 04 00 00 32 80 00 00 00 00 00 0F F9 40 72 55 2D 15
@rdir_1_1 2026-10-09T10:05:04 7036 02 66 00 00 00
@arp_1_1 2026-10-09T10:05:05 7037 02 07 0D 00 27 00 00 00 00 00 D3 A9 06 50 00 01 40 00 00 07 D0 00 04 00 00 33 00 00 00 00 00 00 0F F9 40 FB C2 46 64
@rdir_1_1 2026-10-09T10:05:08 7038 01 67 00 01 01
@arp_1_1 2026-10-09T10:05:09 7039 02 07 0D 00 27 00 00 00 00 00 D3 A9 06 50 00 01 40 00 00 07 D0 00 04 00 00 33 80 00 00 00 00 00 0F F9 40 9D 97 46 2B
@rdir_1_1 2026-10-09T10:05:12 7040 02 67 00 01 01
@arp_1_1 2026-10-09T10:05:13 7041 02 07 0D 00 27 00 00 00 00 00 D3 A9 06 50 00 01 40 00 00 07 D0 00 04 00 00 33 80 00 00 00 00 00 0F F9 40 9D 97 46 2B
@rdir_1_1 2026-10-09T10:06:16 7042 01 65 00 00 00
@arp_1_1 2026-10-09T10:06:17 7043 02 07 0D 00 27 00 00 00 00 00 D3 A9 06 50 00 01 40 00 00 07 D0 00 04 00 00 32 80 00 00 00 00 00 0F F9 40 72 55 2D 15
@rdir_1_1 2026-10-09T10:06:20 7044 01 66 00 01 01
@rdir_1_1 2026-10-09T10:06:21 7045 02 65 00 00 01
@arp_1_1 2026-10-09T10:06:22 7046 02 07 0D 00 27 00 00 00 00 00 D3 A9 06 50 00 01 40 00 00 07 D0 00 04 00 00 33 00 00 00 00 00 00 0F F9 40 FB C2 46 64
@rdir_1_1 2026-10-09T10:06:25 7047 01 67 00 01 01
@rdir_1_1 2026-10-09T10:06:26 7048 02 66 00 01 01
@arp_1_1 2026-10-09T10:06:27 7049 02 07 0D 00 27 00 00 00 00 00 D3 A9 06 50 00 01 40 00 00 07 D0 00 04 00 00 33 80 00 00 00 00 00 0F F9 40 9D 97 46 2B
@rdir_1_1 2026-10-09T10:06:30 7050 02 67 00 01 01
@arp_1_1 2026-10-09T10:06:31 7051 02 07 0D 00 27 00 00 00 00 00 D3 A9 06 50 00 01 40 00 00 07 D0 00 04 00 00 33 80 00 00 00 00 00 0F F9 40 9D 97 46 2B
@rdir_1_1 2026-10-09T10:07:34 7052 01 65 00 00 00
@arp_1_1 2026-10-09T10:07:35 7053 02 07 0D 00 27 00 00 00 00 00 D3 A9 06 50 00 01 40 00 00 07 D0 00 04 00 00 32 80 00 00 00 00 00 0F F9 40 72 55 2D 15
@rdir_1_1 2026-10-09T10:07:38 7054 01 66 00 01 01
@arp_1_1 2026-10-09T10:07:39 7055 02 07 0D 00 27 00 00 00 00 00 D3 A9 06 50 00 01 40 00 00 07 D0 00 04 00 00 33 00 00 00 00 00 00 0F F9 40 FB C2 46 64
@rdir_1_1 2026-10-09T10:07:42 7056 01 67 00 01 01
@rdir_1_1 2026-10-09T10:07:43 7057 02 65 00 00 01
@arp_1_1 2026-10-09T10:07:44 7058 02 07 0D 00 27 00 00 00 00 00 D3 A9 06 50 00 01 40 00 00 07 D0 00 04 00 00 33 80 00 00 00 00 00 0F F9 40 9D 97 46 2B
@rdir_1_1 2026-10-09T10:07:47 7059 02 66 00 01 01
@arp_1_1 2026-10-09T10:07:48 7060 02 07 0D 00 27 00 00 00 00 00 D3 A9 06 50 00 01 40 00 00 07 D0 00 04 00 00 33 80 00 00 00 00 00 0F F9 40 9D 97 46 2B
@rdir_1_1 2026-10-09T10:07:51 7061 02 67 00 01 01
@arp_1_1 2026-10-09T10:07:52 7062 02 07 0D 00 27 00 00 00 00 00 D3 A9 06 50 00 01 40 00 00 07 D0 00 04 00 00 33 80 00 00 00 00 00 0F F9 40 9D 97 46 2B
@rdir_1_1 2026-10-09T10:07:55 7063 02 68 00 01 01
@arp_1_1 2026-10-09T10:07:56 7064 02 07 0D 00 27 00 00 00 00 00 D3 A9 06 50 00 01 40 00 00 07 D0 00 04 00 00 34 00 00 00 00 00 00 0F F9 40 19 1E 5D 1D
@rdir_1_1 2026-10-09T10:07:59 7065 01 68 00 01 01
@arp_1_1 2026-10-09T10:08:00 7066 02 07 0D 00 27 00 00 00 00 00 D3 A9 06 50 00 01 40 00 00 07 D0 00 04 00 00 34 00 00 00 00 00 00 0F F9 40 19 1E 5D 1D
