@linfo_2_1 2026-10-09T10:00:00 9000 01 02 01 00 00 00 82 00 B6 03 B6 03 02 16 16 02 05 05 05 02 1E 00 00 00 1E 00 00 01 02 05 08 0A 1E 00 19 0F 05 05 00 00 80 3F 5A 00 05 03 03 06 06 02 04 0A B4 00 78 00 F0 00 B8 0B 0E 05 1E 07 08 5A 0F 02 03 00 05 00 1E 00 78 00 0F 50 00 2C 01 2C 01 B8 0B F4 01 DC 05 0A C8 00 2C 01 32 32 32 1E 2C 01 58 02 B8 0B B8 0B 64 00 F4 01 64 00 0F 05 02 78 00 78 00 19 3C 3C 02 41 42 43 44 00 00 00 00 00 00 00 00 00 00 00 00 00 00 00 00 00 00 00 00 00 00 00 00 00 00 00 00 00 00 00 00 00 00 00 00 58 59 5A 41 00 00 00 00 00 00 00 00 00 00 00 00 00 00 00 00 00 00 00 00 00 00 00 00 00 00 00 00 00 00 00 00 00 00 00 00 01 00 00 7F 51 C3 00 00 01 00 00 7F 52 C3 00 00 C0 A8 A7 F4 01 70 17 03 28 02 07 00 00 00 41 00 00 A0 40 66 66 86 40 66 66 66 40 00 00 00 00 FA 00 64 00 50 00 50 00 E8 03 90 01 32 00 00 00 00 03 00 A8 FC 63 92 01 01 4C 4F 43 4F 5F 54 43 41 53 5F 42 52 41 4B 49 4E 47 00 00 00 00 00 00 00 00 00 00 00 00 00 00 00 00 00 00 00 00 00 00 00 82 64 64 96 00 FA 00 0A 00 04 04 04 03 03 04 32 0A 0A 32 0A 0A 46 0A 0A 64 0A 0A FF 00 64 64 00 00 00 01 00 02 00 01 3C 00 05 3C 3C 4B 64 03 02 04 00 00 00 D3 E5 43 BE
@sos_2_1 2026-10-09T10:00:00 9001 02 84 38 0C 00 14 AE 01 00 01 04 66 00 00 00 00 00 00 00 00 00 00 00 00 00 00 00 00 00 00 00 00 00 00 00 00 00
@sos_2_1 2026-10-09T10:00:01 9002 02 6C 3C 0C 00 14 AE 01 00 01 04 66 00 00 00 00 00 00 00 00 00 00 00 00 00 00 00 00 00 00 00 00 00 00 00 01 00 01 00 00 00 05 00 24 27 00 00 01 65 00 58 02 00 00 00 00 00 00 00 00 00
@sos_2_1 2026-10-09T10:00:02 9003 02 54 40 0C 00 14 AE 01 00 01 04 66 00 00 00 00 00 00 00 00 00 00 00 00 00 00 00 00 00 00 00 00 00 00 00 01 00 01 00 00 00 0F 00 24 27 00 00 01 65 00 58 02 00 00 00 00 00 00 00 00 00
@sos_2_1 2026-10-09T10:00:03 9004 02 3C 44 0C 00 14 AE 01 00 01 04 66 00 00 00 00 00 00 00 00 00 00 00 00 00 00 00 00 00 00 00 00 00 00 00 01 00 01 00 00 00 05 00 4C 27 00 00 01 65 00 58 02 00 00 00 00 00 00 00 00 00
@sos_2_1 2026-10-09T10:00:04 9005 02 24 48 0C 00 14 AE 01 00 01 04 66 00 00 00 00 00 00 00 00 00 00 00 00 00 00 00 00 00 00 00 00 00 00 00 01 00 01 00 00 00 0F 00 4C 27 00 00 01 65 00 58 02 00 00 00 00 00 00 00 00 00
@sos_2_1 2026-10-09T10:00:05 9006 02 0C 4C 0C 00 14 AE 01 00 01 04 66 00 00 00 00 00 00 00 00 00 00 00 00 00 00 00 00 00 00 00 00 00 00 00 01 00 01 00 00 00 05 00 74 27 00 00 01 65 00 58 02 00 00 00 00 00 00 00 00 00
@sos_2_1 2026-10-09T10:00:06 9007 02 F4 4F 0C 00 14 AE 01 00 01 04 66 00 00 00 00 00 00 00 00 00 00 00 00 00 00 00 00 00 00 00 00 00 00 00 01 00 01 00 00 00 0F 00 74 27 00 00 01 65 00 58 02 00 00 00 00 00 00 00 00 00
@sos_2_1 2026-10-09T10:00:07 9008 02 DC 53 0C 00 14 AE 01 00 01 04 66 00 00 00 00 00 00 00 00 00 00 00 00 00 00 00 00 00 00 00 00 00 00 00 01 00 01 00 00 00 05 00 9C 27 00 00 01 65 00 58 02 00 00 00 00 00 00 00 00 00
@sos_2_1 2026-10-09T10:00:08 9009 02 C4 57 0C 00 14 AE 01 00 01 04 66 00 00 00 00 00 00 00 00 00 00 00 00 00 00 00 00 00 00 00 00 00 00 00 01 00 01 00 00 00 0F 00 9C 27 00 00 01 65 00 58 02 00 00 00 00 00 00 00 00 00
@sos_2_1 2026-10-09T10:00:09 9010 02 AC 5B 0C 00 14 AE 01 00 01 04 66 00 00 00 02 00 00 00 00 00 00 00 00 00 00 00 00 00 00 00 00 01 00 00 01 00 01 00 00 00 05 00 C4 27 00 00 01 65 00 58 02 00 00 00 00 00 00 00 00 00
@sos_2_1 2026-10-09T10:00:10 9011 02 94 5F 0C 00 14 AE 01 00 01 04 66 00 00 00 02 00 00 00 00 00 00 00 00 00 00 00 00 00 00 00 00 01 00 00 01 00 01 00 00 00 0F 00 C4 27 00 00 01 65 00 58 02 00 00 00 00 00 00 00 00 00
@sos_2_1 2026-10-09T10:00:11 9012 02 7C 63 0C 00 14 AE 01 00 01 04 66 00 00 00 02 00 00 00 00 00 00 00 00 00 00 00 00 00 00 00 00 01 00 00 01 00 01 00 00 00 05 00 EC 27 00 00 01 65 00 58 02 00 00 00 00 00 00 00 00 00
@sos_2_1 2026-10-09T10:00:12 9013 02 64 67 0C 00 14 AE 01 00 01 04 66 00 00 00 02 00 00 00 00 00 00 00 00 00 00 00 00 00 00 00 00 01 00 00 01 00 01 00 00 00 0F 00 EC 27 00 00 01 65 00 58 02 00 00 00 00 00 00 00 00 00
@sos_2_1 2026-10-09T10:00:13 9014 02 4C 6B 0C 00 14 AE 01 00 01 04 66 00 00 00 02 00 00 00 00 00 00 00 00 00 00 00 00 00 00 00 00 01 00 00 01 00 01 00 00 00 05 00 14 28 00 00 01 65 00 58 02 00 00 00 00 00 00 00 00 00
@sos_2_1 2026-10-09T10:00:14 9015 02 34 6F 0C 00 14 AE 01 00 01 04 66 00 00 00 02 00 00 00 00 00 00 00 00 00 00 00 00 00 00 00 00 01 00 00 01 00 01 00 00 00 0F 00 14 28 00 00 01 65 00 58 02 00 00 00 00 00 00 00 00 00
@sos_2_1 2026-10-09T10:00:15 9016 02 1C 73 0C 00 14 AE 01 00 01 04 66 00 00 00 02 00 00 00 00 00 00 00 00 00 00 00 00 00 00 00 00 01 00 00 01 00 01 00 00 00 05 00 3C 28 00 00 01 65 00 58 02 00 00 00 00 00 00 00 00 00
@sos_2_1 2026-10-09T10:00:16 9017 02 04 77 0C 00 14 AE 01 00 01 04 66 00 00 00 02 00 00 00 00 00 00 00 00 00 00 00 00 00 00 00 00 01 00 00 01 00 01 00 00 00 0F 00 3C 28 00 00 01 65 00 58 02 00 00 00 00 00 00 00 00 00
@sos_2_1 2026-10-09T10:00:17 9018 02 EC 7A 0C 00 14 AE 01 00 01 04 66 00 00 00 02 00 00 00 00 00 00 00 00 00 00 00 00 00 00 00 00 01 00 00 01 00 01 00 00 00 05 00 64 28 00 00 01 65 00 58 02 00 00 00 00 00 00 00 00 00
@sos_2_1 2026-10-09T10:00:18 9019 02 D4 7E 0C 00 14 AE 01 00 01 04 66 00 00 00 02 00 00 00 00 00 00 00 00 00 00 00 00 00 00 00 00 01 00 00 01 00 01 00 00 00 0F 00 64 28 00 00 01 65 00 58 02 00 00 00 00 00 00 00 00 00
@sos_2_1 2026-10-09T10:00:19 9020 02 BC 82 0C 00 14 AE 01 00 01 04 66 00 00 00 02 00 00 00 00 00 00 00 00 00 00 00 00 00 00 00 00 01 00 00 01 00 01 00 00 00 05 00 8C 28 00 00 01 65 00 58 02 00 00 00 00 00 00 00 00 00
@sos_2_1 2026-10-09T10:00:20 9021 02 A4 86 0C 00 14 AE 01 00 01 04 66 00 00 00 02 00 00 00 00 00 00 00 00 00 00 00 00 00 00 00 00 01 00 00 01 00 01 00 00 00 0F 00 8C 28 00 00 01 65 00 58 02 00 00 00 00 00 00 00 00 00
@sos_2_1 2026-10-09T10:00:21 9022 02 8C 8A 0C 00 14 AE 01 00 01 04 66 00 00 00 02 00 00 00 00 00 00 00 00 00 00 00 00 00 00 00 00 01 00 00 01 00 01 00 00 00 05 00 B4 28 00 00 01 65 00 58 02 00 00 00 00 00 00 00 00 00
@sos_2_1 2026-10-09T10:00:22 9023 02 74 8E 0C 00 14 AE 01 00 01 04 66 00 00 00 02 00 00 00 00 00 00 00 00 00 00 00 00 00 00 00 00 01 00 00 01 00 01 00 00 00 0F 00 B4 28 00 00 01 65 00 58 02 00 00 00 00 00 00 00 00 00
@sos_2_1 2026-10-09T10:00:23 9024 02 5C 92 0C 00 14 AE 01 00 01 04 66 00 00 00 02 00 00 00 00 00 00 00 00 00 00 00 00 00 00 00 00 01 00 00 01 00 01 00 00 00 05 00 DC 28 00 00 01 65 00 58 02 00 00 00 00 00 00 00 00 00
@sos_2_1 2026-10-09T10:00:24 9025 02 44 96 0C 00 14 AE 01 00 01 04 66 00 00 00 02 00 00 00 00 00 00 00 00 00 00 00 00 00 00 00 00 01 00 00 01 00 01 00 00 00 0F 00 DC 28 00 00 01 65 00 58 02 00 00 00 00 00 00 00 00 00
@sos_2_1 2026-10-09T10:00:25 9026 02 2C 9A 0C 00 14 AE 01 00 01 04 66 00 00 00 02 00 00 00 00 00 00 00 00 00 00 00 00 00 00 00 00 01 00 00 01 00 01 00 00 00 05 00 04 29 00 00 01 65 00 58 02 00 00 00 00 00 00 00 00 00
@sos_2_1 2026-10-09T10:00:26 9027 02 14 9E 0C 00 14 AE 01 00 01 04 66 00 00 00 02 00 00 00 00 00 00 00 00 00 00 00 00 00 00 00 00 01 00 00 01 00 01 00 00 00 0F 00 04 29 00 00 01 65 00 58 02 00 00 00 00 00 00 00 00 00
@sos_2_1 2026-10-09T10:00:27 9028 02 FC A1 0C 00 14 AE 01 00 01 04 66 00 00 00 02 00 00 00 00 00 00 00 00 00 00 00 00 00 00 00 00 01 00 00 01 00 01 00 00 00 05 00 2C 29 00 00 01 65 00 58 02 00 00 00 00 00 00 00 00 00
@sos_2_1 2026-10-09T10:00:28 9029 02 E4 A5 0C 00 14 AE 01 00 01 04 66 00 00 00 02 00 00 00 00 00 00 00 00 00 00 00 00 00 00 00 00 01 00 00 01 00 01 00 00 00 0F 00 2C 29 00 00 01 65 00 58 02 00 00 00 00 00 00 00 00 00
@sos_2_1 2026-10-09T10:00:29 9030 02 CC A9 0C 00 14 AE 01 00 01 04 66 00 00 00 02 00 00 00 00 00 00 00 00 00 00 00 00 00 00 00 00 01 00 00 01 00 01 00 00 00 05 00 54 29 00 00 01 65 00 58 02 00 00 00 00 00 00 00 00 00
@sos_2_1 2026-10-09T10:00:30 9031 02 B4 AD 0C 00 14 AE 01 00 01 04 66 00 00 00 02 00 00 00 00 00 00 00 00 00 00 00 00 00 00 00 00 01 00 00 01 00 01 00 00 00 0F 00 54 29 00 00 01 65 00 58 02 00 00 00 00 00 00 00 00 00
@sos_2_1 2026-10-09T10:00:31 9032 02 9C B1 0C 00 14 AE 01 00 01 04 66 00 00 00 02 00 00 00 00 00 00 00 00 00 00 00 00 00 00 00 00 01 00 00 01 00 01 00 00 00 05 00 7C 29 00 00 01 65 00 58 02 00 00 00 00 00 00 00 00 00
@sos_2_1 2026-10-09T10:00:32 9033 02 84 B5 0C 00 14 AE 01 00 01 04 66 00 00 00 02 00 00 00 00 00 00 00 00 00 00 00 00 00 00 00 00 01 00 00 01 00 01 00 00 00 0F 00 7C 29 00 00 01 65 00 58 02 00 00 00 00 00 00 00 00 00
@sos_2_1 2026-10-09T10:00:33 9034 02 6C B9 0C 00 14 AE 01 00 01 04 66 00 00 00 02 00 00 00 00 00 00 00 00 00 00 00 00 00 00 00 00 01 00 00 01 00 01 00 00 00 05 00 A4 29 00 00 01 65 00 58 02 00 00 00 00 00 00 00 00 00
@sos_2_1 2026-10-09T10:00:34 9035 02 54 BD 0C 00 14 AE 01 00 01 04 66 00 00 00 02 00 00 00 00 00 00 00 00 00 00 00 00 00 00 00 00 01 00 00 01 00 01 00 00 00 0F 00 A4 29 00 00 01 65 00 58 02 00 00 00 00 00 00 00 00 00
@sos_2_1 2026-10-09T10:00:35 9036 02 3C C1 0C 00 14 AE 01 00 01 04 66 00 00 00 02 00 00 00 00 00 00 00 00 00 00 00 00 00 00 00 00 01 00 00 01 00 01 00 00 00 05 00 CC 29 00 00 01 65 00 58 02 00 00 00 00 00 00 00 00 00
@sos_2_1 2026-10-09T10:00:36 9037 02 24 C5 0C 00 14 AE 01 00 01 04 66 00 00 00 02 00 00 00 00 00 00 00 00 00 00 00 00 00 00 00 00 01 00 00 01 00 01 00 00 00 0F 00 CC 29 00 00 01 65 00 58 02 00 00 00 00 00 00 00 00 00
@sos_2_1 2026-10-09T10:00:37 9038 02 0C C9 0C 00 14 AE 01 00 01 04 66 00 00 00 02 00 00 00 00 00 00 00 00 00 00 00 00 00 00 00 00 01 00 00 01 00 01 00 00 00 05 00 F4 29 00 00 01 65 00 58 02 00 00 00 00 00 00 00 00 00
@sos_2_1 2026-10-09T10:00:38 9039 02 F4 CC 0C 00 14 AE 01 00 01 04 66 00 00 00 02 00 00 00 00 00 00 00 00 00 00 00 00 00 00 00 00 01 00 00 01 00 01 00 00 00 0F 00 F4 29 00 00 01 65 00 58 02 00 00 00 00 00 00 00 00 00
@sos_2_1 2026-10-09T10:00:39 9040 02 DC D0 0C 00 14 AE 01 00 01 04 66 00 00 00 02 00 00 00 00 00 00 00 00 00 00 00 00 00 00 00 00 01 00 00 01 00 01 00 00 00 05 00 1C 2A 00 00 01 65 00 58 02 00 00 00 00 00 00 00 00 00
@sos_2_1 2026-10-09T10:00:40 9041 02 C4 D4 0C 00 14 AE 01 00 01 04 66 00 00 00 02 00 00 00 00 00 00 00 00 00 00 00 00 00 00 00 00 01 00 00 01 00 01 00 00 00 0F 00 1C 2A 00 00 01 65 00 58 02 00 00 00 00 00 00 00 00 00
@sos_2_1 2026-10-09T10:00:41 9042 02 AC D8 0C 00 14 AE 01 00 01 04 66 00 00 00 02 00 00 00 00 00 00 00 00 00 00 00 00 00 00 00 00 01 00 00 01 00 01 00 00 00 05 00 44 2A 00 00 01 65 00 58 02 00 00 00 00 00 00 00 00 00
@sos_2_1 2026-10-09T10:00:42 9043 02 94 DC 0C 00 14 AE 01 00 01 04 66 00 00 00 02 00 00 00 00 00 00 00 00 00 00 00 00 00 00 00 00 01 00 00 01 00 01 00 00 00 0F 00 44 2A 00 00 01 65 00 58 02 00 00 00 00 00 00 00 00 00
@sos_2_1 2026-10-09T10:00:43 9044 02 7C E0 0C 00 14 AE 01 00 01 04 66 00 00 00 02 00 00 00 00 00 00 00 00 00 00 00 00 00 00 00 00 01 00 00 01 00 01 00 00 00 05 00 6C 2A 00 00 01 65 00 58 02 00 00 00 00 00 00 00 00 00
@sos_2_1 2026-10-09T10:00:44 9045 02 64 E4 0C 00 14 AE 01 00 01 04 66 00 00 00 02 00 00 00 00 00 00 00 00 00 00 00 00 00 00 00 00 01 00 00 01 00 01 00 00 00 0F 00 6C 2A 00 00 01 65 00 58 02 00 00 00 00 00 00 00 00 00
@sos_2_1 2026-10-09T10:00:45 9046 02 4C E8 0C 00 14 AE 01 00 01 04 66 00 00 00 02 00 00 00 00 00 00 00 00 00 00 00 00 00 00 00 00 01 00 00 01 00 01 00 00 00 05 00 94 2A 00 00 01 65 00 58 02 00 00 00 00 00 00 00 00 00
@sos_2_1 2026-10-09T10:00:46 9047 02 34 EC 0C 00 14 AE 01 00 01 04 66 00 00 00 02 00 00 00 00 00 00 00 00 00 00 00 00 00 00 00 00 01 00 00 01 00 01 00 00 00 0F 00 94 2A 00 00 01 65 00 58 02 00 00 00 00 00 00 00 00 00
@sos_2_1 2026-10-09T10:00:47 9048 02 1C F0 0C 00 14 AE 01 00 01 04 66 00 00 00 02 00 00 00 00 00 00 00 00 00 00 00 00 00 00 00 00 01 00 00 01 00 01 00 00 00 05 00 BC 2A 00 00 01 65 00 58 02 00 00 00 00 00 00 00 00 00
@sos_2_1 2026-10-09T10:00:48 9049 02 04 F4 0C 00 14 AE 01 00 01 04 66 00 00 00 02 00 00 00 00 00 00 00 00 00 00 00 00 00 00 00 00 01 00 00 01 00 01 00 00 00 0F 00 BC 2A 00 00 01 65 00 58 02 00 00 00 00 00 00 00 00 00
@sos_2_1 2026-10-09T10:00:49 9050 02 EC F7 0C 00 14 AE 01 00 01 04 66 00 00 00 02 00 00 00 00 00 00 00 00 00 00 00 00 00 00 00 00 01 00 00 01 00 01 00 00 00 05 00 E4 2A 00 00 01 65 00 58 02 00 00 00 00 00 00 00 00 00
@sos_2_1 2026-10-09T10:00:50 9051 02 D4 FB 0C 00 14 AE 01 00 01 04 66 00 00 00 02 00 00 00 00 00 00 00 00 00 00 00 00 00 00 00 00 01 00 00 01 00 01 00 00 00 0F 00 E4 2A 00 00 01 65 00 58 02 00 00 00 00 00 00 00 00 00
@sos_2_1 2026-10-09T10:00:51 9052 02 BC FF 0C 00 14 AE 01 00 01 04 66 00 00 00 02 00 00 00 00 00 00 00 00 00 00 00 00 00 00 00 00 01 00 00 01 00 01 00 00 00 05 00 0C 2B 00 00 01 65 00 58 02 00 00 00 00 00 00 00 00 00
@sos_2_1 2026-10-09T10:00:52 9053 02 A4 03 0D 00 14 AE 01 00 01 04 66 00 00 00 02 00 00 00 00 00 00 00 00 00 00 00 00 00 00 00 00 01 00 00 01 00 01 00 00 00 0F 00 0C 2B 00 00 01 65 00 58 02 00 00 00 00 00 00 00 00 00
@sos_2_1 2026-10-09T10:00:53 9054 02 8C 07 0D 00 14 AE 01 00 01 04 66 00 00 00 02 00 00 00 00 00 00 00 00 00 00 00 00 00 00 00 00 01 00 00 01 00 01 00 00 00 05 00 34 2B 00 00 01 65 00 58 02 00 00 00 00 00 00 00 00 00
@sos_2_1 2026-10-09T10:00:54 9055 02 74 0B 0D 00 14 AE 01 00 01 04 66 00 00 00 02 00 00 00 00 00 00 00 00 00 00 00 00 00 00 00 00 01 00 00 01 00 01 00 00 00 0F 00 34 2B 00 00 01 65 00 58 02 00 00 00 00 00 00 00 00 00
@sos_2_1 2026-10-09T10:00:55 9056 02 5C 0F 0D 00 14 AE 01 00 01 04 66 00 00 00 02 00 00 00 00 00 00 00 00 00 00 00 00 00 00 00 00 01 00 00 01 00 01 00 00 00 05 00 5C 2B 00 00 01 65 00 58 02 00 00 00 00 00 00 00 00 00
@sos_2_1 2026-10-09T10:00:56 9057 02 44 13 0D 00 14 AE 01 00 01 04 66 00 00 00 02 00 00 00 00 00 00 00 00 00 00 00 00 00 00 00 00 01 00 00 01 00 01 00 00 00 0F 00 5C 2B 00 00 01 65 00 58 02 00 00 00 00 00 00 00 00 00
@sos_2_1 2026-10-09T10:00:57 9058 02 2C 17 0D 00 14 AE 01 00 01 04 66 00 00 00 02 00 00 00 00 00 00 00 00 00 00 00 00 00 00 00 00 01 00 00 01 00 01 00 00 00 05 00 84 2B 00 00 01 65 00 58 02 00 00 00 00 00 00 00 00 00
@sos_2_1 2026-10-09T10:00:58 9059 02 14 1B 0D 00 14 AE 01 00 01 04 66 00 00 00 02 00 00 00 00 00 00 00 00 00 00 00 00 00 00 00 00 01 00 00 01 00 01 00 00 00 0F 00 84 2B 00 00 01 65 00 58 02 00 00 00 00 00 00 00 00 00
@sos_2_1 2026-10-09T10:00:59 9060 02 FC 1E 0D 00 14 AE 01 00 01 04 66 00 00 00 02 00 00 00 00 00 00 00 00 00 00 00 00 00 00 00 00 01 00 00 01 00 01 00 00 00 05 00 AC 2B 00 00 01 65 00 58 02 00 00 00 00 00 00 00 00 00
@sos_2_1 2026-10-09T10:01:00 9061 02 E4 22 0D 00 14 AE 01 00 01 04 66 00 00 00 02 00 00 00 00 00 00 00 00 00 00 00 00 00 00 00 00 01 00 00 01 00 01 00 00 00 0F 00 AC 2B 00 00 01 65 00 58 02 00 00 00 00 00 00 00 00 00
@sos_2_1 2026-10-09T10:01:01 9062 02 CC 26 0D 00 14 AE 01 00 01 04 66 00 00 00 02 00 00 00 00 00 00 00 00 00 00 00 00 00 00 00 00 01 00 00 01 00 01 00 00 00 05 00 D4 2B 00 00 01 65 00 58 02 00 00 00 00 00 00 00 00 00
@sos_2_1 2026-10-09T10:01:02 9063 02 B4 2A 0D 00 14 AE 01 00 01 04 66 00 00 00 02 00 00 00 00 00 00 00 00 00 00 00 00 00 00 00 00 01 00 00 01 00 01 00 00 00 0F 00 D4 2B 00 00 01 65 00 58 02 00 00 00 00 00 00 00 00 00
@sos_2_1 2026-10-09T10:01:03 9064 02 9C 2E 0D 00 14 AE 01 00 01 04 66 00 00 00 02 00 00 00 00 00 00 00 00 00 00 00 00 00 00 00 00 01 00 00 01 00 01 00 00 00 05 00 FC 2B 00 00 01 65 00 58 02 00 00 00 00 00 00 00 00 00
@sos_2_1 2026-10-09T10:01:04 9065 02 84 32 0D 00 14 AE 01 00 01 04 66 00 00 00 02 00 00 00 00 00 00 00 00 00 00 00 00 00 00 00 00 01 00 00 01 00 01 00 00 00 0F 00 FC 2B 00 00 01 65 00 58 02 00 00 00 00 00 00 00 00 00
@sos_2_1 2026-10-09T10:01:05 9066 02 6C 36 0D 00 14 AE 01 00 01 04 66 00 00 00 02 00 00 00 00 00 00 00 00 00 00 00 00 00 00 00 00 01 00 00 01 00 01 00 00 00 05 00 24 2C 00 00 01 65 00 58 02 00 00 00 00 00 00 00 00 00
@sos_2_1 2026-10-09T10:01:06 9067 02 54 3A 0D 00 14 AE 01 00 01 04 66 00 00 00 02 00 00 00 00 00 00 00 00 00 00 00 00 00 00 00 00 01 00 00 01 00 01 00 00 00 0F 00 24 2C 00 00 01 65 00 58 02 00 00 00 00 00 00 00 00 00
@sos_2_1 2026-10-09T10:01:07 9068 02 3C 3E 0D 00 14 AE 01 00 01 04 66 00 00 00 02 00 00 00 00 00 00 00 00 00 00 00 00 00 00 00 00 01 00 00 01 00 01 00 00 00 05 00 4C 2C 00 00 01 65 00 58 02 00 00 00 00 00 00 00 00 00
@sos_2_1 2026-10-09T10:01:08 9069 02 24 42 0D 00 14 AE 01 00 01 04 66 00 00 00 02 00 00 00 00 00 00 00 00 00 00 00 00 00 00 00 00 01 00 00 01 00 01 00 00 00 0F 00 4C 2C 00 00 01 65 00 58 02 00 00 00 00 00 00 00 00 00
@sos_2_1 2026-10-09T10:01:09 9070 02 0C 46 0D 00 14 AE 01 00 01 04 66 00 00 00 02 00 00 00 00 00 00 00 00 00 00 00 00 00 00 00 00 01 00 00 01 00 01 00 00 00 05 00 74 2C 00 00 01 65 00 58 02 00 00 00 00 00 00 00 00 00
@sos_2_1 2026-10-09T10:01:10 9071 02 F4 49 0D 00 14 AE 01 00 01 04 66 00 00 00 02 00 00 00 00 00 00 00 00 00 00 00 00 00 00 00 00 01 00 00 01 00 01 00 00 00 0F 00 74 2C 00 00 01 65 00 58 02 00 00 00 00 00 00 00 00 00
@sos_2_1 2026-10-09T10:01:11 9072 02 DC 4D 0D 00 14 AE 01 00 01 04 66 00 00 00 02 00 00 00 00 00 00 00 00 00 00 00 00 00 00 00 00 01 00 00 01 00 01 00 00 00 05 00 9C 2C 00 00 01 65 00 58 02 00 00 00 00 00 00 00 00 00
@sos_2_1 2026-10-09T10:01:12 9073 02 C4 51 0D 00 14 AE 01 00 01 04 66 00 00 00 02 00 00 00 00 00 00 00 00 00 00 00 00 00 00 00 00 01 00 00 01 00 01 00 00 00 0F 00 9C 2C 00 00 01 65 00 58 02 00 00 00 00 00 00 00 00 00
@sos_2_1 2026-10-09T10:01:13 9074 02 AC 55 0D 00 14 AE 01 00 01 04 66 00 00 00 02 00 00 00 00 00 00 00 00 00 00 00 00 00 00 00 00 01 00 00 01 00 01 00 00 00 05 00 C4 2C 00 00 01 65 00 58 02 00 00 00 00 00 00 00 00 00
@sos_2_1 2026-10-09T10:01:14 9075 02 94 59 0D 00 14 AE 01 00 01 04 66 00 00 00 02 00 00 00 00 00 00 00 00 00 00 00 00 00 00 00 00 01 00 00 01 00 01 00 00 00 0F 00 C4 2C 00 00 01 65 00 58 02 00 00 00 00 00 00 00 00 00
@sos_2_1 2026-10-09T10:01:15 9076 02 7C 5D 0D 00 14 AE 01 00 01 04 66 00 00 00 02 00 00 00 00 00 00 00 00 00 00 00 00 00 00 00 00 01 00 00 01 00 01 00 00 00 05 00 EC 2C 00 00 01 65 00 58 02 00 00 00 00 00 00 00 00 00
@sos_2_1 2026-10-09T10:01:16 9077 02 64 61 0D 00 14 AE 01 00 01 04 66 00 00 00 02 00 00 00 00 00 00 00 00 00 00 00 00 00 00 00 00 01 00 00 01 00 01 00 00 00 0F 00 EC 2C 00 00 01 65 00 58 02 00 00 00 00 00 00 00 00 00
@sos_2_1 2026-10-09T10:01:17 9078 02 4C 65 0D 00 14 AE 01 00 01 04 66 00 00 00 02 00 00 00 00 00 00 00 00 00 00 00 00 00 00 00 00 01 00 00 01 00 01 00 00 00 05 00 14 2D 00 00 01 65 00 58 02 00 00 00 00 00 00 00 00 00
@sos_2_1 2026-10-09T10:01:18 9079 02 34 69 0D 00 14 AE 01 00 01 04 66 00 00 00 02 00 00 00 00 00 00 00 00 00 00 00 00 00 00 00 00 01 00 00 01 00 01 00 00 00 0F 00 14 2D 00 00 01 65 00 58 02 00 00 00 00 00 00 00 00 00
@sos_2_1 2026-10-09T10:01:19 9080 02 1C 6D 0D 00 14 AE 01 00 01 04 66 00 00 00 02 00 00 00 00 00 00 00 00 00 00 00 00 00 00 00 00 01 00 00 01 00 01 00 00 00 05 00 3C 2D 00 00 01 65 00 58 02 00 00 00 00 00 00 00 00 00
@sos_2_1 2026-10-09T10:01:20 9081 02 04 71 0D 00 14 AE 01 00 01 04 66 00 00 00 02 00 00 00 00 00 00 00 00 00 00 00 00 00 00 00 00 01 00 00 01 00 01 00 00 00 0F 00 3C 2D 00 00 01 65 00 58 02 00 00 00 00 00 00 00 00 00
@sos_2_1 2026-10-09T10:01:21 9082 02 EC 74 0D 00 14 AE 01 00 01 04 66 00 00 00 02 00 00 00 00 00 00 00 00 00 00 00 00 00 00 00 00 01 00 00 01 00 01 00 00 00 05 00 64 2D 00 00 01 65 00 58 02 00 00 00 00 00 00 00 00 00
@sos_2_1 2026-10-09T10:01:22 9083 02 D4 78 0D 00 14 AE 01 00 01 04 66 00 00 00 02 00 00 00 00 00 00 00 00 00 00 00 00 00 00 00 00 01 00 00 01 00 01 00 00 00 0F 00 64 2D 00 00 01 65 00 58 02 00 00 00 00 00 00 00 00 00
@sos_2_1 2026-10-09T10:01:23 9084 02 BC 7C 0D 00 14 AE 01 00 01 04 66 00 00 00 02 00 00 00 00 00 00 00 00 00 00 00 00 00 00 00 00 01 00 00 01 00 01 00 00 00 05 00 8C 2D 00 00 01 65 00 58 02 00 00 00 00 00 00 00 00 00
@sos_2_1 2026-10-09T10:01:24 9085 02 A4 80 0D 00 14 AE 01 00 01 04 66 00 00 00 02 00 00 00 00 00 00 00 00 00 00 00 00 00 00 00 00 01 00 00 01 00 01 00 00 00 0F 00 8C 2D 00 00 01 65 00 58 02 00 00 00 00 00 00 00 00 00
@sos_2_1 2026-10-09T10:01:25 9086 02 8C 84 0D 00 14 AE 01 00 01 04 66 00 00 00 02 00 00 00 00 00 00 00 00 00 00 00 00 00 00 00 00 01 00 00 01 00 01 00 00 00 05 00 B4 2D 00 00 01 65 00 58 02 00 00 00 00 00 00 00 00 00
@sos_2_1 2026-10-09T10:01:26 9087 02 74 88 0D 00 14 AE 01 00 01 04 66 00 00 00 02 00 00 00 00 00 00 00 00 00 00 00 00 00 00 00 00 01 00 00 01 00 01 00 00 00 0F 00 B4 2D 00 00 01 65 00 58 02 00 00 00 00 00 00 00 00 00
@sos_2_1 2026-10-09T10:01:27 9088 02 5C 8C 0D 00 14 AE 01 00 01 04 66 00 00 00 02 00 00 00 00 00 00 00 00 00 00 00 00 00 00 00 00 01 00 00 01 00 01 00 00 00 05 00 DC 2D 00 00 01 65 00 58 02 00 00 00 00 00 00 00 00 00
@sos_2_1 2026-10-09T10:01:28 9089 02 44 90 0D 00 14 AE 01 00 01 04 66 00 00 00 02 00 00 00 00 00 00 00 00 00 00 00 00 00 00 00 00 01 00 00 01 00 01 00 00 00 0F 00 DC 2D 00 00 01 65 00 58 02 00 00 00 00 00 00 00 00 00
@sos_2_1 2026-10-09T10:01:29 9090 02 2C 94 0D 00 14 AE 01 00 01 04 66 00 00 00 02 00 00 00 00 00 00 00 00 00 00 00 00 00 00 00 00 01 00 00 01 00 01 00 00 00 05 00 04 2E 00 00 01 65 00 58 02 00 00 00 00 00 00 00 00 00
@sos_2_1 2026-10-09T10:01:30 9091 02 14 98 0D 00 14 AE 01 00 01 04 66 00 00 00 02 00 00 00 00 00 00 00 00 00 00 00 00 00 00 00 00 01 00 00 01 00 01 00 00 00 0F 00 04 2E 00 00 01 65 00 58 02 00 00 00 00 00 00 00 00 00
@sos_2_1 2026-10-09T10:01:31 9092 02 FC 9B 0D 00 14 AE 01 00 01 04 66 00 00 00 02 00 00 00 00 00 00 00 00 00 00 00 00 00 00 00 00 01 00 00 01 00 01 00 00 00 05 00 2C 2E 00 00 01 65 00 58 02 00 00 00 00 00 00 00 00 00
@sos_2_1 2026-10-09T10:01:32 9093 02 E4 9F 0D 00 14 AE 01 00 01 04 66 00 00 00 02 00 00 00 00 00 00 00 00 00 00 00 00 00 00 00 00 01 00 00 01 00 01 00 00 00 0F 00 2C 2E 00 00 01 65 00 58 02 00 00 00 00 00 00 00 00 00
@sos_2_1 2026-10-09T10:01:33 9094 02 CC A3 0D 00 14 AE 01 00 01 04 66 00 00 00 02 00 00 00 00 00 00 00 00 00 00 00 00 00 00 00 00 01 00 00 01 00 01 00 00 00 05 00 54 2E 00 00 01 65 00 58 02 00 00 00 00 00 00 00 00 00
@sos_2_1 2026-10-09T10:01:34 9095 02 B4 A7 0D 00 14 AE 01 00 01 04 66 00 00 00 02 00 00 00 00 00 00 00 00 00 00 00 00 00 00 00 00 01 00 00 01 00 01 00 00 00 0F 00 54 2E 00 00 01 65 00 58 02 00 00 00 00 00 00 00 00 00
@sos_2_1 2026-10-09T10:01:35 9096 02 9C AB 0D 00 14 AE 01 00 01 04 66 00 00 00 02 00 00 00 00 00 00 00 00 00 00 00 00 00 00 00 00 01 00 00 01 00 01 00 00 00 05 00 7C 2E 00 00 01 65 00 58 02 00 00 00 00 00 00 00 00 00
@sos_2_1 2026-10-09T10:01:36 9097 02 84 AF 0D 00 14 AE 01 00 01 04 66 00 00 00 02 00 00 00 00 00 00 00 00 00 00 00 00 00 00 00 00 01 00 00 01 00 01 00 00 00 0F 00 7C 2E 00 00 01 65 00 58 02 00 00 00 00 00 00 00 00 00
@sos_2_1 2026-10-09T10:01:37 9098 02 6C B3 0D 00 14 AE 01 00 01 04 66 00 00 00 02 00 00 00 00 00 00 00 00 00 00 00 00 00 00 00 00 01 00 00 01 00 01 00 00 00 05 00 A4 2E 00 00 01 65 00 58 02 00 00 00 00 00 00 00 00 00
@sos_2_1 2026-10-09T10:01:38 9099 02 54 B7 0D 00 14 AE 01 00 01 04 66 00 00 00 02 00 00 00 00 00 00 00 00 00 00 00 00 00 00 00 00 01 00 00 01 00 01 00 00 00 0F 00 A4 2E 00 00 01 65 00 58 02 00 00 00 00 00 00 00 00 00
@sos_2_1 2026-10-09T10:01:39 9100 02 3C BB 0D 00 14 AE 01 00 01 04 66 00 00 00 02 00 00 00 00 00 00 00 00 00 00 00 00 00 00 00 00 01 00 00 01 00 01 00 00 00 05 00 CC 2E 00 00 01 65 00 58 02 00 00 00 00 00 00 00 00 00
@sos_2_1 2026-10-09T10:01:40 9101 02 24 BF 0D 00 14 AE 01 00 01 04 66 00 00 00 02 00 00 00 00 00 00 00 00 00 00 00 00 00 00 00 00 01 00 00 01 00 01 00 00 00 0F 00 CC 2E 00 00 01 65 00 58 02 00 00 00 00 00 00 00 00 00
@sos_2_1 2026-10-09T10:01:41 9102 02 0C C3 0D 00 14 AE 01 00 01 04 66 00 00 00 02 00 00 00 00 00 00 00 00 00 00 00 00 00 00 00 00 01 00 00 01 00 01 00 00 00 05 00 F4 2E 00 00 01 65 00 58 02 00 00 00 00 00 00 00 00 00
@sos_2_1 2026-10-09T10:01:42 9103 02 F4 C6 0D 00 14 AE 01 00 01 04 66 00 00 00 02 00 00 00 00 00 00 00 00 00 00 00 00 00 00 00 00 01 00 00 01 00 01 00 00 00 0F 00 F4 2E 00 00 01 65 00 58 02 00 00 00 00 00 00 00 00 00
@sos_2_1 2026-10-09T10:01:43 9104 02 DC CA 0D 00 14 AE 01 00 01 04 66 00 00 00 02 00 00 00 00 00 00 00 00 00 00 00 00 00 00 00 00 01 00 00 01 00 01 00 00 00 05 00 1C 2F 00 00 01 65 00 58 02 00 00 00 00 00 00 00 00 00
@sos_2_1 2026-10-09T10:01:44 9105 02 C4 CE 0D 00 14 AE 01 00 01 04 66 00 00 00 02 00 00 00 00 00 00 00 00 00 00 00 00 00 00 00 00 01 00 00 01 00 01 00 00 00 0F 00 1C 2F 00 00 01 65 00 58 02 00 00 00 00 00 00 00 00 00
@sos_2_1 2026-10-09T10:01:45 9106 02 AC D2 0D 00 14 AE 01 00 01 04 66 00 00 00 02 00 00 00 00 00 00 00 00 00 00 00 00 00 00 00 00 01 00 00 01 00 01 00 00 00 05 00 44 2F 00 00 01 65 00 58 02 00 00 00 00 00 00 00 00 00
@sos_2_1 2026-10-09T10:01:46 9107 02 94 D6 0D 00 14 AE 01 00 01 04 66 00 00 00 02 00 00 00 00 00 00 00 00 00 00 00 00 00 00 00 00 01 00 00 01 00 01 00 00 00 0F 00 44 2F 00 00 01 65 00 58 02 00 00 00 00 00 00 00 00 00
@sos_2_1 2026-10-09T10:01:47 9108 02 7C DA 0D 00 14 AE 01 00 01 04 66 00 00 00 02 00 00 00 00 00 00 00 00 00 00 00 00 00 00 00 00 01 00 00 01 00 01 00 00 00 05 00 6C 2F 00 00 01 65 00 58 02 00 00 00 00 00 00 00 00 00
@sos_2_1 2026-10-09T10:01:48 9109 02 64 DE 0D 00 14 AE 01 00 01 04 66 00 00 00 02 00 00 00 00 00 00 00 00 00 00 00 00 00 00 00 00 01 00 00 01 00 01 00 00 00 0F 00 6C 2F 00 00 01 65 00 58 02 00 00 00 00 00 00 00 00 00
@sos_2_1 2026-10-09T10:01:49 9110 02 4C E2 0D 00 14 AE 01 00 01 04 66 00 00 00 02 00 00 00 00 00 00 00 00 00 00 00 00 00 00 00 00 01 00 00 01 00 01 00 00 00 05 00 94 2F 00 00 01 65 00 58 02 00 00 00 00 00 00 00 00 00
@sos_2_1 2026-10-09T10:01:50 9111 02 34 E6 0D 00 14 AE 01 00 01 04 66 00 00 00 02 00 00 00 00 00 00 00 00 00 00 00 00 00 00 00 00 01 00 00 01 00 01 00 00 00 0F 00 94 2F 00 00 01 65 00 58 02 00 00 00 00 00 00 00 00 00
@sos_2_1 2026-10-09T10:01:51 9112 02 1C EA 0D 00 14 AE 01 00 01 04 66 00 00 00 02 00 00 00 00 00 00 00 00 00 00 00 00 00 00 00 00 01 00 00 01 00 01 00 00 00 05 00 BC 2F 00 00 01 65 00 58 02 00 00 00 00 00 00 00 00 00
@sos_2_1 2026-10-09T10:01:52 9113 02 04 EE 0D 00 14 AE 01 00 01 04 66 00 00 00 00 00 00 00 00 00 00 00 00 00 00 00 00 00 00 00 00 00 00 00 01 00 01 00 00 00 0F 00 BC 2F 00 00 01 65 00 58 02 00 00 00 00 00 00 00 00 00
@sos_2_1 2026-10-09T10:01:53 9114 02 EC F1 0D 00 14 AE 01 00 01 04 66 00 00 00 00 00 00 00 00 00 00 00 00 00 00 00 00 00 00 00 00 00 00 00 01 00 01 00 00 00 05 00 E4 2F 00 00 01 65 00 58 02 00 00 00 00 00 00 00 00 00
@sos_2_1 2026-10-09T10:01:54 9115 02 D4 F5 0D 00 14 AE 01 00 01 04 66 00 00 00 00 00 00 00 00 00 00 00 00 00 00 00 00 00 00 00 00 00 00 00 01 00 01 00 00 00 0F 00 E4 2F 00 00 01 65 00 58 02 00 00 00 00 00 00 00 00 00
@sos_2_1 2026-10-09T10:01:55 9116 02 BC F9 0D 00 14 AE 01 00 01 04 66 00 00 00 00 00 00 00 00 00 00 00 00 00 00 00 00 00 00 00 00 00 00 00 01 00 01 00 00 00 05 00 0C 30 00 00 01 65 00 58 02 00 00 00 00 00 00 00 00 00
@sos_2_1 2026-10-09T10:01:56 9117 02 A4 FD 0D 00 14 AE 01 00 01 04 66 00 00 00 00 00 00 00 00 00 00 00 00 00 00 00 00 00 00 00 00 00 00 00 01 00 01 00 00 00 0F 00 0C 30 00 00 01 65 00 58 02 00 00 00 00 00 00 00 00 00
@sos_2_1 2026-10-09T10:01:57 9118 02 8C 01 0E 00 14 AE 01 00 01 04 66 00 00 00 00 00 00 00 00 00 00 00 00 00 00 00 00 00 00 00 00 00 00 00 01 00 01 00 00 00 05 00 34 30 00 00 01 65 00 58 02 00 00 00 00 00 00 00 00 00
@sos_2_1 2026-10-09T10:01:58 9119 02 74 05 0E 00 14 AE 01 00 01 04 66 00 00 00 00 00 00 00 00 00 00 00 00 00 00 00 00 00 00 00 00 00 00 00 01 00 01 00 00 00 0F 00 34 30 00 00 01 65 00 58 02 00 00 00 00 00 00 00 00 00
@sos_2_1 2026-10-09T10:01:59 9120 02 5C 09 0E 00 14 AE 01 00 01 04 66 00 00 00 00 00 00 00 00 00 00 00 00 00 00 00 00 00 00 00 00 00 00 00 01 00 01 00 00 00 05 00 5C 30 00 00 01 65 00 58 02 00 00 00 00 00 00 00 00 00
@sos_2_1 2026-10-09T10:02:00 9121 02 44 0D 0E 00 14 AE 01 00 01 04 66 00 00 00 00 00 00 00 00 00 00 00 00 00 00 00 00 00 00 00 00 00 00 00 01 00 01 00 00 00 0F 00 5C 30 00 00 01 65 00 58 02 00 00 00 00 00 00 00 00 00
@sos_2_1 2026-10-09T10:02:01 9122 02 2C 11 0E 00 14 AE 01 00 01 04 66 00 00 00 00 00 00 00 00 00 00 00 00 00 00 00 00 00 00 00 00 00 00 00 01 00 01 00 00 00 05 00 84 30 00 00 01 65 00 58 02 00 00 00 00 00 00 00 00 00
@sos_2_1 2026-10-09T10:02:02 9123 02 14 15 0E 00 14 AE 01 00 01 04 66 00 00 00 00 00 00 00 00 00 00 00 00 00 00 00 00 00 00 00 00 00 00 00 01 00 01 00 00 00 0F 00 84 30 00 00 01 65 00 58 02 00 00 00 00 00 00 00 00 00
@sos_2_1 2026-10-09T10:02:03 9124 02 FC 18 0E 00 14 AE 01 00 01 04 66 00 00 00 00 00 00 00 00 00 00 00 00 00 00 00 00 00 00 00 00 00 00 00 01 00 01 00 00 00 05 00 AC 30 00 00 01 65 00 58 02 00 00 00 00 00 00 00 00 00
@sos_2_1 2026-10-09T10:02:04 9125 02 E4 1C 0E 00 14 AE 01 00 01 04 66 00 00 00 00 00 00 00 00 00 00 00 00 00 00 00 00 00 00 00 00 00 00 00 01 00 01 00 00 00 0F 00 AC 30 00 00 01 65 00 58 02 00 00 00 00 00 00 00 00 00
@sos_2_1 2026-10-09T10:02:05 9126 02 CC 20 0E 00 14 AE 01 00 01 04 66 00 00 00 00 00 00 00 00 00 00 00 00 00 00 00 00 00 00 00 00 00 00 00 01 00 01 00 00 00 05 00 D4 30 00 00 01 65 00 58 02 00 00 00 00 00 00 00 00 00
@sos_2_1 2026-10-09T10:02:06 9127 02 B4 24 0E 00 14 AE 01 00 01 04 66 00 00 00 00 00 00 00 00 00 00 00 00 00 00 00 00 00 00 00 00 00 00 00 01 00 01 00 00 00 0F 00 D4 30 00 00 01 65 00 58 02 00 00 00 00 00 00 00 00 00
@sos_2_1 2026-10-09T10:02:07 9128 02 9C 28 0E 00 14 AE 01 00 01 04 66 00 00 00 00 00 00 00 00 00 00 00 00 00 00 00 00 00 00 00 00 00 00 00 01 00 01 00 00 00 05 00 FC 30 00 00 01 65 00 58 02 00 00 00 00 00 00 00 00 00
@sos_2_1 2026-10-09T10:02:08 9129 02 84 2C 0E 00 14 AE 01 00 01 04 66 00 00 00 00 00 00 00 00 00 00 00 00 00 00 00 00 00 00 00 00 00 00 00 01 00 01 00 00 00 0F 00 FC 30 00 00 01 65 00 58 02 00 00 00 00 00 00 00 00 00
@sos_2_1 2026-10-09T10:02:09 9130 02 6C 30 0E 00 14 AE 01 00 01 04 66 00 00 00 00 00 00 00 00 00 00 00 00 00 00 00 00 00 00 00 00 00 00 00 01 00 01 00 00 00 05 00 24 31 00 00 01 65 00 58 02 00 00 00 00 00 00 00 00 00
@sos_2_1 2026-10-09T10:02:10 9131 02 54 34 0E 00 14 AE 01 00 01 04 66 00 00 00 00 00 00 00 00 00 00 00 00 00 00 00 00 00 00 00 00 00 00 00 01 00 01 00 00 00 0F 00 24 31 00 00 01 65 00 58 02 00 00 00 00 00 00 00 00 00
