@linfo_2_1 2026-10-09T10:00:00 9000 01 02 01 00 00 00 82 00 B6 03 B6 03 02 16 16 02 05 05 05 02 1E 00 00 00 1E 00 00 01 02 05 08 0A 1E 00 19 0F 05 05 00 00 80 3F 5A 00 05 03 03 06 06 02 04 0A B4 00 78 00 F0 00 B8 0B 0E 05 1E 07 08 5A 0F 02 03 00 05 00 1E 00 78 00 0F 50 00 2C 01 2C 01 B8 0B F4 01 DC 05 0A C8 00 2C 01 32 32 32 1E 2C 01 58 02 B8 0B B8 0B 64 00 F4 01 64 00 0F 05 02 78 00 78 00 19 3C 3C 02 41 42 43 44 00 00 00 00 00 00 00 00 00 00 00 00 00 00 00 00 00 00 00 00 00 00 00 00 00 00 00 00 00 00 00 00 00 00 00 00 58 59 5A 41 00 00 00 00 00 00 00 00 00 00 00 00 00 00 00 00 00 00 00 00 00 00 00 00 00 00 00 00 00 00 00 00 00 00 00 00 01 00 00 7F 51 C3 00 00 01 00 00 7F 52 C3 00 00 C0 A8 A7 F4 01 70 17 03 28 02 07 00 00 00 41 00 00 A0 40 66 66 86 40 66 66 66 40 00 00 00 00 FA 00 64 00 50 00 50 00 E8 03 90 01 32 00 00 00 00 03 00 A8 FC 63 92 01 01 4C 4F 43 4F 5F 54 43 41 53 5F 42 52 41 4B 49 4E 47 00 00 00 00 00 00 00 00 00 00 00 00 00 00 00 00 00 00 00 00 00 00 00 82 64 64 96 00 FA 00 0A 00 04 04 04 03 03 04 32 0A 0A 32 0A 0A 46 0A 0A 64 0A 0A FF 00 64 64 00 00 00 01 00 02 00 01 3C 00 05 3C 3C 4B 64 03 02 04 00 00 00 D3 E5 43 BE
@sos_2_1 2026-10-09T10:00:00 9001 01 00 01 00 00 00 84 38 0C 00 14 AE 01 00 01 04 66 00 C2 01 00 00 00 00 00 00 00 00 00 00 01 01 00 00 00 08 00 00 00 00 00 00 00 00 00 00 00 00 00 00 00 00 00 00 00 00 00 00 00 00 00 00 00 0C 02 00 00 00 00 00 00 00 00 00 00 00 00 00 00 00 00 00 00 00 00 00 00 00 00 00 00 00 00 00 00 00 00 00 00 00 00 00 00 00 00
@sosev_2_1 2026-10-09T10:00:01 9002 01 78 3A 0C 00 01 00 00 00 01 00 00 01 00 00 00 AC 26 00 00 14 AE 01 00 00 00 04
@sos_2_1 2026-10-09T10:00:01 9003 01 00 02 00 00 00 6C 3C 0C 00 14 AE 01 00 01 04 66 00 C2 01 00 00 00 00 00 00 00 00 00 00 01 01 00 00 00 08 01 00 00 00 00 00 00 00 00 00 00 00 00 00 00 00 00 00 00 00 00 00 00 00 00 00 00 0C 02 00 00 00 00 00 00 00 00 00 00 00 00 00 00 00 00 00 00 00 00 00 00 00 00 00 00 00 00 00 00 00 00 00 00 00 00 00 00 00 00
@sossrc_2_1 2026-10-09T10:00:01 9004 01 02 00 00 00 00 01 00 00 00 F4 01 00 00 A2 8C 00 00 00 04 48 00 24 27 00 00 01 6E 00 00 00 24 27 00 00 01 65 00 58 02 AC 26 00 00 00 00 00 00 00 00 00 00 00 00 24 1C
@sos_2_1 2026-10-09T10:00:02 9005 01 00 03 00 00 00 54 40 0C 00 14 AE 01 00 01 04 66 00 C2 01 00 00 00 00 00 00 00 00 00 00 01 01 00 00 00 08 01 00 00 00 00 00 00 00 00 00 00 00 00 00 00 00 00 00 00 00 00 00 00 00 00 00 00 0C 02 00 00 00 00 00 00 00 00 00 00 00 00 00 00 00 00 00 00 00 00 00 00 00 00 00 00 00 00 00 00 00 00 00 00 00 00 00 00 00 00
@sossrc_2_1 2026-10-09T10:00:02 9006 01 03 00 00 00 00 01 00 00 00 DC 05 00 00 A2 8C 00 00 00 04 48 00 24 27 00 00 01 6E 00 00 00 24 27 00 00 01 65 00 58 02 AC 26 00 00 00 00 00 00 00 00 00 00 00 00 24 1C
@sos_2_1 2026-10-09T10:00:03 9007 01 00 04 00 00 00 3C 44 0C 00 14 AE 01 00 01 04 66 00 C2 01 00 00 00 00 00 00 00 00 00 00 01 01 00 00 00 08 01 00 00 00 00 00 00 00 00 00 00 00 00 00 00 00 00 00 00 00 00 00 00 00 00 00 00 0C 02 00 00 00 00 00 00 00 00 00 00 00 00 00 00 00 00 00 00 00 00 00 00 00 00 00 00 00 00 00 00 00 00 00 00 00 00 00 00 00 00
@sossrc_2_1 2026-10-09T10:00:03 9008 01 04 00 00 00 00 01 00 00 00 F4 01 00 00 A4 8C 00 00 00 04 48 00 4C 27 00 00 01 6E 00 00 00 4C 27 00 00 01 65 00 58 02 1C 25 00 00 00 00 00 00 00 00 00 00 00 00 24 1C
@sos_2_1 2026-10-09T10:00:04 9009 01 00 05 00 00 00 24 48 0C 00 14 AE 01 00 01 04 66 00 C2 01 00 00 00 00 00 00 00 00 00 00 01 01 00 00 00 08 01 00 00 00 00 00 00 00 00 00 00 00 00 00 00 00 00 00 00 00 00 00 00 00 00 00 00 0C 02 00 00 00 00 00 00 00 00 00 00 00 00 00 00 00 00 00 00 00 00 00 00 00 00 00 00 00 00 00 00 00 00 00 00 00 00 00 00 00 00
@sossrc_2_1 2026-10-09T10:00:04 9010 01 05 00 00 00 00 01 00 00 00 DC 05 00 00 A4 8C 00 00 00 04 48 00 4C 27 00 00 01 6E 00 00 00 4C 27 00 00 01 65 00 58 02 1C 25 00 00 00 00 00 00 00 00 00 00 00 00 24 1C
@sos_2_1 2026-10-09T10:00:05 9011 01 00 06 00 00 00 0C 4C 0C 00 14 AE 01 00 01 04 66 00 C2 01 00 00 00 00 00 00 00 00 00 00 01 01 00 00 00 08 01 00 00 00 00 00 00 00 00 00 00 00 00 00 00 00 00 00 00 00 00 00 00 00 00 00 00 0C 02 00 00 00 00 00 00 00 00 00 00 00 00 00 00 00 00 00 00 00 00 00 00 00 00 00 00 00 00 00 00 00 00 00 00 00 00 00 00 00 00
@sossrc_2_1 2026-10-09T10:00:05 9012 01 06 00 00 00 00 01 00 00 00 F4 01 00 00 A6 8C 00 00 00 04 48 00 74 27 00 00 01 6E 00 00 00 74 27 00 00 01 65 00 58 02 8C 23 00 00 00 00 00 00 00 00 00 00 00 00 24 1C
@sos_2_1 2026-10-09T10:00:06 9013 01 00 07 00 00 00 F4 4F 0C 00 14 AE 01 00 01 04 66 00 C2 01 00 00 00 00 00 00 00 00 00 00 01 01 00 00 00 08 01 00 00 00 00 00 00 00 00 00 00 00 00 00 00 00 00 00 00 00 00 00 00 00 00 00 00 0C 02 00 00 00 00 00 00 00 00 00 00 00 00 00 00 00 00 00 00 00 00 00 00 00 00 00 00 00 00 00 00 00 00 00 00 00 00 00 00 00 00
@sossrc_2_1 2026-10-09T10:00:06 9014 01 07 00 00 00 00 01 00 00 00 DC 05 00 00 A6 8C 00 00 00 04 48 00 74 27 00 00 01 6E 00 00 00 74 27 00 00 01 65 00 58 02 8C 23 00 00 00 00 00 00 00 00 00 00 00 00 24 1C
@sos_2_1 2026-10-09T10:00:07 9015 01 00 08 00 00 00 DC 53 0C 00 14 AE 01 00 01 04 66 00 C2 01 00 00 00 00 00 00 00 00 00 00 01 01 00 00 00 08 01 00 00 00 00 00 00 00 00 00 00 00 00 00 00 00 00 00 00 00 00 00 00 00 00 00 00 0C 02 00 00 00 00 00 00 00 00 00 00 00 00 00 00 00 00 00 00 00 00 00 00 00 00 00 00 00 00 00 00 00 00 00 00 00 00 00 00 00 00
@sossrc_2_1 2026-10-09T10:00:07 9016 01 08 00 00 00 00 01 00 00 00 F4 01 00 00 A8 8C 00 00 00 04 48 00 9C 27 00 00 01 6E 00 00 00 9C 27 00 00 01 65 00 58 02 FC 21 00 00 00 00 00 00 00 00 00 00 00 00 24 1C
@sos_2_1 2026-10-09T10:00:08 9017 01 00 09 00 00 00 C4 57 0C 00 14 AE 01 00 01 04 66 00 C2 01 00 00 00 00 00 00 00 00 00 00 01 01 00 00 00 08 01 00 00 00 00 00 00 00 00 00 00 00 00 00 00 00 00 00 00 00 00 00 00 00 00 00 00 0C 02 00 00 00 00 00 00 00 00 00 00 00 00 00 00 00 00 00 00 00 00 00 00 00 00 00 00 00 00 00 00 00 00 00 00 00 00 00 00 00 00
@sossrc_2_1 2026-10-09T10:00:08 9018 01 09 00 00 00 00 01 00 00 00 DC 05 00 00 A8 8C 00 00 00 04 48 00 9C 27 00 00 01 6E 00 00 00 9C 27 00 00 01 65 00 58 02 FC 21 00 00 00 00 00 00 00 00 00 00 00 00 24 1C
@sos_2_1 2026-10-09T10:00:09 9019 01 00 0A 00 00 00 AC 5B 0C 00 14 AE 01 00 01 04 66 00 C2 01 00 00 00 00 00 00 00 00 00 00 01 01 02 00 00 08 01 00 00 00 00 00 00 00 00 00 00 00 00 00 00 00 00 00 00 00 00 00 00 00 01 00 00 0C 02 00 00 00 00 00 00 00 00 00 00 00 00 00 00 00 00 00 00 00 00 00 00 00 00 00 00 00 00 00 00 00 00 00 00 00 00 00 00 00 00
@sossrc_2_1 2026-10-09T10:00:09 9020 01 0A 00 00 00 00 01 00 00 00 F4 01 00 00 AA 8C 00 00 00 04 48 00 C4 27 00 00 01 6E 00 00 00 C4 27 00 00 01 65 00 58 02 6C 20 00 00 00 00 00 00 00 00 00 00 00 00 24 1C
@sos_2_1 2026-10-09T10:00:10 9021 01 00 0B 00 00 00 94 5F 0C 00 14 AE 01 00 01 04 66 00 C2 01 00 00 00 00 00 00 00 00 00 00 01 01 02 00 00 08 01 00 00 00 00 00 00 00 00 00 00 00 00 00 00 00 00 00 00 00 00 00 00 00 01 00 00 0C 02 00 00 00 00 00 00 00 00 00 00 00 00 00 00 00 00 00 00 00 00 00 00 00 00 00 00 00 00 00 00 00 00 00 00 00 00 00 00 00 00
@sossrc_2_1 2026-10-09T10:00:10 9022 01 0B 00 00 00 00 01 00 00 00 DC 05 00 00 AA 8C 00 00 00 04 48 00 C4 27 00 00 01 6E 00 00 00 C4 27 00 00 01 65 00 58 02 6C 20 00 00 00 00 00 00 00 00 00 00 00 00 24 1C
@sos_2_1 2026-10-09T10:00:11 9023 01 00 0C 00 00 00 7C 63 0C 00 14 AE 01 00 01 04 66 00 C2 01 00 00 00 00 00 00 00 00 00 00 01 01 02 00 00 08 01 00 00 00 00 00 00 00 00 00 00 00 00 00 00 00 00 00 00 00 00 00 00 00 01 00 00 0C 02 00 00 00 00 00 00 00 00 00 00 00 00 00 00 00 00 00 00 00 00 00 00 00 00 00 00 00 00 00 00 00 00 00 00 00 00 00 00 00 00
@sossrc_2_1 2026-10-09T10:00:11 9024 01 0C 00 00 00 00 01 00 00 00 F4 01 00 00 AC 8C 00 00 00 04 48 00 EC 27 00 00 01 6E 00 00 00 EC 27 00 00 01 65 00 58 02 DC 1E 00 00 00 00 00 00 00 00 00 00 00 00 24 1C
@sos_2_1 2026-10-09T10:00:12 9025 01 00 0D 00 00 00 64 67 0C 00 14 AE 01 00 01 04 66 00 C2 01 00 00 00 00 00 00 00 00 00 00 01 01 02 00 00 08 01 00 00 00 00 00 00 00 00 00 00 00 00 00 00 00 00 00 00 00 00 00 00 00 01 00 00 0C 02 00 00 00 00 00 00 00 00 00 00 00 00 00 00 00 00 00 00 00 00 00 00 00 00 00 00 00 00 00 00 00 00 00 00 00 00 00 00 00 00
@sossrc_2_1 2026-10-09T10:00:12 9026 01 0D 00 00 00 00 01 00 00 00 DC 05 00 00 AC 8C 00 00 00 04 48 00 EC 27 00 00 01 6E 00 00 00 EC 27 00 00 01 65 00 58 02 DC 1E 00 00 00 00 00 00 00 00 00 00 00 00 24 1C
@sos_2_1 2026-10-09T10:00:13 9027 01 00 0E 00 00 00 4C 6B 0C 00 14 AE 01 00 01 04 66 00 C2 01 00 00 00 00 00 00 00 00 00 00 01 01 02 00 00 08 01 00 00 00 00 00 00 00 00 00 00 00 00 00 00 00 00 00 00 00 00 00 00 00 01 00 00 0C 02 00 00 00 00 00 00 00 00 00 00 00 00 00 00 00 00 00 00 00 00 00 00 00 00 00 00 00 00 00 00 00 00 00 00 00 00 00 00 00 00
@sossrc_2_1 2026-10-09T10:00:13 9028 01 0E 00 00 00 00 01 00 00 00 F4 01 00 00 AE 8C 00 00 00 04 48 00 14 28 00 00 01 6E 00 00 00 14 28 00 00 01 65 00 58 02 4C 1D 00 00 00 00 00 00 00 00 00 00 00 00 24 1C
@sos_2_1 2026-10-09T10:00:14 9029 01 00 0F 00 00 00 34 6F 0C 00 14 AE 01 00 01 04 66 00 C2 01 00 00 00 00 00 00 00 00 00 00 01 01 02 00 00 08 01 00 00 00 00 00 00 00 00 00 00 00 00 00 00 00 00 00 00 00 00 00 00 00 01 00 00 0C 02 00 00 00 00 00 00 00 00 00 00 00 00 00 00 00 00 00 00 00 00 00 00 00 00 00 00 00 00 00 00 00 00 00 00 00 00 00 00 00 00
@sossrc_2_1 2026-10-09T10:00:14 9030 01 0F 00 00 00 00 01 00 00 00 DC 05 00 00 AE 8C 00 00 00 04 48 00 14 28 00 00 01 6E 00 00 00 14 28 00 00 01 65 00 58 02 4C 1D 00 00 00 00 00 00 00 00 00 00 00 00 24 1C
@sos_2_1 2026-10-09T10:00:15 9031 01 00 10 00 00 00 1C 73 0C 00 14 AE 01 00 01 04 66 00 C2 01 00 00 00 00 00 00 00 00 00 00 01 01 02 00 00 08 01 00 00 00 00 00 00 00 00 00 00 00 00 00 00 00 00 00 00 00 00 00 00 00 01 00 00 0C 02 00 00 00 00 00 00 00 00 00 00 00 00 00 00 00 00 00 00 00 00 00 00 00 00 00 00 00 00 00 00 00 00 00 00 00 00 00 00 00 00
@sossrc_2_1 2026-10-09T10:00:15 9032 01 10 00 00 00 00 01 00 00 00 F4 01 00 00 B0 8C 00 00 00 04 48 00 3C 28 00 00 01 6E 00 00 00 3C 28 00 00 01 65 00 58 02 BC 1B 00 00 00 00 00 00 00 00 00 00 00 00 24 1C
@sos_2_1 2026-10-09T10:00:16 9033 01 00 11 00 00 00 04 77 0C 00 14 AE 01 00 01 04 66 00 C2 01 00 00 00 00 00 00 00 00 00 00 01 01 02 00 00 08 01 00 00 00 00 00 00 00 00 00 00 00 00 00 00 00 00 00 00 00 00 00 00 00 01 00 00 0C 02 00 00 00 00 00 00 00 00 00 00 00 00 00 00 00 00 00 00 00 00 00 00 00 00 00 00 00 00 00 00 00 00 00 00 00 00 00 00 00 00
@sossrc_2_1 2026-10-09T10:00:16 9034 01 11 00 00 00 00 01 00 00 00 DC 05 00 00 B0 8C 00 00 00 04 48 00 3C 28 00 00 01 6E 00 00 00 3C 28 00 00 01 65 00 58 02 BC 1B 00 00 00 00 00 00 00 00 00 00 00 00 24 1C
@sos_2_1 2026-10-09T10:00:17 9035 01 00 12 00 00 00 EC 7A 0C 00 14 AE 01 00 01 04 66 00 C2 01 00 00 00 00 00 00 00 00 00 00 01 01 02 00 00 08 01 00 00 00 00 00 00 00 00 00 00 00 00 00 00 00 00 00 00 00 00 00 00 00 01 00 00 0C 02 00 00 00 00 00 00 00 00 00 00 00 00 00 00 00 00 00 00 00 00 00 00 00 00 00 00 00 00 00 00 00 00 00 00 00 00 00 00 00 00
@sossrc_2_1 2026-10-09T10:00:17 9036 01 12 00 00 00 00 01 00 00 00 F4 01 00 00 B2 8C 00 00 00 04 48 00 64 28 00 00 01 6E 00 00 00 64 28 00 00 01 65 00 58 02 2C 1A 00 00 00 00 00 00 00 00 00 00 00 00 24 1C
@sos_2_1 2026-10-09T10:00:18 9037 01 00 13 00 00 00 D4 7E 0C 00 14 AE 01 00 01 04 66 00 C2 01 00 00 00 00 00 00 00 00 00 00 01 01 02 00 00 08 01 00 00 00 00 00 00 00 00 00 00 00 00 00 00 00 00 00 00 00 00 00 00 00 01 00 00 0C 02 00 00 00 00 00 00 00 00 00 00 00 00 00 00 00 00 00 00 00 00 00 00 00 00 00 00 00 00 00 00 00 00 00 00 00 00 00 00 00 00
@sossrc_2_1 2026-10-09T10:00:18 9038 01 13 00 00 00 00 01 00 00 00 DC 05 00 00 B2 8C 00 00 00 04 48 00 64 28 00 00 01 6E 00 00 00 64 28 00 00 01 65 00 58 02 2C 1A 00 00 00 00 00 00 00 00 00 00 00 00 24 1C
@sos_2_1 2026-10-09T10:00:19 9039 01 00 14 00 00 00 BC 82 0C 00 14 AE 01 00 01 04 66 00 C2 01 00 00 00 00 00 00 00 00 00 00 01 01 02 00 00 08 01 00 00 00 00 00 00 00 00 00 00 00 00 00 00 00 00 00 00 00 00 00 00 00 01 00 00 0C 02 00 00 00 00 00 00 00 00 00 00 00 00 00 00 00 00 00 00 00 00 00 00 00 00 00 00 00 00 00 00 00 00 00 00 00 00 00 00 00 00
@sossrc_2_1 2026-10-09T10:00:19 9040 01 14 00 00 00 00 01 00 00 00 F4 01 00 00 B4 8C 00 00 00 04 48 00 8C 28 00 00 01 6E 00 00 00 8C 28 00 00 01 65 00 58 02 9C 18 00 00 00 00 00 00 00 00 00 00 00 00 24 1C
@sos_2_1 2026-10-09T10:00:20 9041 01 00 15 00 00 00 A4 86 0C 00 14 AE 01 00 01 04 66 00 C2 01 00 00 00 00 00 00 00 00 00 00 01 01 02 00 00 08 01 00 00 00 00 00 00 00 00 00 00 00 00 00 00 00 00 00 00 00 00 00 00 00 01 00 00 0C 02 00 00 00 00 00 00 00 00 00 00 00 00 00 00 00 00 00 00 00 00 00 00 00 00 00 00 00 00 00 00 00 00 00 00 00 00 00 00 00 00
@sossrc_2_1 2026-10-09T10:00:20 9042 01 15 00 00 00 00 01 00 00 00 DC 05 00 00 B4 8C 00 00 00 04 48 00 8C 28 00 00 01 6E 00 00 00 8C 28 00 00 01 65 00 58 02 9C 18 00 00 00 00 00 00 00 00 00 00 00 00 24 1C
@sos_2_1 2026-10-09T10:00:21 9043 01 00 16 00 00 00 8C 8A 0C 00 14 AE 01 00 01 04 66 00 C2 01 00 00 00 00 00 00 00 00 00 00 01 01 02 00 00 08 01 00 00 00 00 00 00 00 00 00 00 00 00 00 00 00 00 00 00 00 00 00 00 00 01 00 00 0C 02 00 00 00 00 00 00 00 00 00 00 00 00 00 00 00 00 00 00 00 00 00 00 00 00 00 00 00 00 00 00 00 00 00 00 00 00 00 00 00 00
@sossrc_2_1 2026-10-09T10:00:21 9044 01 16 00 00 00 00 01 00 00 00 F4 01 00 00 B6 8C 00 00 00 04 48 00 B4 28 00 00 01 6E 00 00 00 B4 28 00 00 01 65 00 58 02 0C 17 00 00 00 00 00 00 00 00 00 00 00 00 24 1C
@sos_2_1 2026-10-09T10:00:22 9045 01 00 17 00 00 00 74 8E 0C 00 14 AE 01 00 01 04 66 00 C2 01 00 00 00 00 00 00 00 00 00 00 01 01 02 00 00 08 01 00 00 00 00 00 00 00 00 00 00 00 00 00 00 00 00 00 00 00 00 00 00 00 01 00 00 0C 02 00 00 00 00 00 00 00 00 00 00 00 00 00 00 00 00 00 00 00 00 00 00 00 00 00 00 00 00 00 00 00 00 00 00 00 00 00 00 00 00
@sossrc_2_1 2026-10-09T10:00:22 9046 01 17 00 00 00 00 01 00 00 00 DC 05 00 00 B6 8C 00 00 00 04 48 00 B4 28 00 00 01 6E 00 00 00 B4 28 00 00 01 65 00 58 02 0C 17 00 00 00 00 00 00 00 00 00 00 00 00 24 1C
@sos_2_1 2026-10-09T10:00:23 9047 01 00 18 00 00 00 5C 92 0C 00 14 AE 01 00 01 04 66 00 C2 01 00 00 00 00 00 00 00 00 00 00 01 01 02 00 00 08 01 00 00 00 00 00 00 00 00 00 00 00 00 00 00 00 00 00 00 00 00 00 00 00 01 00 00 0C 02 00 00 00 00 00 00 00 00 00 00 00 00 00 00 00 00 00 00 00 00 00 00 00 00 00 00 00 00 00 00 00 00 00 00 00 00 00 00 00 00
@sossrc_2_1 2026-10-09T10:00:23 9048 01 18 00 00 00 00 01 00 00 00 F4 01 00 00 B8 8C 00 00 00 04 48 00 DC 28 00 00 01 6E 00 00 00 DC 28 00 00 01 65 00 58 02 7C 15 00 00 00 00 00 00 00 00 00 00 00 00 24 1C
@sos_2_1 2026-10-09T10:00:24 9049 01 00 19 00 00 00 44 96 0C 00 14 AE 01 00 01 04 66 00 C2 01 00 00 00 00 00 00 00 00 00 00 01 01 02 00 00 08 01 00 00 00 00 00 00 00 00 00 00 00 00 00 00 00 00 00 00 00 00 00 00 00 01 00 00 0C 02 00 00 00 00 00 00 00 00 00 00 00 00 00 00 00 00 00 00 00 00 00 00 00 00 00 00 00 00 00 00 00 00 00 00 00 00 00 00 00 00
@sossrc_2_1 2026-10-09T10:00:24 9050 01 19 00 00 00 00 01 00 00 00 DC 05 00 00 B8 8C 00 00 00 04 48 00 DC 28 00 00 01 6E 00 00 00 DC 28 00 00 01 65 00 58 02 7C 15 00 00 00 00 00 00 00 00 00 00 00 00 24 1C
@sos_2_1 2026-10-09T10:00:25 9051 01 00 1A 00 00 00 2C 9A 0C 00 14 AE 01 00 01 04 66 00 C2 01 00 00 00 00 00 00 00 00 00 00 01 01 02 00 00 08 01 00 00 00 00 00 00 00 00 00 00 00 00 00 00 00 00 00 00 00 00 00 00 00 01 00 00 0C 02 00 00 00 00 00 00 00 00 00 00 00 00 00 00 00 00 00 00 00 00 00 00 00 00 00 00 00 00 00 00 00 00 00 00 00 00 00 00 00 00
@sossrc_2_1 2026-10-09T10:00:25 9052 01 1A 00 00 00 00 01 00 00 00 F4 01 00 00 BA 8C 00 00 00 04 48 00 04 29 00 00 01 6E 00 00 00 04 29 00 00 01 65 00 58 02 EC 13 00 00 00 00 00 00 00 00 00 00 00 00 24 1C
@sos_2_1 2026-10-09T10:00:26 9053 01 00 1B 00 00 00 14 9E 0C 00 14 AE 01 00 01 04 66 00 C2 01 00 00 00 00 00 00 00 00 00 00 01 01 02 00 00 08 01 00 00 00 00 00 00 00 00 00 00 00 00 00 00 00 00 00 00 00 00 00 00 00 01 00 00 0C 02 00 00 00 00 00 00 00 00 00 00 00 00 00 00 00 00 00 00 00 00 00 00 00 00 00 00 00 00 00 00 00 00 00 00 00 00 00 00 00 00
@sossrc_2_1 2026-10-09T10:00:26 9054 01 1B 00 00 00 00 01 00 00 00 DC 05 00 00 BA 8C 00 00 00 04 48 00 04 29 00 00 01 6E 00 00 00 04 29 00 00 01 65 00 58 02 EC 13 00 00 00 00 00 00 00 00 00 00 00 00 24 1C
@sos_2_1 2026-10-09T10:00:27 9055 01 00 1C 00 00 00 FC A1 0C 00 14 AE 01 00 01 04 66 00 C2 01 00 00 00 00 00 00 00 00 00 00 01 01 02 00 00 08 01 00 00 00 00 00 00 00 00 00 00 00 00 00 00 00 00 00 00 00 00 00 00 00 01 00 00 0C 02 00 00 00 00 00 00 00 00 00 00 00 00 00 00 00 00 00 00 00 00 00 00 00 00 00 00 00 00 00 00 00 00 00 00 00 00 00 00 00 00
@sossrc_2_1 2026-10-09T10:00:27 9056 01 1C 00 00 00 00 01 00 00 00 F4 01 00 00 BC 8C 00 00 00 04 48 00 2C 29 00 00 01 6E 00 00 00 2C 29 00 00 01 65 00 58 02 5C 12 00 00 00 00 00 00 00 00 00 00 00 00 24 1C
@sos_2_1 2026-10-09T10:00:28 9057 01 00 1D 00 00 00 E4 A5 0C 00 14 AE 01 00 01 04 66 00 C2 01 00 00 00 00 00 00 00 00 00 00 01 01 02 00 00 08 01 00 00 00 00 00 00 00 00 00 00 00 00 00 00 00 00 00 00 00 00 00 00 00 01 00 00 0C 02 00 00 00 00 00 00 00 00 00 00 00 00 00 00 00 00 00 00 00 00 00 00 00 00 00 00 00 00 00 00 00 00 00 00 00 00 00 00 00 00
@sossrc_2_1 2026-10-09T10:00:28 9058 01 1D 00 00 00 00 01 00 00 00 DC 05 00 00 BC 8C 00 00 00 04 48 00 2C 29 00 00 01 6E 00 00 00 2C 29 00 00 01 65 00 58 02 5C 12 00 00 00 00 00 00 00 00 00 00 00 00 24 1C
@sos_2_1 2026-10-09T10:00:29 9059 01 00 1E 00 00 00 CC A9 0C 00 14 AE 01 00 01 04 66 00 C2 01 00 00 00 00 00 00 00 00 00 00 01 01 02 00 00 08 01 00 00 00 00 00 00 00 00 00 00 00 00 00 00 00 00 00 00 00 00 00 00 00 01 00 00 0C 02 00 00 00 00 00 00 00 00 00 00 00 00 00 00 00 00 00 00 00 00 00 00 00 00 00 00 00 00 00 00 00 00 00 00 00 00 00 00 00 00
@sossrc_2_1 2026-10-09T10:00:29 9060 01 1E 00 00 00 00 01 00 00 00 F4 01 00 00 BE 8C 00 00 00 04 48 00 54 29 00 00 01 6E 00 00 00 54 29 00 00 01 65 00 58 02 CC 10 00 00 00 00 00 00 00 00 00 00 00 00 24 1C
@sos_2_1 2026-10-09T10:00:30 9061 01 00 1F 00 00 00 B4 AD 0C 00 14 AE 01 00 01 04 66 00 C2 01 00 00 00 00 00 00 00 00 00 00 01 01 02 00 00 08 01 00 00 00 00 00 00 00 00 00 00 00 00 00 00 00 00 00 00 00 00 00 00 00 01 00 00 0C 02 00 00 00 00 00 00 00 00 00 00 00 00 00 00 00 00 00 00 00 00 00 00 00 00 00 00 00 00 00 00 00 00 00 00 00 00 00 00 00 00
@sossrc_2_1 2026-10-09T10:00:30 9062 01 1F 00 00 00 00 01 00 00 00 DC 05 00 00 BE 8C 00 00 00 04 48 00 54 29 00 00 01 6E 00 00 00 54 29 00 00 01 65 00 58 02 CC 10 00 00 00 00 00 00 00 00 00 00 00 00 24 1C
@sos_2_1 2026-10-09T10:00:31 9063 01 00 20 00 00 00 9C B1 0C 00 14 AE 01 00 01 04 66 00 C2 01 00 00 00 00 00 00 00 00 00 00 01 01 02 00 00 08 01 00 00 00 00 00 00 00 00 00 00 00 00 00 00 00 00 00 00 00 00 00 00 00 01 00 00 0C 02 00 00 00 00 00 00 00 00 00 00 00 00 00 00 00 00 00 00 00 00 00 00 00 00 00 00 00 00 00 00 00 00 00 00 00 00 00 00 00 00
@sossrc_2_1 2026-10-09T10:00:31 9064 01 20 00 00 00 00 01 00 00 00 F4 01 00 00 C0 8C 00 00 00 04 48 00 7C 29 00 00 01 6E 00 00 00 7C 29 00 00 01 65 00 58 02 3C 0F 00 00 00 00 00 00 00 00 00 00 00 00 24 1C
@sos_2_1 2026-10-09T10:00:32 9065 01 00 21 00 00 00 84 B5 0C 00 14 AE 01 00 01 04 66 00 C2 01 00 00 00 00 00 00 00 00 00 00 01 01 02 00 00 08 01 00 00 00 00 00 00 00 00 00 00 00 00 00 00 00 00 00 00 00 00 00 00 00 01 00 00 0C 02 00 00 00 00 00 00 00 00 00 00 00 00 00 00 00 00 00 00 00 00 00 00 00 00 00 00 00 00 00 00 00 00 00 00 00 00 00 00 00 00
@sossrc_2_1 2026-10-09T10:00:32 9066 01 21 00 00 00 00 01 00 00 00 DC 05 00 00 C0 8C 00 00 00 04 48 00 7C 29 00 00 01 6E 00 00 00 7C 29 00 00 01 65 00 58 02 3C 0F 00 00 00 00 00 00 00 00 00 00 00 00 24 1C
@sos_2_1 2026-10-09T10:00:33 9067 01 00 22 00 00 00 6C B9 0C 00 14 AE 01 00 01 04 66 00 C2 01 00 00 00 00 00 00 00 00 00 00 01 01 02 00 00 08 01 00 00 00 00 00 00 00 00 00 00 00 00 00 00 00 00 00 00 00 00 00 00 00 01 00 00 0C 02 00 00 00 00 00 00 00 00 00 00 00 00 00 00 00 00 00 00 00 00 00 00 00 00 00 00 00 00 00 00 00 00 00 00 00 00 00 00 00 00
@sossrc_2_1 2026-10-09T10:00:33 9068 01 22 00 00 00 00 01 00 00 00 F4 01 00 00 C2 8C 00 00 00 04 48 00 A4 29 00 00 01 6E 00 00 00 A4 29 00 00 01 65 00 58 02 AC 0D 00 00 00 00 00 00 00 00 00 00 00 00 24 1C
@sos_2_1 2026-10-09T10:00:34 9069 01 00 23 00 00 00 54 BD 0C 00 14 AE 01 00 01 04 66 00 C2 01 00 00 00 00 00 00 00 00 00 00 01 01 02 00 00 08 01 00 00 00 00 00 00 00 00 00 00 00 00 00 00 00 00 00 00 00 00 00 00 00 01 00 00 0C 02 00 00 00 00 00 00 00 00 00 00 00 00 00 00 00 00 00 00 00 00 00 00 00 00 00 00 00 00 00 00 00 00 00 00 00 00 00 00 00 00
@sossrc_2_1 2026-10-09T10:00:34 9070 01 23 00 00 00 00 01 00 00 00 DC 05 00 00 C2 8C 00 00 00 04 48 00 A4 29 00 00 01 6E 00 00 00 A4 29 00 00 01 65 00 58 02 AC 0D 00 00 00 00 00 00 00 00 00 00 00 00 24 1C
@sos_2_1 2026-10-09T10:00:35 9071 01 00 24 00 00 00 3C C1 0C 00 14 AE 01 00 01 04 66 00 C2 01 00 00 00 00 00 00 00 00 00 00 01 01 02 00 00 08 01 00 00 00 00 00 00 00 00 00 00 00 00 00 00 00 00 00 00 00 00 00 00 00 01 00 00 0C 02 00 00 00 00 00 00 00 00 00 00 00 00 00 00 00 00 00 00 00 00 00 00 00 00 00 00 00 00 00 00 00 00 00 00 00 00 00 00 00 00
@sossrc_2_1 2026-10-09T10:00:35 9072 01 24 00 00 00 00 01 00 00 00 F4 01 00 00 C4 8C 00 00 00 04 48 00 CC 29 00 00 01 6E 00 00 00 CC 29 00 00 01 65 00 58 02 1C 0C 00 00 00 00 00 00 00 00 00 00 00 00 24 1C
@sos_2_1 2026-10-09T10:00:36 9073 01 00 25 00 00 00 24 C5 0C 00 14 AE 01 00 01 04 66 00 C2 01 00 00 00 00 00 00 00 00 00 00 01 01 02 00 00 08 01 00 00 00 00 00 00 00 00 00 00 00 00 00 00 00 00 00 00 00 00 00 00 00 01 00 00 0C 02 00 00 00 00 00 00 00 00 00 00 00 00 00 00 00 00 00 00 00 00 00 00 00 00 00 00 00 00 00 00 00 00 00 00 00 00 00 00 00 00
@sossrc_2_1 2026-10-09T10:00:36 9074 01 25 00 00 00 00 01 00 00 00 DC 05 00 00 C4 8C 00 00 00 04 48 00 CC 29 00 00 01 6E 00 00 00 CC 29 00 00 01 65 00 58 02 1C 0C 00 00 00 00 00 00 00 00 00 00 00 00 24 1C
@sos_2_1 2026-10-09T10:00:37 9075 01 00 26 00 00 00 0C C9 0C 00 14 AE 01 00 01 04 66 00 C2 01 00 00 00 00 00 00 00 00 00 00 01 01 02 00 00 08 01 00 00 00 00 00 00 00 00 00 00 00 00 00 00 00 00 00 00 00 00 00 00 00 01 00 00 0C 02 00 00 00 00 00 00 00 00 00 00 00 00 00 00 00 00 00 00 00 00 00 00 00 00 00 00 00 00 00 00 00 00 00 00 00 00 00 00 00 00
@sossrc_2_1 2026-10-09T10:00:37 9076 01 26 00 00 00 00 01 00 00 00 F4 01 00 00 C6 8C 00 00 00 04 48 00 F4 29 00 00 01 6E 00 00 00 F4 29 00 00 01 65 00 58 02 8C 0A 00 00 00 00 00 00 00 00 00 00 00 00 24 1C
@sos_2_1 2026-10-09T10:00:38 9077 01 00 27 00 00 00 F4 CC 0C 00 14 AE 01 00 01 04 66 00 C2 01 00 00 00 00 00 00 00 00 00 00 01 01 02 00 00 08 01 00 00 00 00 00 00 00 00 00 00 00 00 00 00 00 00 00 00 00 00 00 00 00 01 00 00 0C 02 00 00 00 00 00 00 00 00 00 00 00 00 00 00 00 00 00 00 00 00 00 00 00 00 00 00 00 00 00 00 00 00 00 00 00 00 00 00 00 00
@sossrc_2_1 2026-10-09T10:00:38 9078 01 27 00 00 00 00 01 00 00 00 DC 05 00 00 C6 8C 00 00 00 04 48 00 F4 29 00 00 01 6E 00 00 00 F4 29 00 00 01 65 00 58 02 8C 0A 00 00 00 00 00 00 00 00 00 00 00 00 24 1C
@sos_2_1 2026-10-09T10:00:39 9079 01 00 28 00 00 00 DC D0 0C 00 14 AE 01 00 01 04 66 00 C2 01 00 00 00 00 00 00 00 00 00 00 01 01 02 00 00 08 01 00 00 00 00 00 00 00 00 00 00 00 00 00 00 00 00 00 00 00 00 00 00 00 01 00 00 0C 02 00 00 00 00 00 00 00 00 00 00 00 00 00 00 00 00 00 00 00 00 00 00 00 00 00 00 00 00 00 00 00 00 00 00 00 00 00 00 00 00
@sossrc_2_1 2026-10-09T10:00:39 9080 01 28 00 00 00 00 01 00 00 00 F4 01 00 00 C8 8C 00 00 00 04 48 00 1C 2A 00 00 01 6E 00 00 00 1C 2A 00 00 01 65 00 58 02 FC 08 00 00 00 00 00 00 00 00 00 00 00 00 24 1C
@sos_2_1 2026-10-09T10:00:40 9081 01 00 29 00 00 00 C4 D4 0C 00 14 AE 01 00 01 04 66 00 C2 01 00 00 00 00 00 00 00 00 00 00 01 01 02 00 00 08 01 00 00 00 00 00 00 00 00 00 00 00 00 00 00 00 00 00 00 00 00 00 00 00 01 00 00 0C 02 00 00 00 00 00 00 00 00 00 00 00 00 00 00 00 00 00 00 00 00 00 00 00 00 00 00 00 00 00 00 00 00 00 00 00 00 00 00 00 00
@sossrc_2_1 2026-10-09T10:00:40 9082 01 29 00 00 00 00 01 00 00 00 DC 05 00 00 C8 8C 00 00 00 04 48 00 1C 2A 00 00 01 6E 00 00 00 1C 2A 00 00 01 65 00 58 02 FC 08 00 00 00 00 00 00 00 00 00 00 00 00 24 1C
@sos_2_1 2026-10-09T10:00:41 9083 01 00 2A 00 00 00 AC D8 0C 00 14 AE 01 00 01 04 66 00 C2 01 00 00 00 00 00 00 00 00 00 00 01 01 02 00 00 08 01 00 00 00 00 00 00 00 00 00 00 00 00 00 00 00 00 00 00 00 00 00 00 00 01 00 00 0C 02 00 00 00 00 00 00 00 00 00 00 00 00 00 00 00 00 00 00 00 00 00 00 00 00 00 00 00 00 00 00 00 00 00 00 00 00 00 00 00 00
@sossrc_2_1 2026-10-09T10:00:41 9084 01 2A 00 00 00 00 01 00 00 00 F4 01 00 00 CA 8C 00 00 00 04 48 00 44 2A 00 00 01 6E 00 00 00 44 2A 00 00 01 65 00 58 02 6C 07 00 00 00 00 00 00 00 00 00 00 00 00 24 1C
@sos_2_1 2026-10-09T10:00:42 9085 01 00 2B 00 00 00 94 DC 0C 00 14 AE 01 00 01 04 66 00 C2 01 00 00 00 00 00 00 00 00 00 00 01 01 02 00 00 08 01 00 00 00 00 00 00 00 00 00 00 00 00 00 00 00 00 00 00 00 00 00 00 00 01 00 00 0C 02 00 00 00 00 00 00 00 00 00 00 00 00 00 00 00 00 00 00 00 00 00 00 00 00 00 00 00 00 00 00 00 00 00 00 00 00 00 00 00 00
@sossrc_2_1 2026-10-09T10:00:42 9086 01 2B 00 00 00 00 01 00 00 00 DC 05 00 00 CA 8C 00 00 00 04 48 00 44 2A 00 00 01 6E 00 00 00 44 2A 00 00 01 65 00 58 02 6C 07 00 00 00 00 00 00 00 00 00 00 00 00 24 1C
@sos_2_1 2026-10-09T10:00:43 9087 01 00 2C 00 00 00 7C E0 0C 00 14 AE 01 00 01 04 66 00 C2 01 00 00 00 00 00 00 00 00 00 00 01 01 02 00 00 08 01 00 00 00 00 00 00 00 00 00 00 00 00 00 00 00 00 00 00 00 00 00 00 00 01 00 00 0C 02 00 00 00 00 00 00 00 00 00 00 00 00 00 00 00 00 00 00 00 00 00 00 00 00 00 00 00 00 00 00 00 00 00 00 00 00 00 00 00 00
@sossrc_2_1 2026-10-09T10:00:43 9088 01 2C 00 00 00 00 01 00 00 00 F4 01 00 00 CC 8C 00 00 00 04 48 00 6C 2A 00 00 01 6E 00 00 00 6C 2A 00 00 01 65 00 58 02 DC 05 00 00 00 00 00 00 00 00 00 00 00 00 24 1C
@sos_2_1 2026-10-09T10:00:44 9089 01 00 2D 00 00 00 64 E4 0C 00 14 AE 01 00 01 04 66 00 C2 01 00 00 00 00 00 00 00 00 00 00 01 01 02 00 00 08 01 00 00 00 00 00 00 00 00 00 00 00 00 00 00 00 00 00 00 00 00 00 00 00 01 00 00 0C 02 00 00 00 00 00 00 00 00 00 00 00 00 00 00 00 00 00 00 00 00 00 00 00 00 00 00 00 00 00 00 00 00 00 00 00 00 00 00 00 00
@sossrc_2_1 2026-10-09T10:00:44 9090 01 2D 00 00 00 00 01 00 00 00 DC 05 00 00 CC 8C 00 00 00 04 48 00 6C 2A 00 00 01 6E 00 00 00 6C 2A 00 00 01 65 00 58 02 DC 05 00 00 00 00 00 00 00 00 00 00 00 00 24 1C
@sos_2_1 2026-10-09T10:00:45 9091 01 00 2E 00 00 00 4C E8 0C 00 14 AE 01 00 01 04 66 00 C2 01 00 00 00 00 00 00 00 00 00 00 01 01 02 00 00 08 01 00 00 00 00 00 00 00 00 00 00 00 00 00 00 00 00 00 00 00 00 00 00 00 01 00 00 0C 02 00 00 00 00 00 00 00 00 00 00 00 00 00 00 00 00 00 00 00 00 00 00 00 00 00 00 00 00 00 00 00 00 00 00 00 00 00 00 00 00
@sossrc_2_1 2026-10-09T10:00:45 9092 01 2E 00 00 00 00 01 00 00 00 F4 01 00 00 CE 8C 00 00 00 04 48 00 94 2A 00 00 01 6E 00 00 00 94 2A 00 00 01 65 00 58 02 4C 04 00 00 00 00 00 00 00 00 00 00 00 00 24 1C
@sos_2_1 2026-10-09T10:00:46 9093 01 00 2F 00 00 00 34 EC 0C 00 14 AE 01 00 01 04 66 00 C2 01 00 00 00 00 00 00 00 00 00 00 01 01 02 00 00 08 01 00 00 00 00 00 00 00 00 00 00 00 00 00 00 00 00 00 00 00 00 00 00 00 01 00 00 0C 02 00 00 00 00 00 00 00 00 00 00 00 00 00 00 00 00 00 00 00 00 00 00 00 00 00 00 00 00 00 00 00 00 00 00 00 00 00 00 00 00
@sossrc_2_1 2026-10-09T10:00:46 9094 01 2F 00 00 00 00 01 00 00 00 DC 05 00 00 CE 8C 00 00 00 04 48 00 94 2A 00 00 01 6E 00 00 00 94 2A 00 00 01 65 00 58 02 4C 04 00 00 00 00 00 00 00 00 00 00 00 00 24 1C
@sos_2_1 2026-10-09T10:00:47 9095 01 00 30 00 00 00 1C F0 0C 00 14 AE 01 00 01 04 66 00 C2 01 00 00 00 00 00 00 00 00 00 00 01 01 02 00 00 08 01 00 00 00 00 00 00 00 00 00 00 00 00 00 00 00 00 00 00 00 00 00 00 00 01 00 00 0C 02 00 00 00 00 00 00 00 00 00 00 00 00 00 00 00 00 00 00 00 00 00 00 00 00 00 00 00 00 00 00 00 00 00 00 00 00 00 00 00 00
@sossrc_2_1 2026-10-09T10:00:47 9096 01 30 00 00 00 00 01 00 00 00 F4 01 00 00 D0 8C 00 00 00 04 48 00 BC 2A 00 00 01 6E 00 00 00 BC 2A 00 00 01 65 00 58 02 BC 02 00 00 00 00 00 00 00 00 00 00 00 00 24 1C
@sos_2_1 2026-10-09T10:00:48 9097 01 00 31 00 00 00 04 F4 0C 00 14 AE 01 00 01 04 66 00 C2 01 00 00 00 00 00 00 00 00 00 00 01 01 02 00 00 08 01 00 00 00 00 00 00 00 00 00 00 00 00 00 00 00 00 00 00 00 00 00 00 00 01 00 00 0C 02 00 00 00 00 00 00 00 00 00 00 00 00 00 00 00 00 00 00 00 00 00 00 00 00 00 00 00 00 00 00 00 00 00 00 00 00 00 00 00 00
@sossrc_2_1 2026-10-09T10:00:48 9098 01 31 00 00 00 00 01 00 00 00 DC 05 00 00 D0 8C 00 00 00 04 48 00 BC 2A 00 00 01 6E 00 00 00 BC 2A 00 00 01 65 00 58 02 BC 02 00 00 00 00 00 00 00 00 00 00 00 00 24 1C
@sos_2_1 2026-10-09T10:00:49 9099 01 00 32 00 00 00 EC F7 0C 00 14 AE 01 00 01 04 66 00 C2 01 00 00 00 00 00 00 00 00 00 00 01 01 02 00 00 08 01 00 00 00 00 00 00 00 00 00 00 00 00 00 00 00 00 00 00 00 00 00 00 00 01 00 00 0C 02 00 00 00 00 00 00 00 00 00 00 00 00 00 00 00 00 00 00 00 00 00 00 00 00 00 00 00 00 00 00 00 00 00 00 00 00 00 00 00 00
@sossrc_2_1 2026-10-09T10:00:49 9100 01 32 00 00 00 00 01 00 00 00 F4 01 00 00 D2 8C 00 00 00 04 48 00 E4 2A 00 00 01 6E 00 00 00 E4 2A 00 00 01 65 00 58 02 2C 01 00 00 00 00 00 00 00 00 00 00 00 00 24 1C
@sos_2_1 2026-10-09T10:00:50 9101 01 00 33 00 00 00 D4 FB 0C 00 14 AE 01 00 01 04 66 00 C2 01 00 00 00 00 00 00 00 00 00 00 01 01 02 00 00 08 01 00 00 00 00 00 00 00 00 00 00 00 00 00 00 00 00 00 00 00 00 00 00 00 01 00 00 0C 02 00 00 00 00 00 00 00 00 00 00 00 00 00 00 00 00 00 00 00 00 00 00 00 00 00 00 00 00 00 00 00 00 00 00 00 00 00 00 00 00
@sossrc_2_1 2026-10-09T10:00:50 9102 01 33 00 00 00 00 01 00 00 00 DC 05 00 00 D2 8C 00 00 00 04 48 00 E4 2A 00 00 01 6E 00 00 00 E4 2A 00 00 01 65 00 58 02 2C 01 00 00 00 00 00 00 00 00 00 00 00 00 24 1C
@sos_2_1 2026-10-09T10:00:51 9103 01 00 34 00 00 00 BC FF 0C 00 14 AE 01 00 01 04 66 00 C2 01 00 00 00 00 00 00 00 00 00 00 01 01 02 00 00 08 01 00 00 00 00 00 00 00 00 00 00 00 00 00 00 00 00 00 00 00 00 00 00 00 01 00 00 0C 02 00 00 00 00 00 00 00 00 00 00 00 00 00 00 00 00 00 00 00 00 00 00 00 00 00 00 00 00 00 00 00 00 00 00 00 00 00 00 00 00
@sossrc_2_1 2026-10-09T10:00:51 9104 01 34 00 00 00 00 01 00 00 00 F4 01 00 00 D4 8C 00 00 00 04 48 00 0C 2B 00 00 01 6F 00 00 00 0C 2B 00 00 01 65 00 58 02 64 00 00 00 00 00 00 00 00 00 00 00 00 00 A4 1C
@sos_2_1 2026-10-09T10:00:52 9105 01 00 35 00 00 00 A4 03 0D 00 14 AE 01 00 01 04 66 00 C2 01 00 00 00 00 00 00 00 00 00 00 01 01 02 00 00 08 01 00 00 00 00 00 00 00 00 00 00 00 00 00 00 00 00 00 00 00 00 00 00 00 01 00 00 0C 02 00 00 00 00 00 00 00 00 00 00 00 00 00 00 00 00 00 00 00 00 00 00 00 00 00 00 00 00 00 00 00 00 00 00 00 00 00 00 00 00
@sossrc_2_1 2026-10-09T10:00:52 9106 01 35 00 00 00 00 01 00 00 00 DC 05 00 00 D4 8C 00 00 00 04 48 00 0C 2B 00 00 01 6F 00 00 00 0C 2B 00 00 01 65 00 58 02 64 00 00 00 00 00 00 00 00 00 00 00 00 00 A4 1C
@sos_2_1 2026-10-09T10:00:53 9107 01 00 36 00 00 00 8C 07 0D 00 14 AE 01 00 01 04 66 00 C2 01 00 00 00 00 00 00 00 00 00 00 01 01 02 00 00 08 01 00 00 00 00 00 00 00 00 00 00 00 00 00 00 00 00 00 00 00 00 00 00 00 01 00 00 0C 02 00 00 00 00 00 00 00 00 00 00 00 00 00 00 00 00 00 00 00 00 00 00 00 00 00 00 00 00 00 00 00 00 00 00 00 00 00 00 00 00
@sossrc_2_1 2026-10-09T10:00:53 9108 01 36 00 00 00 00 01 00 00 00 F4 01 00 00 D6 8C 00 00 00 04 48 00 34 2B 00 00 01 6F 00 00 00 34 2B 00 00 01 65 00 58 02 F4 01 00 00 00 00 00 00 00 00 00 00 00 00 A4 1C
@sos_2_1 2026-10-09T10:00:54 9109 01 00 37 00 00 00 74 0B 0D 00 14 AE 01 00 01 04 66 00 C2 01 00 00 00 00 00 00 00 00 00 00 01 01 02 00 00 08 01 00 00 00 00 00 00 00 00 00 00 00 00 00 00 00 00 00 00 00 00 00 00 00 01 00 00 0C 02 00 00 00 00 00 00 00 00 00 00 00 00 00 00 00 00 00 00 00 00 00 00 00 00 00 00 00 00 00 00 00 00 00 00 00 00 00 00 00 00
@sossrc_2_1 2026-10-09T10:00:54 9110 01 37 00 00 00 00 01 00 00 00 DC 05 00 00 D6 8C 00 00 00 04 48 00 34 2B 00 00 01 6F 00 00 00 34 2B 00 00 01 65 00 58 02 F4 01 00 00 00 00 00 00 00 00 00 00 00 00 A4 1C
@sos_2_1 2026-10-09T10:00:55 9111 01 00 38 00 00 00 5C 0F 0D 00 14 AE 01 00 01 04 66 00 C2 01 00 00 00 00 00 00 00 00 00 00 01 01 02 00 00 08 01 00 00 00 00 00 00 00 00 00 00 00 00 00 00 00 00 00 00 00 00 00 00 00 01 00 00 0C 02 00 00 00 00 00 00 00 00 00 00 00 00 00 00 00 00 00 00 00 00 00 00 00 00 00 00 00 00 00 00 00 00 00 00 00 00 00 00 00 00
@sossrc_2_1 2026-10-09T10:00:55 9112 01 38 00 00 00 00 01 00 00 00 F4 01 00 00 D8 8C 00 00 00 04 48 00 5C 2B 00 00 01 6F 00 00 00 5C 2B 00 00 01 65 00 58 02 84 03 00 00 00 00 00 00 00 00 00 00 00 00 A4 1C
@sos_2_1 2026-10-09T10:00:56 9113 01 00 39 00 00 00 44 13 0D 00 14 AE 01 00 01 04 66 00 C2 01 00 00 00 00 00 00 00 00 00 00 01 01 02 00 00 08 01 00 00 00 00 00 00 00 00 00 00 00 00 00 00 00 00 00 00 00 00 00 00 00 01 00 00 0C 02 00 00 00 00 00 00 00 00 00 00 00 00 00 00 00 00 00 00 00 00 00 00 00 00 00 00 00 00 00 00 00 00 00 00 00 00 00 00 00 00
@sossrc_2_1 2026-10-09T10:00:56 9114 01 39 00 00 00 00 01 00 00 00 DC 05 00 00 D8 8C 00 00 00 04 48 00 5C 2B 00 00 01 6F 00 00 00 5C 2B 00 00 01 65 00 58 02 84 03 00 00 00 00 00 00 00 00 00 00 00 00 A4 1C
@sos_2_1 2026-10-09T10:00:57 9115 01 00 3A 00 00 00 2C 17 0D 00 14 AE 01 00 01 04 66 00 C2 01 00 00 00 00 00 00 00 00 00 00 01 01 02 00 00 08 01 00 00 00 00 00 00 00 00 00 00 00 00 00 00 00 00 00 00 00 00 00 00 00 01 00 00 0C 02 00 00 00 00 00 00 00 00 00 00 00 00 00 00 00 00 00 00 00 00 00 00 00 00 00 00 00 00 00 00 00 00 00 00 00 00 00 00 00 00
@sossrc_2_1 2026-10-09T10:00:57 9116 01 3A 00 00 00 00 01 00 00 00 F4 01 00 00 DA 8C 00 00 00 04 48 00 84 2B 00 00 01 6F 00 00 00 84 2B 00 00 01 65 00 58 02 14 05 00 00 00 00 00 00 00 00 00 00 00 00 A4 1C
@sos_2_1 2026-10-09T10:00:58 9117 01 00 3B 00 00 00 14 1B 0D 00 14 AE 01 00 01 04 66 00 C2 01 00 00 00 00 00 00 00 00 00 00 01 01 02 00 00 08 01 00 00 00 00 00 00 00 00 00 00 00 00 00 00 00 00 00 00 00 00 00 00 00 01 00 00 0C 02 00 00 00 00 00 00 00 00 00 00 00 00 00 00 00 00 00 00 00 00 00 00 00 00 00 00 00 00 00 00 00 00 00 00 00 00 00 00 00 00
@sossrc_2_1 2026-10-09T10:00:58 9118 01 3B 00 00 00 00 01 00 00 00 DC 05 00 00 DA 8C 00 00 00 04 48 00 84 2B 00 00 01 6F 00 00 00 84 2B 00 00 01 65 00 58 02 14 05 00 00 00 00 00 00 00 00 00 00 00 00 A4 1C
@sos_2_1 2026-10-09T10:00:59 9119 01 00 3C 00 00 00 FC 1E 0D 00 14 AE 01 00 01 04 66 00 C2 01 00 00 00 00 00 00 00 00 00 00 01 01 02 00 00 08 01 00 00 00 00 00 00 00 00 00 00 00 00 00 00 00 00 00 00 00 00 00 00 00 01 00 00 0C 02 00 00 00 00 00 00 00 00 00 00 00 00 00 00 00 00 00 00 00 00 00 00 00 00 00 00 00 00 00 00 00 00 00 00 00 00 00 00 00 00
@sossrc_2_1 2026-10-09T10:00:59 9120 01 3C 00 00 00 00 01 00 00 00 F4 01 00 00 DC 8C 00 00 00 04 48 00 AC 2B 00 00 01 6F 00 00 00 AC 2B 00 00 01 65 00 58 02 A4 06 00 00 00 00 00 00 00 00 00 00 00 00 A4 1C
@sos_2_1 2026-10-09T10:01:00 9121 01 00 3D 00 00 00 E4 22 0D 00 14 AE 01 00 01 04 66 00 C2 01 00 00 00 00 00 00 00 00 00 00 01 01 02 00 00 08 01 00 00 00 00 00 00 00 00 00 00 00 00 00 00 00 00 00 00 00 00 00 00 00 01 00 00 0C 02 00 00 00 00 00 00 00 00 00 00 00 00 00 00 00 00 00 00 00 00 00 00 00 00 00 00 00 00 00 00 00 00 00 00 00 00 00 00 00 00
@sossrc_2_1 2026-10-09T10:01:00 9122 01 3D 00 00 00 00 01 00 00 00 DC 05 00 00 DC 8C 00 00 00 04 48 00 AC 2B 00 00 01 6F 00 00 00 AC 2B 00 00 01 65 00 58 02 A4 06 00 00 00 00 00 00 00 00 00 00 00 00 A4 1C
@sos_2_1 2026-10-09T10:01:01 9123 01 00 3E 00 00 00 CC 26 0D 00 14 AE 01 00 01 04 66 00 C2 01 00 00 00 00 00 00 00 00 00 00 01 01 02 00 00 08 01 00 00 00 00 00 00 00 00 00 00 00 00 00 00 00 00 00 00 00 00 00 00 00 01 00 00 0C 02 00 00 00 00 00 00 00 00 00 00 00 00 00 00 00 00 00 00 00 00 00 00 00 00 00 00 00 00 00 00 00 00 00 00 00 00 00 00 00 00
@sossrc_2_1 2026-10-09T10:01:01 9124 01 3E 00 00 00 00 01 00 00 00 F4 01 00 00 DE 8C 00 00 00 04 48 00 D4 2B 00 00 01 6F 00 00 00 D4 2B 00 00 01 65 00 58 02 34 08 00 00 00 00 00 00 00 00 00 00 00 00 A4 1C
@sos_2_1 2026-10-09T10:01:02 9125 01 00 3F 00 00 00 B4 2A 0D 00 14 AE 01 00 01 04 66 00 C2 01 00 00 00 00 00 00 00 00 00 00 01 01 02 00 00 08 01 00 00 00 00 00 00 00 00 00 00 00 00 00 00 00 00 00 00 00 00 00 00 00 01 00 00 0C 02 00 00 00 00 00 00 00 00 00 00 00 00 00 00 00 00 00 00 00 00 00 00 00 00 00 00 00 00 00 00 00 00 00 00 00 00 00 00 00 00
@sossrc_2_1 2026-10-09T10:01:02 9126 01 3F 00 00 00 00 01 00 00 00 DC 05 00 00 DE 8C 00 00 00 04 48 00 D4 2B 00 00 01 6F 00 00 00 D4 2B 00 00 01 65 00 58 02 34 08 00 00 00 00 00 00 00 00 00 00 00 00 A4 1C
@sos_2_1 2026-10-09T10:01:03 9127 01 00 40 00 00 00 9C 2E 0D 00 14 AE 01 00 01 04 66 00 C2 01 00 00 00 00 00 00 00 00 00 00 01 01 02 00 00 08 01 00 00 00 00 00 00 00 00 00 00 00 00 00 00 00 00 00 00 00 00 00 00 00 01 00 00 0C 02 00 00 00 00 00 00 00 00 00 00 00 00 00 00 00 00 00 00 00 00 00 00 00 00 00 00 00 00 00 00 00 00 00 00 00 00 00 00 00 00
@sossrc_2_1 2026-10-09T10:01:03 9128 01 40 00 00 00 00 01 00 00 00 F4 01 00 00 E0 8C 00 00 00 04 48 00 FC 2B 00 00 01 6F 00 00 00 FC 2B 00 00 01 65 00 58 02 C4 09 00 00 00 00 00 00 00 00 00 00 00 00 A4 1C
@sos_2_1 2026-10-09T10:01:04 9129 01 00 41 00 00 00 84 32 0D 00 14 AE 01 00 01 04 66 00 C2 01 00 00 00 00 00 00 00 00 00 00 01 01 02 00 00 08 01 00 00 00 00 00 00 00 00 00 00 00 00 00 00 00 00 00 00 00 00 00 00 00 01 00 00 0C 02 00 00 00 00 00 00 00 00 00 00 00 00 00 00 00 00 00 00 00 00 00 00 00 00 00 00 00 00 00 00 00 00 00 00 00 00 00 00 00 00
@sossrc_2_1 2026-10-09T10:01:04 9130 01 41 00 00 00 00 01 00 00 00 DC 05 00 00 E0 8C 00 00 00 04 48 00 FC 2B 00 00 01 6F 00 00 00 FC 2B 00 00 01 65 00 58 02 C4 09 00 00 00 00 00 00 00 00 00 00 00 00 A4 1C
@sos_2_1 2026-10-09T10:01:05 9131 01 00 42 00 00 00 6C 36 0D 00 14 AE 01 00 01 04 66 00 C2 01 00 00 00 00 00 00 00 00 00 00 01 01 02 00 00 08 01 00 00 00 00 00 00 00 00 00 00 00 00 00 00 00 00 00 00 00 00 00 00 00 01 00 00 0C 02 00 00 00 00 00 00 00 00 00 00 00 00 00 00 00 00 00 00 00 00 00 00 00 00 00 00 00 00 00 00 00 00 00 00 00 00 00 00 00 00
@sossrc_2_1 2026-10-09T10:01:05 9132 01 42 00 00 00 00 01 00 00 00 F4 01 00 00 E2 8C 00 00 00 04 48 00 24 2C 00 00 01 6F 00 00 00 24 2C 00 00 01 65 00 58 02 54 0B 00 00 00 00 00 00 00 00 00 00 00 00 A4 1C
@sos_2_1 2026-10-09T10:01:06 9133 01 00 43 00 00 00 54 3A 0D 00 14 AE 01 00 01 04 66 00 C2 01 00 00 00 00 00 00 00 00 00 00 01 01 02 00 00 08 01 00 00 00 00 00 00 00 00 00 00 00 00 00 00 00 00 00 00 00 00 00 00 00 01 00 00 0C 02 00 00 00 00 00 00 00 00 00 00 00 00 00 00 00 00 00 00 00 00 00 00 00 00 00 00 00 00 00 00 00 00 00 00 00 00 00 00 00 00
@sossrc_2_1 2026-10-09T10:01:06 9134 01 43 00 00 00 00 01 00 00 00 DC 05 00 00 E2 8C 00 00 00 04 48 00 24 2C 00 00 01 6F 00 00 00 24 2C 00 00 01 65 00 58 02 54 0B 00 00 00 00 00 00 00 00 00 00 00 00 A4 1C
@sos_2_1 2026-10-09T10:01:07 9135 01 00 44 00 00 00 3C 3E 0D 00 14 AE 01 00 01 04 66 00 C2 01 00 00 00 00 00 00 00 00 00 00 01 01 02 00 00 08 01 00 00 00 00 00 00 00 00 00 00 00 00 00 00 00 00 00 00 00 00 00 00 00 01 00 00 0C 02 00 00 00 00 00 00 00 00 00 00 00 00 00 00 00 00 00 00 00 00 00 00 00 00 00 00 00 00 00 00 00 00 00 00 00 00 00 00 00 00
@sossrc_2_1 2026-10-09T10:01:07 9136 01 44 00 00 00 00 01 00 00 00 F4 01 00 00 E4 8C 00 00 00 04 48 00 4C 2C 00 00 01 6F 00 00 00 4C 2C 00 00 01 65 00 58 02 E4 0C 00 00 00 00 00 00 00 00 00 00 00 00 A4 1C
@sos_2_1 2026-10-09T10:01:08 9137 01 00 45 00 00 00 24 42 0D 00 14 AE 01 00 01 04 66 00 C2 01 00 00 00 00 00 00 00 00 00 00 01 01 02 00 00 08 01 00 00 00 00 00 00 00 00 00 00 00 00 00 00 00 00 00 00 00 00 00 00 00 01 00 00 0C 02 00 00 00 00 00 00 00 00 00 00 00 00 00 00 00 00 00 00 00 00 00 00 00 00 00 00 00 00 00 00 00 00 00 00 00 00 00 00 00 00
@sossrc_2_1 2026-10-09T10:01:08 9138 01 45 00 00 00 00 01 00 00 00 DC 05 00 00 E4 8C 00 00 00 04 48 00 4C 2C 00 00 01 6F 00 00 00 4C 2C 00 00 01 65 00 58 02 E4 0C 00 00 00 00 00 00 00 00 00 00 00 00 A4 1C
@sos_2_1 2026-10-09T10:01:09 9139 01 00 46 00 00 00 0C 46 0D 00 14 AE 01 00 01 04 66 00 C2 01 00 00 00 00 00 00 00 00 00 00 01 01 02 00 00 08 01 00 00 00 00 00 00 00 00 00 00 00 00 00 00 00 00 00 00 00 00 00 00 00 01 00 00 0C 02 00 00 00 00 00 00 00 00 00 00 00 00 00 00 00 00 00 00 00 00 00 00 00 00 00 00 00 00 00 00 00 00 00 00 00 00 00 00 00 00
@sossrc_2_1 2026-10-09T10:01:09 9140 01 46 00 00 00 00 01 00 00 00 F4 01 00 00 E6 8C 00 00 00 04 48 00 74 2C 00 00 01 6F 00 00 00 74 2C 00 00 01 65 00 58 02 74 0E 00 00 00 00 00 00 00 00 00 00 00 00 A4 1C
@sos_2_1 2026-10-09T10:01:10 9141 01 00 47 00 00 00 F4 49 0D 00 14 AE 01 00 01 04 66 00 C2 01 00 00 00 00 00 00 00 00 00 00 01 01 02 00 00 08 01 00 00 00 00 00 00 00 00 00 00 00 00 00 00 00 00 00 00 00 00 00 00 00 01 00 00 0C 02 00 00 00 00 00 00 00 00 00 00 00 00 00 00 00 00 00 00 00 00 00 00 00 00 00 00 00 00 00 00 00 00 00 00 00 00 00 00 00 00
@sossrc_2_1 2026-10-09T10:01:10 9142 01 47 00 00 00 00 01 00 00 00 DC 05 00 00 E6 8C 00 00 00 04 48 00 74 2C 00 00 01 6F 00 00 00 74 2C 00 00 01 65 00 58 02 74 0E 00 00 00 00 00 00 00 00 00 00 00 00 A4 1C
@sos_2_1 2026-10-09T10:01:11 9143 01 00 48 00 00 00 DC 4D 0D 00 14 AE 01 00 01 04 66 00 C2 01 00 00 00 00 00 00 00 00 00 00 01 01 02 00 00 08 01 00 00 00 00 00 00 00 00 00 00 00 00 00 00 00 00 00 00 00 00 00 00 00 01 00 00 0C 02 00 00 00 00 00 00 00 00 00 00 00 00 00 00 00 00 00 00 00 00 00 00 00 00 00 00 00 00 00 00 00 00 00 00 00 00 00 00 00 00
@sossrc_2_1 2026-10-09T10:01:11 9144 01 48 00 00 00 00 01 00 00 00 F4 01 00 00 E8 8C 00 00 00 04 48 00 9C 2C 00 00 01 6F 00 00 00 9C 2C 00 00 01 65 00 58 02 04 10 00 00 00 00 00 00 00 00 00 00 00 00 A4 1C
@sos_2_1 2026-10-09T10:01:12 9145 01 00 49 00 00 00 C4 51 0D 00 14 AE 01 00 01 04 66 00 C2 01 00 00 00 00 00 00 00 00 00 00 01 01 02 00 00 08 01 00 00 00 00 00 00 00 00 00 00 00 00 00 00 00 00 00 00 00 00 00 00 00 01 00 00 0C 02 00 00 00 00 00 00 00 00 00 00 00 00 00 00 00 00 00 00 00 00 00 00 00 00 00 00 00 00 00 00 00 00 00 00 00 00 00 00 00 00
@sossrc_2_1 2026-10-09T10:01:12 9146 01 49 00 00 00 00 01 00 00 00 DC 05 00 00 E8 8C 00 00 00 04 48 00 9C 2C 00 00 01 6F 00 00 00 9C 2C 00 00 01 65 00 58 02 04 10 00 00 00 00 00 00 00 00 00 00 00 00 A4 1C
@sos_2_1 2026-10-09T10:01:13 9147 01 00 4A 00 00 00 AC 55 0D 00 14 AE 01 00 01 04 66 00 C2 01 00 00 00 00 00 00 00 00 00 00 01 01 02 00 00 08 01 00 00 00 00 00 00 00 00 00 00 00 00 00 00 00 00 00 00 00 00 00 00 00 01 00 00 0C 02 00 00 00 00 00 00 00 00 00 00 00 00 00 00 00 00 00 00 00 00 00 00 00 00 00 00 00 00 00 00 00 00 00 00 00 00 00 00 00 00
@sossrc_2_1 2026-10-09T10:01:13 9148 01 4A 00 00 00 00 01 00 00 00 F4 01 00 00 EA 8C 00 00 00 04 48 00 C4 2C 00 00 01 6F 00 00 00 C4 2C 00 00 01 65 00 58 02 94 11 00 00 00 00 00 00 00 00 00 00 00 00 A4 1C
@sos_2_1 2026-10-09T10:01:14 9149 01 00 4B 00 00 00 94 59 0D 00 14 AE 01 00 01 04 66 00 C2 01 00 00 00 00 00 00 00 00 00 00 01 01 02 00 00 08 01 00 00 00 00 00 00 00 00 00 00 00 00 00 00 00 00 00 00 00 00 00 00 00 01 00 00 0C 02 00 00 00 00 00 00 00 00 00 00 00 00 00 00 00 00 00 00 00 00 00 00 00 00 00 00 00 00 00 00 00 00 00 00 00 00 00 00 00 00
@sossrc_2_1 2026-10-09T10:01:14 9150 01 4B 00 00 00 00 01 00 00 00 DC 05 00 00 EA 8C 00 00 00 04 48 00 C4 2C 00 00 01 6F 00 00 00 C4 2C 00 00 01 65 00 58 02 94 11 00 00 00 00 00 00 00 00 00 00 00 00 A4 1C
@sos_2_1 2026-10-09T10:01:15 9151 01 00 4C 00 00 00 7C 5D 0D 00 14 AE 01 00 01 04 66 00 C2 01 00 00 00 00 00 00 00 00 00 00 01 01 02 00 00 08 01 00 00 00 00 00 00 00 00 00 00 00 00 00 00 00 00 00 00 00 00 00 00 00 01 00 00 0C 02 00 00 00 00 00 00 00 00 00 00 00 00 00 00 00 00 00 00 00 00 00 00 00 00 00 00 00 00 00 00 00 00 00 00 00 00 00 00 00 00
@sossrc_2_1 2026-10-09T10:01:15 9152 01 4C 00 00 00 00 01 00 00 00 F4 01 00 00 EC 8C 00 00 00 04 48 00 EC 2C 00 00 01 6F 00 00 00 EC 2C 00 00 01 65 00 58 02 24 13 00 00 00 00 00 00 00 00 00 00 00 00 A4 1C
@sos_2_1 2026-10-09T10:01:16 9153 01 00 4D 00 00 00 64 61 0D 00 14 AE 01 00 01 04 66 00 C2 01 00 00 00 00 00 00 00 00 00 00 01 01 02 00 00 08 01 00 00 00 00 00 00 00 00 00 00 00 00 00 00 00 00 00 00 00 00 00 00 00 01 00 00 0C 02 00 00 00 00 00 00 00 00 00 00 00 00 00 00 00 00 00 00 00 00 00 00 00 00 00 00 00 00 00 00 00 00 00 00 00 00 00 00 00 00
@sossrc_2_1 2026-10-09T10:01:16 9154 01 4D 00 00 00 00 01 00 00 00 DC 05 00 00 EC 8C 00 00 00 04 48 00 EC 2C 00 00 01 6F 00 00 00 EC 2C 00 00 01 65 00 58 02 24 13 00 00 00 00 00 00 00 00 00 00 00 00 A4 1C
@sos_2_1 2026-10-09T10:01:17 9155 01 00 4E 00 00 00 4C 65 0D 00 14 AE 01 00 01 04 66 00 C2 01 00 00 00 00 00 00 00 00 00 00 01 01 02 00 00 08 01 00 00 00 00 00 00 00 00 00 00 00 00 00 00 00 00 00 00 00 00 00 00 00 01 00 00 0C 02 00 00 00 00 00 00 00 00 00 00 00 00 00 00 00 00 00 00 00 00 00 00 00 00 00 00 00 00 00 00 00 00 00 00 00 00 00 00 00 00
@sossrc_2_1 2026-10-09T10:01:17 9156 01 4E 00 00 00 00 01 00 00 00 F4 01 00 00 EE 8C 00 00 00 04 48 00 14 2D 00 00 01 6F 00 00 00 14 2D 00 00 01 65 00 58 02 B4 14 00 00 00 00 00 00 00 00 00 00 00 00 A4 1C
@sos_2_1 2026-10-09T10:01:18 9157 01 00 4F 00 00 00 34 69 0D 00 14 AE 01 00 01 04 66 00 C2 01 00 00 00 00 00 00 00 00 00 00 01 01 02 00 00 08 01 00 00 00 00 00 00 00 00 00 00 00 00 00 00 00 00 00 00 00 00 00 00 00 01 00 00 0C 02 00 00 00 00 00 00 00 00 00 00 00 00 00 00 00 00 00 00 00 00 00 00 00 00 00 00 00 00 00 00 00 00 00 00 00 00 00 00 00 00
@sossrc_2_1 2026-10-09T10:01:18 9158 01 4F 00 00 00 00 01 00 00 00 DC 05 00 00 EE 8C 00 00 00 04 48 00 14 2D 00 00 01 6F 00 00 00 14 2D 00 00 01 65 00 58 02 B4 14 00 00 00 00 00 00 00 00 00 00 00 00 A4 1C
@sos_2_1 2026-10-09T10:01:19 9159 01 00 50 00 00 00 1C 6D 0D 00 14 AE 01 00 01 04 66 00 C2 01 00 00 00 00 00 00 00 00 00 00 01 01 02 00 00 08 01 00 00 00 00 00 00 00 00 00 00 00 00 00 00 00 00 00 00 00 00 00 00 00 01 00 00 0C 02 00 00 00 00 00 00 00 00 00 00 00 00 00 00 00 00 00 00 00 00 00 00 00 00 00 00 00 00 00 00 00 00 00 00 00 00 00 00 00 00
@sossrc_2_1 2026-10-09T10:01:19 9160 01 50 00 00 00 00 01 00 00 00 F4 01 00 00 F0 8C 00 00 00 04 48 00 3C 2D 00 00 01 6F 00 00 00 3C 2D 00 00 01 65 00 58 02 44 16 00 00 00 00 00 00 00 00 00 00 00 00 A4 1C
@sos_2_1 2026-10-09T10:01:20 9161 01 00 51 00 00 00 04 71 0D 00 14 AE 01 00 01 04 66 00 C2 01 00 00 00 00 00 00 00 00 00 00 01 01 02 00 00 08 01 00 00 00 00 00 00 00 00 00 00 00 00 00 00 00 00 00 00 00 00 00 00 00 01 00 00 0C 02 00 00 00 00 00 00 00 00 00 00 00 00 00 00 00 00 00 00 00 00 00 00 00 00 00 00 00 00 00 00 00 00 00 00 00 00 00 00 00 00
@sossrc_2_1 2026-10-09T10:01:20 9162 01 51 00 00 00 00 01 00 00 00 DC 05 00 00 F0 8C 00 00 00 04 48 00 3C 2D 00 00 01 6F 00 00 00 3C 2D 00 00 01 65 00 58 02 44 16 00 00 00 00 00 00 00 00 00 00 00 00 A4 1C
@sos_2_1 2026-10-09T10:01:21 9163 01 00 52 00 00 00 EC 74 0D 00 14 AE 01 00 01 04 66 00 C2 01 00 00 00 00 00 00 00 00 00 00 01 01 02 00 00 08 01 00 00 00 00 00 00 00 00 00 00 00 00 00 00 00 00 00 00 00 00 00 00 00 01 00 00 0C 02 00 00 00 00 00 00 00 00 00 00 00 00 00 00 00 00 00 00 00 00 00 00 00 00 00 00 00 00 00 00 00 00 00 00 00 00 00 00 00 00
@sossrc_2_1 2026-10-09T10:01:21 9164 01 52 00 00 00 00 01 00 00 00 F4 01 00 00 F2 8C 00 00 00 04 48 00 64 2D 00 00 01 6F 00 00 00 64 2D 00 00 01 65 00 58 02 D4 17 00 00 00 00 00 00 00 00 00 00 00 00 A4 1C
@sos_2_1 2026-10-09T10:01:22 9165 01 00 53 00 00 00 D4 78 0D 00 14 AE 01 00 01 04 66 00 C2 01 00 00 00 00 00 00 00 00 00 00 01 01 02 00 00 08 01 00 00 00 00 00 00 00 00 00 00 00 00 00 00 00 00 00 00 00 00 00 00 00 01 00 00 0C 02 00 00 00 00 00 00 00 00 00 00 00 00 00 00 00 00 00 00 00 00 00 00 00 00 00 00 00 00 00 00 00 00 00 00 00 00 00 00 00 00
@sossrc_2_1 2026-10-09T10:01:22 9166 01 53 00 00 00 00 01 00 00 00 DC 05 00 00 F2 8C 00 00 00 04 48 00 64 2D 00 00 01 6F 00 00 00 64 2D 00 00 01 65 00 58 02 D4 17 00 00 00 00 00 00 00 00 00 00 00 00 A4 1C
@sos_2_1 2026-10-09T10:01:23 9167 01 00 54 00 00 00 BC 7C 0D 00 14 AE 01 00 01 04 66 00 C2 01 00 00 00 00 00 00 00 00 00 00 01 01 02 00 00 08 01 00 00 00 00 00 00 00 00 00 00 00 00 00 00 00 00 00 00 00 00 00 00 00 01 00 00 0C 02 00 00 00 00 00 00 00 00 00 00 00 00 00 00 00 00 00 00 00 00 00 00 00 00 00 00 00 00 00 00 00 00 00 00 00 00 00 00 00 00
@sossrc_2_1 2026-10-09T10:01:23 9168 01 54 00 00 00 00 01 00 00 00 F4 01 00 00 F4 8C 00 00 00 04 48 00 8C 2D 00 00 01 6F 00 00 00 8C 2D 00 00 01 65 00 58 02 64 19 00 00 00 00 00 00 00 00 00 00 00 00 A4 1C
@sos_2_1 2026-10-09T10:01:24 9169 01 00 55 00 00 00 A4 80 0D 00 14 AE 01 00 01 04 66 00 C2 01 00 00 00 00 00 00 00 00 00 00 01 01 02 00 00 08 01 00 00 00 00 00 00 00 00 00 00 00 00 00 00 00 00 00 00 00 00 00 00 00 01 00 00 0C 02 00 00 00 00 00 00 00 00 00 00 00 00 00 00 00 00 00 00 00 00 00 00 00 00 00 00 00 00 00 00 00 00 00 00 00 00 00 00 00 00
@sossrc_2_1 2026-10-09T10:01:24 9170 01 55 00 00 00 00 01 00 00 00 DC 05 00 00 F4 8C 00 00 00 04 48 00 8C 2D 00 00 01 6F 00 00 00 8C 2D 00 00 01 65 00 58 02 64 19 00 00 00 00 00 00 00 00 00 00 00 00 A4 1C
@sos_2_1 2026-10-09T10:01:25 9171 01 00 56 00 00 00 8C 84 0D 00 14 AE 01 00 01 04 66 00 C2 01 00 00 00 00 00 00 00 00 00 00 01 01 02 00 00 08 01 00 00 00 00 00 00 00 00 00 00 00 00 00 00 00 00 00 00 00 00 00 00 00 01 00 00 0C 02 00 00 00 00 00 00 00 00 00 00 00 00 00 00 00 00 00 00 00 00 00 00 00 00 00 00 00 00 00 00 00 00 00 00 00 00 00 00 00 00
@sossrc_2_1 2026-10-09T10:01:25 9172 01 56 00 00 00 00 01 00 00 00 F4 01 00 00 F6 8C 00 00 00 04 48 00 B4 2D 00 00 01 6F 00 00 00 B4 2D 00 00 01 65 00 58 02 F4 1A 00 00 00 00 00 00 00 00 00 00 00 00 A4 1C
@sos_2_1 2026-10-09T10:01:26 9173 01 00 57 00 00 00 74 88 0D 00 14 AE 01 00 01 04 66 00 C2 01 00 00 00 00 00 00 00 00 00 00 01 01 02 00 00 08 01 00 00 00 00 00 00 00 00 00 00 00 00 00 00 00 00 00 00 00 00 00 00 00 01 00 00 0C 02 00 00 00 00 00 00 00 00 00 00 00 00 00 00 00 00 00 00 00 00 00 00 00 00 00 00 00 00 00 00 00 00 00 00 00 00 00 00 00 00
@sossrc_2_1 2026-10-09T10:01:26 9174 01 57 00 00 00 00 01 00 00 00 DC 05 00 00 F6 8C 00 00 00 04 48 00 B4 2D 00 00 01 6F 00 00 00 B4 2D 00 00 01 65 00 58 02 F4 1A 00 00 00 00 00 00 00 00 00 00 00 00 A4 1C
@sos_2_1 2026-10-09T10:01:27 9175 01 00 58 00 00 00 5C 8C 0D 00 14 AE 01 00 01 04 66 00 C2 01 00 00 00 00 00 00 00 00 00 00 01 01 02 00 00 08 01 00 00 00 00 00 00 00 00 00 00 00 00 00 00 00 00 00 00 00 00 00 00 00 01 00 00 0C 02 00 00 00 00 00 00 00 00 00 00 00 00 00 00 00 00 00 00 00 00 00 00 00 00 00 00 00 00 00 00 00 00 00 00 00 00 00 00 00 00
@sossrc_2_1 2026-10-09T10:01:27 9176 01 58 00 00 00 00 01 00 00 00 F4 01 00 00 F8 8C 00 00 00 04 48 00 DC 2D 00 00 01 6F 00 00 00 DC 2D 00 00 01 65 00 58 02 84 1C 00 00 00 00 00 00 00 00 00 00 00 00 A4 1C
@sos_2_1 2026-10-09T10:01:28 9177 01 00 59 00 00 00 44 90 0D 00 14 AE 01 00 01 04 66 00 C2 01 00 00 00 00 00 00 00 00 00 00 01 01 02 00 00 08 01 00 00 00 00 00 00 00 00 00 00 00 00 00 00 00 00 00 00 00 00 00 00 00 01 00 00 0C 02 00 00 00 00 00 00 00 00 00 00 00 00 00 00 00 00 00 00 00 00 00 00 00 00 00 00 00 00 00 00 00 00 00 00 00 00 00 00 00 00
@sossrc_2_1 2026-10-09T10:01:28 9178 01 59 00 00 00 00 01 00 00 00 DC 05 00 00 F8 8C 00 00 00 04 48 00 DC 2D 00 00 01 6F 00 00 00 DC 2D 00 00 01 65 00 58 02 84 1C 00 00 00 00 00 00 00 00 00 00 00 00 A4 1C
@sos_2_1 2026-10-09T10:01:29 9179 01 00 5A 00 00 00 2C 94 0D 00 14 AE 01 00 01 04 66 00 C2 01 00 00 00 00 00 00 00 00 00 00 01 01 02 00 00 08 01 00 00 00 00 00 00 00 00 00 00 00 00 00 00 00 00 00 00 00 00 00 00 00 01 00 00 0C 02 00 00 00 00 00 00 00 00 00 00 00 00 00 00 00 00 00 00 00 00 00 00 00 00 00 00 00 00 00 00 00 00 00 00 00 00 00 00 00 00
@sossrc_2_1 2026-10-09T10:01:29 9180 01 5A 00 00 00 00 01 00 00 00 F4 01 00 00 FA 8C 00 00 00 04 48 00 04 2E 00 00 01 6F 00 00 00 04 2E 00 00 01 65 00 58 02 14 1E 00 00 00 00 00 00 00 00 00 00 00 00 A4 1C
@sos_2_1 2026-10-09T10:01:30 9181 01 00 5B 00 00 00 14 98 0D 00 14 AE 01 00 01 04 66 00 C2 01 00 00 00 00 00 00 00 00 00 00 01 01 02 00 00 08 01 00 00 00 00 00 00 00 00 00 00 00 00 00 00 00 00 00 00 00 00 00 00 00 01 00 00 0C 02 00 00 00 00 00 00 00 00 00 00 00 00 00 00 00 00 00 00 00 00 00 00 00 00 00 00 00 00 00 00 00 00 00 00 00 00 00 00 00 00
@sossrc_2_1 2026-10-09T10:01:30 9182 01 5B 00 00 00 00 01 00 00 00 DC 05 00 00 FA 8C 00 00 00 04 48 00 04 2E 00 00 01 6F 00 00 00 04 2E 00 00 01 65 00 58 02 14 1E 00 00 00 00 00 00 00 00 00 00 00 00 A4 1C
@sos_2_1 2026-10-09T10:01:31 9183 01 00 5C 00 00 00 FC 9B 0D 00 14 AE 01 00 01 04 66 00 C2 01 00 00 00 00 00 00 00 00 00 00 01 01 02 00 00 08 01 00 00 00 00 00 00 00 00 00 00 00 00 00 00 00 00 00 00 00 00 00 00 00 01 00 00 0C 02 00 00 00 00 00 00 00 00 00 00 00 00 00 00 00 00 00 00 00 00 00 00 00 00 00 00 00 00 00 00 00 00 00 00 00 00 00 00 00 00
@sossrc_2_1 2026-10-09T10:01:31 9184 01 5C 00 00 00 00 01 00 00 00 F4 01 00 00 FC 8C 00 00 00 04 48 00 2C 2E 00 00 01 6F 00 00 00 2C 2E 00 00 01 65 00 58 02 A4 1F 00 00 00 00 00 00 00 00 00 00 00 00 A4 1C
@sos_2_1 2026-10-09T10:01:32 9185 01 00 5D 00 00 00 E4 9F 0D 00 14 AE 01 00 01 04 66 00 C2 01 00 00 00 00 00 00 00 00 00 00 01 01 02 00 00 08 01 00 00 00 00 00 00 00 00 00 00 00 00 00 00 00 00 00 00 00 00 00 00 00 01 00 00 0C 02 00 00 00 00 00 00 00 00 00 00 00 00 00 00 00 00 00 00 00 00 00 00 00 00 00 00 00 00 00 00 00 00 00 00 00 00 00 00 00 00
@sossrc_2_1 2026-10-09T10:01:32 9186 01 5D 00 00 00 00 01 00 00 00 DC 05 00 00 FC 8C 00 00 00 04 48 00 2C 2E 00 00 01 6F 00 00 00 2C 2E 00 00 01 65 00 58 02 A4 1F 00 00 00 00 00 00 00 00 00 00 00 00 A4 1C
@sos_2_1 2026-10-09T10:01:33 9187 01 00 5E 00 00 00 CC A3 0D 00 14 AE 01 00 01 04 66 00 C2 01 00 00 00 00 00 00 00 00 00 00 01 01 02 00 00 08 01 00 00 00 00 00 00 00 00 00 00 00 00 00 00 00 00 00 00 00 00 00 00 00 01 00 00 0C 02 00 00 00 00 00 00 00 00 00 00 00 00 00 00 00 00 00 00 00 00 00 00 00 00 00 00 00 00 00 00 00 00 00 00 00 00 00 00 00 00
@sossrc_2_1 2026-10-09T10:01:33 9188 01 5E 00 00 00 00 01 00 00 00 F4 01 00 00 FE 8C 00 00 00 04 48 00 54 2E 00 00 01 6F 00 00 00 54 2E 00 00 01 65 00 58 02 34 21 00 00 00 00 00 00 00 00 00 00 00 00 A4 1C
@sos_2_1 2026-10-09T10:01:34 9189 01 00 5F 00 00 00 B4 A7 0D 00 14 AE 01 00 01 04 66 00 C2 01 00 00 00 00 00 00 00 00 00 00 01 01 02 00 00 08 01 00 00 00 00 00 00 00 00 00 00 00 00 00 00 00 00 00 00 00 00 00 00 00 01 00 00 0C 02 00 00 00 00 00 00 00 00 00 00 00 00 00 00 00 00 00 00 00 00 00 00 00 00 00 00 00 00 00 00 00 00 00 00 00 00 00 00 00 00
@sossrc_2_1 2026-10-09T10:01:34 9190 01 5F 00 00 00 00 01 00 00 00 DC 05 00 00 FE 8C 00 00 00 04 48 00 54 2E 00 00 01 6F 00 00 00 54 2E 00 00 01 65 00 58 02 34 21 00 00 00 00 00 00 00 00 00 00 00 00 A4 1C
@sos_2_1 2026-10-09T10:01:35 9191 01 00 60 00 00 00 9C AB 0D 00 14 AE 01 00 01 04 66 00 C2 01 00 00 00 00 00 00 00 00 00 00 01 01 02 00 00 08 01 00 00 00 00 00 00 00 00 00 00 00 00 00 00 00 00 00 00 00 00 00 00 00 01 00 00 0C 02 00 00 00 00 00 00 00 00 00 00 00 00 00 00 00 00 00 00 00 00 00 00 00 00 00 00 00 00 00 00 00 00 00 00 00 00 00 00 00 00
@sossrc_2_1 2026-10-09T10:01:35 9192 01 60 00 00 00 00 01 00 00 00 F4 01 00 00 00 8D 00 00 00 04 48 00 7C 2E 00 00 01 6F 00 00 00 7C 2E 00 00 01 65 00 58 02 C4 22 00 00 00 00 00 00 00 00 00 00 00 00 A4 1C
@sos_2_1 2026-10-09T10:01:36 9193 01 00 61 00 00 00 84 AF 0D 00 14 AE 01 00 01 04 66 00 C2 01 00 00 00 00 00 00 00 00 00 00 01 01 02 00 00 08 01 00 00 00 00 00 00 00 00 00 00 00 00 00 00 00 00 00 00 00 00 00 00 00 01 00 00 0C 02 00 00 00 00 00 00 00 00 00 00 00 00 00 00 00 00 00 00 00 00 00 00 00 00 00 00 00 00 00 00 00 00 00 00 00 00 00 00 00 00
@sossrc_2_1 2026-10-09T10:01:36 9194 01 61 00 00 00 00 01 00 00 00 DC 05 00 00 00 8D 00 00 00 04 48 00 7C 2E 00 00 01 6F 00 00 00 7C 2E 00 00 01 65 00 58 02 C4 22 00 00 00 00 00 00 00 00 00 00 00 00 A4 1C
@sos_2_1 2026-10-09T10:01:37 9195 01 00 62 00 00 00 6C B3 0D 00 14 AE 01 00 01 04 66 00 C2 01 00 00 00 00 00 00 00 00 00 00 01 01 02 00 00 08 01 00 00 00 00 00 00 00 00 00 00 00 00 00 00 00 00 00 00 00 00 00 00 00 01 00 00 0C 02 00 00 00 00 00 00 00 00 00 00 00 00 00 00 00 00 00 00 00 00 00 00 00 00 00 00 00 00 00 00 00 00 00 00 00 00 00 00 00 00
@sossrc_2_1 2026-10-09T10:01:37 9196 01 62 00 00 00 00 01 00 00 00 F4 01 00 00 02 8D 00 00 00 04 48 00 A4 2E 00 00 01 6F 00 00 00 A4 2E 00 00 01 65 00 58 02 54 24 00 00 00 00 00 00 00 00 00 00 00 00 A4 1C
@sos_2_1 2026-10-09T10:01:38 9197 01 00 63 00 00 00 54 B7 0D 00 14 AE 01 00 01 04 66 00 C2 01 00 00 00 00 00 00 00 00 00 00 01 01 02 00 00 08 01 00 00 00 00 00 00 00 00 00 00 00 00 00 00 00 00 00 00 00 00 00 00 00 01 00 00 0C 02 00 00 00 00 00 00 00 00 00 00 00 00 00 00 00 00 00 00 00 00 00 00 00 00 00 00 00 00 00 00 00 00 00 00 00 00 00 00 00 00
@sossrc_2_1 2026-10-09T10:01:38 9198 01 63 00 00 00 00 01 00 00 00 DC 05 00 00 02 8D 00 00 00 04 48 00 A4 2E 00 00 01 6F 00 00 00 A4 2E 00 00 01 65 00 58 02 54 24 00 00 00 00 00 00 00 00 00 00 00 00 A4 1C
@sos_2_1 2026-10-09T10:01:39 9199 01 00 64 00 00 00 3C BB 0D 00 14 AE 01 00 01 04 66 00 C2 01 00 00 00 00 00 00 00 00 00 00 01 01 02 00 00 08 01 00 00 00 00 00 00 00 00 00 00 00 00 00 00 00 00 00 00 00 00 00 00 00 01 00 00 0C 02 00 00 00 00 00 00 00 00 00 00 00 00 00 00 00 00 00 00 00 00 00 00 00 00 00 00 00 00 00 00 00 00 00 00 00 00 00 00 00 00
@sossrc_2_1 2026-10-09T10:01:39 9200 01 64 00 00 00 00 01 00 00 00 F4 01 00 00 04 8D 00 00 00 04 48 00 CC 2E 00 00 01 6F 00 00 00 CC 2E 00 00 01 65 00 58 02 E4 25 00 00 00 00 00 00 00 00 00 00 00 00 A4 1C
@sos_2_1 2026-10-09T10:01:40 9201 01 00 65 00 00 00 24 BF 0D 00 14 AE 01 00 01 04 66 00 C2 01 00 00 00 00 00 00 00 00 00 00 01 01 02 00 00 08 01 00 00 00 00 00 00 00 00 00 00 00 00 00 00 00 00 00 00 00 00 00 00 00 01 00 00 0C 02 00 00 00 00 00 00 00 00 00 00 00 00 00 00 00 00 00 00 00 00 00 00 00 00 00 00 00 00 00 00 00 00 00 00 00 00 00 00 00 00
@sossrc_2_1 2026-10-09T10:01:40 9202 01 65 00 00 00 00 01 00 00 00 DC 05 00 00 04 8D 00 00 00 04 48 00 CC 2E 00 00 01 6F 00 00 00 CC 2E 00 00 01 65 00 58 02 E4 25 00 00 00 00 00 00 00 00 00 00 00 00 A4 1C
@sos_2_1 2026-10-09T10:01:41 9203 01 00 66 00 00 00 0C C3 0D 00 14 AE 01 00 01 04 66 00 C2 01 00 00 00 00 00 00 00 00 00 00 01 01 02 00 00 08 01 00 00 00 00 00 00 00 00 00 00 00 00 00 00 00 00 00 00 00 00 00 00 00 01 00 00 0C 02 00 00 00 00 00 00 00 00 00 00 00 00 00 00 00 00 00 00 00 00 00 00 00 00 00 00 00 00 00 00 00 00 00 00 00 00 00 00 00 00
@sossrc_2_1 2026-10-09T10:01:41 9204 01 66 00 00 00 00 01 00 00 00 F4 01 00 00 06 8D 00 00 00 04 48 00 F4 2E 00 00 01 70 00 00 00 F4 2E 00 00 01 65 00 58 02 74 27 00 00 00 00 00 00 00 00 00 00 00 00 A4 14
@sos_2_1 2026-10-09T10:01:42 9205 01 00 67 00 00 00 F4 C6 0D 00 14 AE 01 00 01 04 66 00 C2 01 00 00 00 00 00 00 00 00 00 00 01 01 02 00 00 08 01 00 00 00 00 00 00 00 00 00 00 00 00 00 00 00 00 00 00 00 00 00 00 00 01 00 00 0C 02 00 00 00 00 00 00 00 00 00 00 00 00 00 00 00 00 00 00 00 00 00 00 00 00 00 00 00 00 00 00 00 00 00 00 00 00 00 00 00 00
@sossrc_2_1 2026-10-09T10:01:42 9206 01 67 00 00 00 00 01 00 00 00 DC 05 00 00 06 8D 00 00 00 04 48 00 F4 2E 00 00 01 70 00 00 00 F4 2E 00 00 01 65 00 58 02 74 27 00 00 00 00 00 00 00 00 00 00 00 00 A4 14
@sos_2_1 2026-10-09T10:01:43 9207 01 00 68 00 00 00 DC CA 0D 00 14 AE 01 00 01 04 66 00 C2 01 00 00 00 00 00 00 00 00 00 00 01 01 02 00 00 08 01 00 00 00 00 00 00 00 00 00 00 00 00 00 00 00 00 00 00 00 00 00 00 00 01 00 00 0C 02 00 00 00 00 00 00 00 00 00 00 00 00 00 00 00 00 00 00 00 00 00 00 00 00 00 00 00 00 00 00 00 00 00 00 00 00 00 00 00 00
@sossrc_2_1 2026-10-09T10:01:43 9208 01 68 00 00 00 00 01 00 00 00 F4 01 00 00 08 8D 00 00 00 04 48 00 1C 2F 00 00 01 70 00 00 00 1C 2F 00 00 01 65 00 58 02 04 29 00 00 00 00 00 00 00 00 00 00 00 00 A4 14
@sos_2_1 2026-10-09T10:01:44 9209 01 00 69 00 00 00 C4 CE 0D 00 14 AE 01 00 01 04 66 00 C2 01 00 00 00 00 00 00 00 00 00 00 01 01 02 00 00 08 01 00 00 00 00 00 00 00 00 00 00 00 00 00 00 00 00 00 00 00 00 00 00 00 01 00 00 0C 02 00 00 00 00 00 00 00 00 00 00 00 00 00 00 00 00 00 00 00 00 00 00 00 00 00 00 00 00 00 00 00 00 00 00 00 00 00 00 00 00
@sossrc_2_1 2026-10-09T10:01:44 9210 01 69 00 00 00 00 01 00 00 00 DC 05 00 00 08 8D 00 00 00 04 48 00 1C 2F 00 00 01 70 00 00 00 1C 2F 00 00 01 65 00 58 02 04 29 00 00 00 00 00 00 00 00 00 00 00 00 A4 14
@sos_2_1 2026-10-09T10:01:45 9211 01 00 6A 00 00 00 AC D2 0D 00 14 AE 01 00 01 04 66 00 C2 01 00 00 00 00 00 00 00 00 00 00 01 01 02 00 00 08 01 00 00 00 00 00 00 00 00 00 00 00 00 00 00 00 00 00 00 00 00 00 00 00 01 00 00 0C 02 00 00 00 00 00 00 00 00 00 00 00 00 00 00 00 00 00 00 00 00 00 00 00 00 00 00 00 00 00 00 00 00 00 00 00 00 00 00 00 00
@sossrc_2_1 2026-10-09T10:01:45 9212 01 6A 00 00 00 00 01 00 00 00 F4 01 00 00 0A 8D 00 00 00 04 48 00 44 2F 00 00 01 70 00 00 00 44 2F 00 00 01 65 00 58 02 94 2A 00 00 00 00 00 00 00 00 00 00 00 00 A4 14
@sos_2_1 2026-10-09T10:01:46 9213 01 00 6B 00 00 00 94 D6 0D 00 14 AE 01 00 01 04 66 00 C2 01 00 00 00 00 00 00 00 00 00 00 01 01 02 00 00 08 01 00 00 00 00 00 00 00 00 00 00 00 00 00 00 00 00 00 00 00 00 00 00 00 01 00 00 0C 02 00 00 00 00 00 00 00 00 00 00 00 00 00 00 00 00 00 00 00 00 00 00 00 00 00 00 00 00 00 00 00 00 00 00 00 00 00 00 00 00
@sossrc_2_1 2026-10-09T10:01:46 9214 01 6B 00 00 00 00 01 00 00 00 DC 05 00 00 0A 8D 00 00 00 04 48 00 44 2F 00 00 01 70 00 00 00 44 2F 00 00 01 65 00 58 02 94 2A 00 00 00 00 00 00 00 00 00 00 00 00 A4 14
@sos_2_1 2026-10-09T10:01:47 9215 01 00 6C 00 00 00 7C DA 0D 00 14 AE 01 00 01 04 66 00 C2 01 00 00 00 00 00 00 00 00 00 00 01 01 02 00 00 08 01 00 00 00 00 00 00 00 00 00 00 00 00 00 00 00 00 00 00 00 00 00 00 00 01 00 00 0C 02 00 00 00 00 00 00 00 00 00 00 00 00 00 00 00 00 00 00 00 00 00 00 00 00 00 00 00 00 00 00 00 00 00 00 00 00 00 00 00 00
@sossrc_2_1 2026-10-09T10:01:47 9216 01 6C 00 00 00 00 01 00 00 00 F4 01 00 00 0C 8D 00 00 00 04 48 00 6C 2F 00 00 01 70 00 00 00 6C 2F 00 00 01 65 00 58 02 24 2C 00 00 00 00 00 00 00 00 00 00 00 00 A4 14
@sos_2_1 2026-10-09T10:01:48 9217 01 00 6D 00 00 00 64 DE 0D 00 14 AE 01 00 01 04 66 00 C2 01 00 00 00 00 00 00 00 00 00 00 01 01 02 00 00 08 01 00 00 00 00 00 00 00 00 00 00 00 00 00 00 00 00 00 00 00 00 00 00 00 01 00 00 0C 02 00 00 00 00 00 00 00 00 00 00 00 00 00 00 00 00 00 00 00 00 00 00 00 00 00 00 00 00 00 00 00 00 00 00 00 00 00 00 00 00
@sossrc_2_1 2026-10-09T10:01:48 9218 01 6D 00 00 00 00 01 00 00 00 DC 05 00 00 0C 8D 00 00 00 04 48 00 6C 2F 00 00 01 70 00 00 00 6C 2F 00 00 01 65 00 58 02 24 2C 00 00 00 00 00 00 00 00 00 00 00 00 A4 14
@sos_2_1 2026-10-09T10:01:49 9219 01 00 6E 00 00 00 4C E2 0D 00 14 AE 01 00 01 04 66 00 C2 01 00 00 00 00 00 00 00 00 00 00 01 01 02 00 00 08 01 00 00 00 00 00 00 00 00 00 00 00 00 00 00 00 00 00 00 00 00 00 00 00 01 00 00 0C 02 00 00 00 00 00 00 00 00 00 00 00 00 00 00 00 00 00 00 00 00 00 00 00 00 00 00 00 00 00 00 00 00 00 00 00 00 00 00 00 00
@sossrc_2_1 2026-10-09T10:01:49 9220 01 6E 00 00 00 00 01 00 00 00 F4 01 00 00 0E 8D 00 00 00 04 48 00 94 2F 00 00 01 70 00 00 00 94 2F 00 00 01 65 00 58 02 B4 2D 00 00 00 00 00 00 00 00 00 00 00 00 A4 14
@sos_2_1 2026-10-09T10:01:50 9221 01 00 6F 00 00 00 34 E6 0D 00 14 AE 01 00 01 04 66 00 C2 01 00 00 00 00 00 00 00 00 00 00 01 01 02 00 00 08 01 00 00 00 00 00 00 00 00 00 00 00 00 00 00 00 00 00 00 00 00 00 00 00 01 00 00 0C 02 00 00 00 00 00 00 00 00 00 00 00 00 00 00 00 00 00 00 00 00 00 00 00 00 00 00 00 00 00 00 00 00 00 00 00 00 00 00 00 00
@sossrc_2_1 2026-10-09T10:01:50 9222 01 6F 00 00 00 00 01 00 00 00 DC 05 00 00 0E 8D 00 00 00 04 48 00 94 2F 00 00 01 70 00 00 00 94 2F 00 00 01 65 00 58 02 B4 2D 00 00 00 00 00 00 00 00 00 00 00 00 A4 14
@sos_2_1 2026-10-09T10:01:51 9223 01 00 70 00 00 00 1C EA 0D 00 14 AE 01 00 01 04 66 00 C2 01 00 00 00 00 00 00 00 00 00 00 01 01 02 00 00 08 01 00 00 00 00 00 00 00 00 00 00 00 00 00 00 00 00 00 00 00 00 00 00 00 01 00 00 0C 02 00 00 00 00 00 00 00 00 00 00 00 00 00 00 00 00 00 00 00 00 00 00 00 00 00 00 00 00 00 00 00 00 00 00 00 00 00 00 00 00
@sossrc_2_1 2026-10-09T10:01:51 9224 01 70 00 00 00 00 01 00 00 00 F4 01 00 00 10 8D 00 00 00 04 48 00 BC 2F 00 00 01 70 00 00 00 BC 2F 00 00 01 65 00 58 02 44 2F 00 00 00 00 00 00 00 00 00 00 00 00 A4 14
@sos_2_1 2026-10-09T10:01:52 9225 01 00 71 00 00 00 04 EE 0D 00 14 AE 01 00 01 04 66 00 C2 01 00 00 00 00 00 00 00 00 00 00 01 01 00 00 00 08 01 00 00 00 00 00 00 00 00 00 00 00 00 00 00 00 00 00 00 00 00 00 00 00 00 00 00 0C 02 00 00 00 00 00 00 00 00 00 00 00 00 00 00 00 00 00 00 00 00 00 00 00 00 00 00 00 00 00 00 00 00 00 00 00 00 00 00 00 00
@sossrc_2_1 2026-10-09T10:01:52 9226 01 71 00 00 00 00 01 00 00 00 DC 05 00 00 10 8D 00 00 00 04 48 00 BC 2F 00 00 01 70 00 00 00 BC 2F 00 00 01 65 00 58 02 44 2F 00 00 00 00 00 00 00 00 00 00 00 00 A4 14
@sos_2_1 2026-10-09T10:01:53 9227 01 00 72 00 00 00 EC F1 0D 00 14 AE 01 00 01 04 66 00 C2 01 00 00 00 00 00 00 00 00 00 00 01 01 00 00 00 08 01 00 00 00 00 00 00 00 00 00 00 00 00 00 00 00 00 00 00 00 00 00 00 00 00 00 00 0C 02 00 00 00 00 00 00 00 00 00 00 00 00 00 00 00 00 00 00 00 00 00 00 00 00 00 00 00 00 00 00 00 00 00 00 00 00 00 00 00 00
@sossrc_2_1 2026-10-09T10:01:53 9228 01 72 00 00 00 00 01 00 00 00 F4 01 00 00 12 8D 00 00 00 04 48 00 E4 2F 00 00 01 70 00 00 00 E4 2F 00 00 01 65 00 58 02 D4 30 00 00 00 00 00 00 00 00 00 00 00 00 A4 14
@sos_2_1 2026-10-09T10:01:54 9229 01 00 73 00 00 00 D4 F5 0D 00 14 AE 01 00 01 04 66 00 C2 01 00 00 00 00 00 00 00 00 00 00 01 01 00 00 00 08 01 00 00 00 00 00 00 00 00 00 00 00 00 00 00 00 00 00 00 00 00 00 00 00 00 00 00 0C 02 00 00 00 00 00 00 00 00 00 00 00 00 00 00 00 00 00 00 00 00 00 00 00 00 00 00 00 00 00 00 00 00 00 00 00 00 00 00 00 00
@sossrc_2_1 2026-10-09T10:01:54 9230 01 73 00 00 00 00 01 00 00 00 DC 05 00 00 12 8D 00 00 00 04 48 00 E4 2F 00 00 01 70 00 00 00 E4 2F 00 00 01 65 00 58 02 D4 30 00 00 00 00 00 00 00 00 00 00 00 00 A4 14
@sos_2_1 2026-10-09T10:01:55 9231 01 00 74 00 00 00 BC F9 0D 00 14 AE 01 00 01 04 66 00 C2 01 00 00 00 00 00 00 00 00 00 00 01 01 00 00 00 08 01 00 00 00 00 00 00 00 00 00 00 00 00 00 00 00 00 00 00 00 00 00 00 00 00 00 00 0C 02 00 00 00 00 00 00 00 00 00 00 00 00 00 00 00 00 00 00 00 00 00 00 00 00 00 00 00 00 00 00 00 00 00 00 00 00 00 00 00 00
@sossrc_2_1 2026-10-09T10:01:55 9232 01 74 00 00 00 00 01 00 00 00 F4 01 00 00 14 8D 00 00 00 04 48 00 0C 30 00 00 01 70 00 00 00 0C 30 00 00 01 65 00 58 02 64 32 00 00 00 00 00 00 00 00 00 00 00 00 A4 14
@sos_2_1 2026-10-09T10:01:56 9233 01 00 75 00 00 00 A4 FD 0D 00 14 AE 01 00 01 04 66 00 C2 01 00 00 00 00 00 00 00 00 00 00 01 01 00 00 00 08 01 00 00 00 00 00 00 00 00 00 00 00 00 00 00 00 00 00 00 00 00 00 00 00 00 00 00 0C 02 00 00 00 00 00 00 00 00 00 00 00 00 00 00 00 00 00 00 00 00 00 00 00 00 00 00 00 00 00 00 00 00 00 00 00 00 00 00 00 00
@sossrc_2_1 2026-10-09T10:01:56 9234 01 75 00 00 00 00 01 00 00 00 DC 05 00 00 14 8D 00 00 00 04 48 00 0C 30 00 00 01 70 00 00 00 0C 30 00 00 01 65 00 58 02 64 32 00 00 00 00 00 00 00 00 00 00 00 00 A4 14
@sos_2_1 2026-10-09T10:01:57 9235 01 00 76 00 00 00 8C 01 0E 00 14 AE 01 00 01 04 66 00 C2 01 00 00 00 00 00 00 00 00 00 00 01 01 00 00 00 08 01 00 00 00 00 00 00 00 00 00 00 00 00 00 00 00 00 00 00 00 00 00 00 00 00 00 00 0C 02 00 00 00 00 00 00 00 00 00 00 00 00 00 00 00 00 00 00 00 00 00 00 00 00 00 00 00 00 00 00 00 00 00 00 00 00 00 00 00 00
@sossrc_2_1 2026-10-09T10:01:57 9236 01 76 00 00 00 00 01 00 00 00 F4 01 00 00 16 8D 00 00 00 04 48 00 34 30 00 00 01 70 00 00 00 34 30 00 00 01 65 00 58 02 F4 33 00 00 00 00 00 00 00 00 00 00 00 00 A4 14
@sos_2_1 2026-10-09T10:01:58 9237 01 00 77 00 00 00 74 05 0E 00 14 AE 01 00 01 04 66 00 C2 01 00 00 00 00 00 00 00 00 00 00 01 01 00 00 00 08 01 00 00 00 00 00 00 00 00 00 00 00 00 00 00 00 00 00 00 00 00 00 00 00 00 00 00 0C 02 00 00 00 00 00 00 00 00 00 00 00 00 00 00 00 00 00 00 00 00 00 00 00 00 00 00 00 00 00 00 00 00 00 00 00 00 00 00 00 00
@sossrc_2_1 2026-10-09T10:01:58 9238 01 77 00 00 00 00 01 00 00 00 DC 05 00 00 16 8D 00 00 00 04 48 00 34 30 00 00 01 70 00 00 00 34 30 00 00 01 65 00 58 02 F4 33 00 00 00 00 00 00 00 00 00 00 00 00 A4 14
@sos_2_1 2026-10-09T10:01:59 9239 01 00 78 00 00 00 5C 09 0E 00 14 AE 01 00 01 04 66 00 C2 01 00 00 00 00 00 00 00 00 00 00 01 01 00 00 00 08 01 00 00 00 00 00 00 00 00 00 00 00 00 00 00 00 00 00 00 00 00 00 00 00 00 00 00 0C 02 00 00 00 00 00 00 00 00 00 00 00 00 00 00 00 00 00 00 00 00 00 00 00 00 00 00 00 00 00 00 00 00 00 00 00 00 00 00 00 00
@sossrc_2_1 2026-10-09T10:01:59 9240 01 78 00 00 00 00 01 00 00 00 F4 01 00 00 18 8D 00 00 00 04 48 00 5C 30 00 00 01 70 00 00 00 5C 30 00 00 01 65 00 58 02 84 35 00 00 00 00 00 00 00 00 00 00 00 00 A4 14
@sos_2_1 2026-10-09T10:02:00 9241 01 00 79 00 00 00 44 0D 0E 00 14 AE 01 00 01 04 66 00 C2 01 00 00 00 00 00 00 00 00 00 00 01 01 00 00 00 08 01 00 00 00 00 00 00 00 00 00 00 00 00 00 00 00 00 00 00 00 00 00 00 00 00 00 00 0C 02 00 00 00 00 00 00 00 00 00 00 00 00 00 00 00 00 00 00 00 00 00 00 00 00 00 00 00 00 00 00 00 00 00 00 00 00 00 00 00 00
@sossrc_2_1 2026-10-09T10:02:00 9242 01 79 00 00 00 00 01 00 00 00 DC 05 00 00 18 8D 00 00 00 04 48 00 5C 30 00 00 01 70 00 00 00 5C 30 00 00 01 65 00 58 02 84 35 00 00 00 00 00 00 00 00 00 00 00 00 A4 14
@sos_2_1 2026-10-09T10:02:01 9243 01 00 7A 00 00 00 2C 11 0E 00 14 AE 01 00 01 04 66 00 C2 01 00 00 00 00 00 00 00 00 00 00 01 01 00 00 00 08 01 00 00 00 00 00 00 00 00 00 00 00 00 00 00 00 00 00 00 00 00 00 00 00 00 00 00 0C 02 00 00 00 00 00 00 00 00 00 00 00 00 00 00 00 00 00 00 00 00 00 00 00 00 00 00 00 00 00 00 00 00 00 00 00 00 00 00 00 00
@sossrc_2_1 2026-10-09T10:02:01 9244 01 7A 00 00 00 00 01 00 00 00 F4 01 00 00 1A 8D 00 00 00 04 48 00 84 30 00 00 01 70 00 00 00 84 30 00 00 01 65 00 58 02 14 37 00 00 00 00 00 00 00 00 00 00 00 00 A4 14
@sos_2_1 2026-10-09T10:02:02 9245 01 00 7B 00 00 00 14 15 0E 00 14 AE 01 00 01 04 66 00 C2 01 00 00 00 00 00 00 00 00 00 00 01 01 00 00 00 08 01 00 00 00 00 00 00 00 00 00 00 00 00 00 00 00 00 00 00 00 00 00 00 00 00 00 00 0C 02 00 00 00 00 00 00 00 00 00 00 00 00 00 00 00 00 00 00 00 00 00 00 00 00 00 00 00 00 00 00 00 00 00 00 00 00 00 00 00 00
@sossrc_2_1 2026-10-09T10:02:02 9246 01 7B 00 00 00 00 01 00 00 00 DC 05 00 00 1A 8D 00 00 00 04 48 00 84 30 00 00 01 70 00 00 00 84 30 00 00 01 65 00 58 02 14 37 00 00 00 00 00 00 00 00 00 00 00 00 A4 14
@sos_2_1 2026-10-09T10:02:03 9247 01 00 7C 00 00 00 FC 18 0E 00 14 AE 01 00 01 04 66 00 C2 01 00 00 00 00 00 00 00 00 00 00 01 01 00 00 00 08 01 00 00 00 00 00 00 00 00 00 00 00 00 00 00 00 00 00 00 00 00 00 00 00 00 00 00 0C 02 00 00 00 00 00 00 00 00 00 00 00 00 00 00 00 00 00 00 00 00 00 00 00 00 00 00 00 00 00 00 00 00 00 00 00 00 00 00 00 00
@sossrc_2_1 2026-10-09T10:02:03 9248 01 7C 00 00 00 00 01 00 00 00 F4 01 00 00 1C 8D 00 00 00 04 48 00 AC 30 00 00 01 70 00 00 00 AC 30 00 00 01 65 00 58 02 A4 38 00 00 00 00 00 00 00 00 00 00 00 00 A4 14
@sos_2_1 2026-10-09T10:02:04 9249 01 00 7D 00 00 00 E4 1C 0E 00 14 AE 01 00 01 04 66 00 C2 01 00 00 00 00 00 00 00 00 00 00 01 01 00 00 00 08 01 00 00 00 00 00 00 00 00 00 00 00 00 00 00 00 00 00 00 00 00 00 00 00 00 00 00 0C 02 00 00 00 00 00 00 00 00 00 00 00 00 00 00 00 00 00 00 00 00 00 00 00 00 00 00 00 00 00 00 00 00 00 00 00 00 00 00 00 00
@sossrc_2_1 2026-10-09T10:02:04 9250 01 7D 00 00 00 00 01 00 00 00 DC 05 00 00 1C 8D 00 00 00 04 48 00 AC 30 00 00 01 70 00 00 00 AC 30 00 00 01 65 00 58 02 A4 38 00 00 00 00 00 00 00 00 00 00 00 00 A4 14
@sos_2_1 2026-10-09T10:02:05 9251 01 00 7E 00 00 00 CC 20 0E 00 14 AE 01 00 01 04 66 00 C2 01 00 00 00 00 00 00 00 00 00 00 01 01 00 00 00 08 01 00 00 00 00 00 00 00 00 00 00 00 00 00 00 00 00 00 00 00 00 00 00 00 00 00 00 0C 02 00 00 00 00 00 00 00 00 00 00 00 00 00 00 00 00 00 00 00 00 00 00 00 00 00 00 00 00 00 00 00 00 00 00 00 00 00 00 00 00
@sossrc_2_1 2026-10-09T10:02:05 9252 01 7E 00 00 00 00 01 00 00 00 F4 01 00 00 1E 8D 00 00 00 04 48 00 D4 30 00 00 01 70 00 00 00 D4 30 00 00 01 65 00 58 02 34 3A 00 00 00 00 00 00 00 00 00 00 00 00 A4 14
@sos_2_1 2026-10-09T10:02:06 9253 01 00 7F 00 00 00 B4 24 0E 00 14 AE 01 00 01 04 66 00 C2 01 00 00 00 00 00 00 00 00 00 00 01 01 00 00 00 08 01 00 00 00 00 00 00 00 00 00 00 00 00 00 00 00 00 00 00 00 00 00 00 00 00 00 00 0C 02 00 00 00 00 00 00 00 00 00 00 00 00 00 00 00 00 00 00 00 00 00 00 00 00 00 00 00 00 00 00 00 00 00 00 00 00 00 00 00 00
@sossrc_2_1 2026-10-09T10:02:06 9254 01 7F 00 00 00 00 01 00 00 00 DC 05 00 00 1E 8D 00 00 00 04 48 00 D4 30 00 00 01 70 00 00 00 D4 30 00 00 01 65 00 58 02 34 3A 00 00 00 00 00 00 00 00 00 00 00 00 A4 14
@sos_2_1 2026-10-09T10:02:07 9255 01 00 80 00 00 00 9C 28 0E 00 14 AE 01 00 01 04 66 00 C2 01 00 00 00 00 00 00 00 00 00 00 01 01 00 00 00 08 01 00 00 00 00 00 00 00 00 00 00 00 00 00 00 00 00 00 00 00 00 00 00 00 00 00 00 0C 02 00 00 00 00 00 00 00 00 00 00 00 00 00 00 00 00 00 00 00 00 00 00 00 00 00 00 00 00 00 00 00 00 00 00 00 00 00 00 00 00
@sossrc_2_1 2026-10-09T10:02:07 9256 01 80 00 00 00 00 01 00 00 00 F4 01 00 00 20 8D 00 00 00 04 48 00 FC 30 00 00 01 70 00 00 00 FC 30 00 00 01 65 00 58 02 C4 3B 00 00 00 00 00 00 00 00 00 00 00 00 A4 14
@sos_2_1 2026-10-09T10:02:08 9257 01 00 81 00 00 00 84 2C 0E 00 14 AE 01 00 01 04 66 00 C2 01 00 00 00 00 00 00 00 00 00 00 01 01 00 00 00 08 01 00 00 00 00 00 00 00 00 00 00 00 00 00 00 00 00 00 00 00 00 00 00 00 00 00 00 0C 02 00 00 00 00 00 00 00 00 00 00 00 00 00 00 00 00 00 00 00 00 00 00 00 00 00 00 00 00 00 00 00 00 00 00 00 00 00 00 00 00
@sossrc_2_1 2026-10-09T10:02:08 9258 01 81 00 00 00 00 01 00 00 00 DC 05 00 00 20 8D 00 00 00 04 48 00 FC 30 00 00 01 70 00 00 00 FC 30 00 00 01 65 00 58 02 C4 3B 00 00 00 00 00 00 00 00 00 00 00 00 A4 14
@sos_2_1 2026-10-09T10:02:09 9259 01 00 82 00 00 00 6C 30 0E 00 14 AE 01 00 01 04 66 00 C2 01 00 00 00 00 00 00 00 00 00 00 01 01 00 00 00 08 01 00 00 00 00 00 00 00 00 00 00 00 00 00 00 00 00 00 00 00 00 00 00 00 00 00 00 0C 02 00 00 00 00 00 00 00 00 00 00 00 00 00 00 00 00 00 00 00 00 00 00 00 00 00 00 00 00 00 00 00 00 00 00 00 00 00 00 00 00
@sossrc_2_1 2026-10-09T10:02:09 9260 01 82 00 00 00 00 01 00 00 00 F4 01 00 00 22 8D 00 00 00 04 48 00 24 31 00 00 01 70 00 00 00 24 31 00 00 01 65 00 58 02 54 3D 00 00 00 00 00 00 00 00 00 00 00 00 A4 14
@sos_2_1 2026-10-09T10:02:10 9261 01 00 83 00 00 00 54 34 0E 00 14 AE 01 00 01 04 66 00 C2 01 00 00 00 00 00 00 00 00 00 00 01 01 00 00 00 08 01 00 00 00 00 00 00 00 00 00 00 00 00 00 00 00 00 00 00 00 00 00 00 00 00 00 00 0C 02 00 00 00 00 00 00 00 00 00 00 00 00 00 00 00 00 00 00 00 00 00 00 00 00 00 00 00 00 00 00 00 00 00 00 00 00 00 00 00 00
@sossrc_2_1 2026-10-09T10:02:10 9262 01 83 00 00 00 00 01 00 00 00 DC 05 00 00 22 8D 00 00 00 04 48 00 24 31 00 00 01 70 00 00 00 24 31 00 00 01 65 00 58 02 54 3D 00 00 00 00 00 00 00 00 00 00 00 00 A4 14
