@linfo_1_1 2026-10-09T10:00:00 4000 01 02 01 00 00 00 82 00 B6 03 B6 03 02 16 16 02 05 05 05 02 1E 00 00 00 1E 00 00 01 02 05 08 0A 1E 00 19 0F 05 05 00 00 80 3F 5A 00 05 03 03 06 06 02 04 0A B4 00 78 00 F0 00 B8 0B 0E 05 1E 07 08 5A 0F 02 03 00 05 00 1E 00 78 00 0F 50 00 2C 01 2C 01 B8 0B F4 01 DC 05 0A C8 00 2C 01 32 32 32 1E 2C 01 58 02 B8 0B B8 0B 64 00 F4 01 64 00 0F 05 02 78 00 78 00 19 3C 3C 02 41 42 43 44 00 00 00 00 00 00 00 00 00 00 00 00 00 00 00 00 00 00 00 00 00 00 00 00 00 00 00 00 00 00 00 00 00 00 00 00 58 59 5A 41 00 00 00 00 00 00 00 00 00 00 00 00 00 00 00 00 00 00 00 00 00 00 00 00 00 00 00 00 00 00 00 00 00 00 00 00 01 00 00 7F 51 C3 00 00 01 00 00 7F 52 C3 00 00 C0 A8 A7 F4 01 70 17 03 28 02 07 00 00 00 41 00 00 A0 40 66 66 86 40 66 66 66 40 00 00 00 00 FA 00 64 00 50 00 50 00 E8 03 90 01 32 00 00 00 00 03 00 A8 FC 63 92 01 01 4C 4F 43 4F 5F 54 43 41 53 5F 42 52 41 4B 49 4E 47 00 00 00 00 00 00 00 00 00 00 00 00 00 00 00 00 00 00 00 00 00 00 00 82 64 64 96 00 FA 00 0A 00 04 04 04 03 03 04 32 0A 0A 32 0A 0A 46 0A 0A 64 0A 0A FF 00 64 64 00 00 00 01 00 02 00 01 3C 00 05 3C 3C 4B 64 03 02 04 00 00 00 D3 E5 43 BE
@sos_1_1 2026-10-09T10:00:00 4001 02 A4 A4 07 00 A0 86 01 00 01 04 65 00 D0 07 00 00 00 00 00 00 00 00 00 00 00 00 00 00 00 00 00 00 00 00 00 00
@sos_1_1 2026-10-09T10:00:01 4002 02 8C A8 07 00 68 87 01 00 01 04 65 00 D0 07 00 00 00 00 00 00 00 00 00 00 00 00 00 00 00 00 00 00 00 00 00 00
@sos_1_1 2026-10-09T10:00:02 4003 02 74 AC 07 00 30 88 01 00 01 04 65 00 D0 07 00 00 00 00 00 00 00 00 00 00 00 00 00 00 00 00 00 00 00 00 01 00 02 00 00 00 06 00 02 2B 00 00 01 66 00 C2 01 00 00 00 00 00 00 00 00 00
@sos_1_1 2026-10-09T10:00:03 4004 02 5C B0 07 00 F8 88 01 00 01 04 65 00 D0 07 00 00 00 00 00 00 00 00 00 00 00 00 00 00 00 00 00 00 00 00 01 00 02 00 00 00 10 00 02 2B 00 00 01 66 00 C2 01 00 00 00 00 00 00 00 00 00
@sos_1_1 2026-10-09T10:00:04 4005 02 44 B4 07 00 C0 89 01 00 01 04 65 00 D0 07 00 00 00 00 00 00 00 00 00 00 00 00 00 00 00 00 00 00 00 00 01 00 02 00 00 00 06 00 02 2B 00 00 01 66 00 C2 01 00 00 00 00 00 00 00 00 00
@sos_1_1 2026-10-09T10:00:05 4006 02 2C B8 07 00 88 8A 01 00 01 04 65 00 D0 07 00 00 00 00 00 00 00 00 00 00 00 00 00 00 00 00 00 00 00 00 01 00 02 00 00 00 10 00 02 2B 00 00 01 66 00 C2 01 00 00 00 00 00 00 00 00 00
@sos_1_1 2026-10-09T10:00:06 4007 02 14 BC 07 00 50 8B 01 00 01 04 65 00 D0 07 00 00 00 00 00 00 00 00 00 00 00 00 00 00 00 00 00 00 00 00 01 00 02 00 00 00 06 00 02 2B 00 00 01 66 00 C2 01 00 00 00 00 00 00 00 00 00
@sos_1_1 2026-10-09T10:00:07 4008 02 FC BF 07 00 18 8C 01 00 01 04 65 00 D0 07 00 00 00 00 00 00 00 00 00 00 00 00 00 00 00 00 00 00 00 00 01 00 02 00 00 00 10 00 02 2B 00 00 01 66 00 C2 01 00 00 00 00 00 00 00 00 00
@sos_1_1 2026-10-09T10:00:08 4009 02 E4 C3 07 00 E0 8C 01 00 01 04 65 00 D0 07 00 00 00 00 00 00 00 00 00 00 00 00 00 00 00 00 00 00 00 00 01 00 02 00 00 00 06 00 02 2B 00 00 01 66 00 C2 01 00 00 00 00 00 00 00 00 00
@sos_1_1 2026-10-09T10:00:09 4010 02 CC C7 07 00 A8 8D 01 00 01 04 65 00 D0 07 00 00 00 00 00 00 00 00 00 00 00 00 00 00 00 00 00 00 00 00 01 00 02 00 00 00 10 00 02 2B 00 00 01 66 00 C2 01 00 00 00 00 00 00 00 00 00
@sos_1_1 2026-10-09T10:00:10 4011 02 B4 CB 07 00 70 8E 01 00 01 04 65 00 D0 07 00 02 00 00 00 00 00 00 00 A4 1F 00 00 00 00 01 00 08 00 00 01 00 02 00 00 00 06 00 02 2B 00 00 01 66 00 C2 01 A4 1F 00 00 00 00 00 00 01
@sos_1_1 2026-10-09T10:00:11 4012 02 9C CF 07 00 38 8F 01 00 01 04 65 00 D0 07 00 02 00 00 00 00 00 00 00 DC 1E 00 00 00 00 01 00 08 00 00 01 00 02 00 00 00 10 00 02 2B 00 00 01 66 00 C2 01 DC 1E 00 00 00 00 00 00 01
@sos_1_1 2026-10-09T10:00:12 4013 02 84 D3 07 00 00 90 01 00 01 04 65 00 D0 07 00 02 00 00 00 00 00 00 00 14 1E 00 00 00 00 01 00 08 00 00 01 00 02 00 00 00 06 00 02 2B 00 00 01 66 00 C2 01 14 1E 00 00 00 00 00 00 01
@sos_1_1 2026-10-09T10:00:13 4014 02 6C D7 07 00 C8 90 01 00 01 04 65 00 D0 07 00 02 00 00 00 00 00 00 00 4C 1D 00 00 00 00 01 00 08 00 00 01 00 02 00 00 00 10 00 02 2B 00 00 01 66 00 C2 01 4C 1D 00 00 00 00 00 00 01
@sos_1_1 2026-10-09T10:00:14 4015 02 54 DB 07 00 90 91 01 00 01 04 65 00 D0 07 00 02 00 00 00 00 00 00 00 84 1C 00 00 00 00 01 00 08 00 00 01 00 02 00 00 00 06 00 02 2B 00 00 01 66 00 C2 01 84 1C 00 00 00 00 00 00 01
@sos_1_1 2026-10-09T10:00:15 4016 02 3C DF 07 00 58 92 01 00 01 04 65 00 D0 07 00 02 00 00 00 00 00 00 00 BC 1B 00 00 00 00 01 00 08 00 00 01 00 02 00 00 00 10 00 02 2B 00 00 01 66 00 C2 01 BC 1B 00 00 00 00 00 00 01
@sos_1_1 2026-10-09T10:00:16 4017 02 24 E3 07 00 20 93 01 00 01 04 65 00 D0 07 00 02 00 00 00 00 00 00 00 F4 1A 00 00 00 00 01 00 08 00 00 01 00 02 00 00 00 06 00 02 2B 00 00 01 66 00 C2 01 F4 1A 00 00 00 00 00 00 01
@sos_1_1 2026-10-09T10:00:17 4018 02 0C E7 07 00 E8 93 01 00 01 04 65 00 D0 07 00 02 00 00 00 00 00 00 00 2C 1A 00 00 00 00 01 00 08 00 00 01 00 02 00 00 00 10 00 02 2B 00 00 01 66 00 C2 01 2C 1A 00 00 00 00 00 00 01
@sos_1_1 2026-10-09T10:00:18 4019 02 F4 EA 07 00 B0 94 01 00 01 04 65 00 D0 07 00 02 00 00 00 00 00 00 00 64 19 00 00 00 00 01 00 08 00 00 01 00 02 00 00 00 06 00 02 2B 00 00 01 66 00 C2 01 64 19 00 00 00 00 00 00 01
@sos_1_1 2026-10-09T10:00:19 4020 02 DC EE 07 00 78 95 01 00 01 04 65 00 D0 07 00 02 00 00 00 00 00 00 00 9C 18 00 00 00 00 01 00 08 00 00 01 00 02 00 00 00 10 00 02 2B 00 00 01 66 00 C2 01 9C 18 00 00 00 00 00 00 01
@sos_1_1 2026-10-09T10:00:20 4021 02 C4 F2 07 00 40 96 01 00 01 04 65 00 D0 07 00 02 00 00 00 00 00 00 00 D4 17 00 00 00 00 01 00 08 00 00 01 00 02 00 00 00 06 00 02 2B 00 00 01 66 00 C2 01 D4 17 00 00 00 00 00 00 01
@sos_1_1 2026-10-09T10:00:21 4022 02 AC F6 07 00 08 97 01 00 01 04 65 00 D0 07 00 02 00 00 00 00 00 00 00 0C 17 00 00 00 00 01 00 08 00 00 01 00 02 00 00 00 10 00 02 2B 00 00 01 66 00 C2 01 0C 17 00 00 00 00 00 00 01
@sos_1_1 2026-10-09T10:00:22 4023 02 94 FA 07 00 D0 97 01 00 01 04 65 00 D0 07 00 02 00 00 00 00 00 00 00 44 16 00 00 00 00 01 00 08 00 00 01 00 02 00 00 00 06 00 02 2B 00 00 01 66 00 C2 01 44 16 00 00 00 00 00 00 01
@sos_1_1 2026-10-09T10:00:23 4024 02 7C FE 07 00 98 98 01 00 01 04 65 00 D0 07 00 02 00 00 00 00 00 00 00 7C 15 00 00 00 00 01 00 08 00 00 01 00 02 00 00 00 10 00 02 2B 00 00 01 66 00 C2 01 7C 15 00 00 00 00 00 00 01
@sos_1_1 2026-10-09T10:00:24 4025 02 64 02 08 00 60 99 01 00 01 04 65 00 D0 07 00 02 00 00 00 00 00 00 00 B4 14 00 00 00 00 01 00 08 00 00 01 00 02 00 00 00 06 00 02 2B 00 00 01 66 00 C2 01 B4 14 00 00 00 00 00 00 01
@sos_1_1 2026-10-09T10:00:25 4026 02 4C 06 08 00 28 9A 01 00 01 04 65 00 D0 07 00 02 00 00 00 00 00 00 00 EC 13 00 00 00 00 01 00 08 00 00 01 00 02 00 00 00 10 00 02 2B 00 00 01 66 00 C2 01 EC 13 00 00 00 00 00 00 01
@sos_1_1 2026-10-09T10:00:26 4027 02 34 0A 08 00 F0 9A 01 00 01 04 65 00 D0 07 00 02 00 00 00 00 00 00 00 24 13 00 00 00 00 01 00 08 00 00 01 00 02 00 00 00 06 00 02 2B 00 00 01 66 00 C2 01 24 13 00 00 00 00 00 00 01
@sos_1_1 2026-10-09T10:00:27 4028 02 1C 0E 08 00 B8 9B 01 00 01 04 65 00 D0 07 00 02 00 00 00 00 00 00 00 5C 12 00 00 00 00 01 00 08 00 00 01 00 02 00 00 00 10 00 02 2B 00 00 01 66 00 C2 01 5C 12 00 00 00 00 00 00 01
@sos_1_1 2026-10-09T10:00:28 4029 02 04 12 08 00 80 9C 01 00 01 04 65 00 D0 07 00 02 00 00 00 00 00 00 00 94 11 00 00 00 00 01 00 08 00 00 01 00 02 00 00 00 06 00 02 2B 00 00 01 66 00 C2 01 94 11 00 00 00 00 00 00 01
@sos_1_1 2026-10-09T10:00:29 4030 02 EC 15 08 00 48 9D 01 00 01 04 65 00 D0 07 00 02 00 00 00 00 00 00 00 CC 10 00 00 00 00 01 00 08 00 00 01 00 02 00 00 00 10 00 02 2B 00 00 01 66 00 C2 01 CC 10 00 00 00 00 00 00 01
@sos_1_1 2026-10-09T10:00:30 4031 02 D4 19 08 00 10 9E 01 00 01 04 65 00 D0 07 00 02 00 00 00 00 00 00 00 04 10 00 00 00 00 01 00 08 00 00 01 00 02 00 00 00 06 00 02 2B 00 00 01 66 00 C2 01 04 10 00 00 00 00 00 00 01
@sos_1_1 2026-10-09T10:00:31 4032 02 BC 1D 08 00 D8 9E 01 00 01 04 65 00 D0 07 00 02 00 00 00 00 00 00 00 3C 0F 00 00 00 00 01 00 08 00 00 01 00 02 00 00 00 10 00 02 2B 00 00 01 66 00 C2 01 3C 0F 00 00 00 00 00 00 01
@sos_1_1 2026-10-09T10:00:32 4033 02 A4 21 08 00 A0 9F 01 00 01 04 65 00 D0 07 00 02 00 00 00 00 00 00 00 74 0E 00 00 00 00 01 00 08 00 00 01 00 02 00 00 00 06 00 02 2B 00 00 01 66 00 C2 01 74 0E 00 00 00 00 00 00 01
@sos_1_1 2026-10-09T10:00:33 4034 02 8C 25 08 00 68 A0 01 00 01 04 65 00 D0 07 00 02 00 00 00 00 00 00 00 AC 0D 00 00 00 00 01 00 08 00 00 01 00 02 00 00 00 10 00 02 2B 00 00 01 66 00 C2 01 AC 0D 00 00 00 00 00 00 01
@sos_1_1 2026-10-09T10:00:34 4035 02 74 29 08 00 30 A1 01 00 01 04 65 00 D0 07 00 02 00 00 00 00 00 00 00 E4 0C 00 00 00 00 01 00 08 00 00 01 00 02 00 00 00 06 00 02 2B 00 00 01 66 00 C2 01 E4 0C 00 00 00 00 00 00 01
@sos_1_1 2026-10-09T10:00:35 4036 02 5C 2D 08 00 F8 A1 01 00 01 04 65 00 D0 07 00 02 00 00 00 00 00 00 00 1C 0C 00 00 00 00 01 00 08 00 00 01 00 02 00 00 00 10 00 02 2B 00 00 01 66 00 C2 01 1C 0C 00 00 00 00 00 00 01
@sos_1_1 2026-10-09T10:00:36 4037 02 44 31 08 00 C0 A2 01 00 01 04 65 00 D0 07 00 02 00 00 00 00 00 00 00 54 0B 00 00 00 00 01 00 08 00 00 01 00 02 00 00 00 06 00 02 2B 00 00 01 66 00 C2 01 54 0B 00 00 00 00 00 00 01
@sos_1_1 2026-10-09T10:00:37 4038 02 2C 35 08 00 88 A3 01 00 01 04 65 00 D0 07 00 02 00 00 00 00 00 00 00 8C 0A 00 00 00 00 01 00 08 00 00 01 00 02 00 00 00 10 00 02 2B 00 00 01 66 00 C2 01 8C 0A 00 00 00 00 00 00 01
@sos_1_1 2026-10-09T10:00:38 4039 02 14 39 08 00 50 A4 01 00 01 04 65 00 D0 07 00 02 00 00 00 00 00 00 00 C4 09 00 00 00 00 01 00 08 00 00 01 00 02 00 00 00 06 00 02 2B 00 00 01 66 00 C2 01 C4 09 00 00 00 00 00 00 01
@sos_1_1 2026-10-09T10:00:39 4040 02 FC 3C 08 00 18 A5 01 00 01 04 65 00 D0 07 00 02 00 00 00 00 00 00 00 FC 08 00 00 00 00 01 00 08 00 00 01 00 02 00 00 00 10 00 02 2B 00 00 01 66 00 C2 01 FC 08 00 00 00 00 00 00 01
@sos_1_1 2026-10-09T10:00:40 4041 02 E4 40 08 00 E0 A5 01 00 01 04 65 00 D0 07 00 02 00 00 00 00 00 00 00 34 08 00 00 00 00 01 00 08 00 00 01 00 02 00 00 00 06 00 02 2B 00 00 01 66 00 C2 01 34 08 00 00 00 00 00 00 01
@sos_1_1 2026-10-09T10:00:41 4042 02 CC 44 08 00 A8 A6 01 00 01 04 65 00 D0 07 00 02 00 00 00 00 00 00 00 6C 07 00 00 00 00 01 00 08 00 00 01 00 02 00 00 00 10 00 02 2B 00 00 01 66 00 C2 01 6C 07 00 00 00 00 00 00 01
@sos_1_1 2026-10-09T10:00:42 4043 02 B4 48 08 00 70 A7 01 00 01 04 65 00 D0 07 00 02 00 00 00 00 00 00 00 A4 06 00 00 00 00 01 00 08 00 00 01 00 02 00 00 00 06 00 02 2B 00 00 01 66 00 C2 01 A4 06 00 00 00 00 00 00 01
@sos_1_1 2026-10-09T10:00:43 4044 02 9C 4C 08 00 38 A8 01 00 01 04 65 00 D0 07 00 02 00 00 00 00 00 00 00 DC 05 00 00 00 00 01 00 08 00 00 01 00 02 00 00 00 10 00 02 2B 00 00 01 66 00 C2 01 DC 05 00 00 00 00 00 00 01
@sos_1_1 2026-10-09T10:00:44 4045 02 84 50 08 00 00 A9 01 00 01 04 65 00 D0 07 00 02 00 00 00 00 00 00 00 14 05 00 00 00 00 01 00 08 00 00 01 00 02 00 00 00 06 00 02 2B 00 00 01 66 00 C2 01 14 05 00 00 00 00 00 00 01
@sos_1_1 2026-10-09T10:00:45 4046 02 6C 54 08 00 C8 A9 01 00 01 04 65 00 D0 07 00 02 00 00 00 00 00 00 00 4C 04 00 00 00 00 01 00 08 00 00 01 00 02 00 00 00 10 00 02 2B 00 00 01 66 00 C2 01 4C 04 00 00 00 00 00 00 01
@sos_1_1 2026-10-09T10:00:46 4047 02 54 58 08 00 90 AA 01 00 01 04 65 00 D0 07 00 02 00 00 00 00 00 00 00 84 03 00 00 00 00 01 00 08 00 00 01 00 02 00 00 00 06 00 02 2B 00 00 01 66 00 C2 01 84 03 00 00 00 00 00 00 01
@sos_1_1 2026-10-09T10:00:47 4048 02 3C 5C 08 00 58 AB 01 00 01 04 65 00 D0 07 00 02 00 00 00 00 00 00 00 BC 02 00 00 00 00 01 00 08 00 00 01 00 02 00 00 00 10 00 02 2B 00 00 01 66 00 C2 01 BC 02 00 00 00 00 00 00 01
@sos_1_1 2026-10-09T10:00:48 4049 02 24 60 08 00 20 AC 01 00 01 04 65 00 D0 07 00 02 00 00 00 00 00 00 00 F4 01 00 00 00 00 01 00 08 00 00 01 00 02 00 00 00 06 00 02 2B 00 00 01 66 00 C2 01 F4 01 00 00 00 00 00 00 01
@sos_1_1 2026-10-09T10:00:49 4050 02 0C 64 08 00 E8 AC 01 00 01 04 65 00 D0 07 00 02 00 00 00 00 00 00 00 2C 01 00 00 00 00 01 00 08 00 00 01 00 02 00 00 00 10 00 02 2B 00 00 01 66 00 C2 01 2C 01 00 00 00 00 00 00 01
@sos_1_1 2026-10-09T10:00:50 4051 02 F4 67 08 00 B0 AD 01 00 01 04 65 00 D0 07 00 02 00 00 00 00 00 00 00 64 00 00 00 00 00 01 00 08 00 00 01 00 02 00 00 00 06 00 02 2B 00 00 01 66 00 C2 01 64 00 00 00 00 00 00 00 01
@sos_1_1 2026-10-09T10:00:51 4052 02 DC 6B 08 00 78 AE 01 00 01 04 65 00 D0 07 00 02 00 00 00 00 00 00 00 00 00 00 00 00 00 01 00 08 00 00 01 00 02 00 00 00 10 00 02 2B 00 00 01 66 00 C2 01 00 00 00 00 00 00 00 00 01
@sos_1_1 2026-10-09T10:00:52 4053 02 C4 6F 08 00 40 AF 01 00 01 04 65 00 D0 07 00 02 00 00 00 00 00 00 00 00 00 00 00 00 00 01 00 08 00 00 01 00 02 00 00 00 06 00 02 2B 00 00 01 66 00 C2 01 00 00 00 00 00 00 00 00 01
@sos_1_1 2026-10-09T10:00:53 4054 02 AC 73 08 00 08 B0 01 00 01 04 65 00 D0 07 00 02 00 00 00 00 00 00 00 00 00 00 00 00 00 01 00 08 00 00 01 00 02 00 00 00 10 00 02 2B 00 00 01 66 00 C2 01 00 00 00 00 00 00 00 00 01
@sos_1_1 2026-10-09T10:00:54 4055 02 94 77 08 00 D0 B0 01 00 01 04 65 00 D0 07 00 02 00 00 00 00 00 00 00 00 00 00 00 00 00 01 00 08 00 00 01 00 02 00 00 00 06 00 02 2B 00 00 01 66 00 C2 01 00 00 00 00 00 00 00 00 01
@sos_1_1 2026-10-09T10:00:55 4056 02 7C 7B 08 00 98 B1 01 00 01 04 65 00 D0 07 00 02 00 00 00 00 00 00 00 00 00 00 00 00 00 01 00 08 00 00 01 00 02 00 00 00 10 00 02 2B 00 00 01 66 00 C2 01 00 00 00 00 00 00 00 00 01
@sos_1_1 2026-10-09T10:00:56 4057 02 64 7F 08 00 60 B2 01 00 01 04 65 00 D0 07 00 02 00 00 00 00 00 00 00 00 00 00 00 00 00 01 00 08 00 00 01 00 02 00 00 00 06 00 02 2B 00 00 01 66 00 C2 01 00 00 00 00 00 00 00 00 01
@sos_1_1 2026-10-09T10:00:57 4058 02 4C 83 08 00 28 B3 01 00 01 04 65 00 D0 07 00 02 00 00 00 00 00 00 00 00 00 00 00 00 00 01 00 08 00 00 01 00 02 00 00 00 10 00 02 2B 00 00 01 66 00 C2 01 00 00 00 00 00 00 00 00 01
@sos_1_1 2026-10-09T10:00:58 4059 02 34 87 08 00 F0 B3 01 00 01 04 65 00 D0 07 00 02 00 00 00 00 00 00 00 00 00 00 00 00 00 01 00 08 00 00 01 00 02 00 00 00 06 00 02 2B 00 00 01 66 00 C2 01 00 00 00 00 00 00 00 00 01
@sos_1_1 2026-10-09T10:00:59 4060 02 1C 8B 08 00 B8 B4 01 00 01 04 65 00 D0 07 00 02 00 00 00 00 00 00 00 00 00 00 00 00 00 01 00 08 00 00 01 00 02 00 00 00 10 00 02 2B 00 00 01 66 00 C2 01 00 00 00 00 00 00 00 00 01
@sos_1_1 2026-10-09T10:01:00 4061 02 04 8F 08 00 80 B5 01 00 01 04 65 00 D0 07 00 02 00 00 00 00 00 00 00 00 00 00 00 00 00 01 00 08 00 00 01 00 02 00 00 00 06 00 02 2B 00 00 01 66 00 C2 01 00 00 00 00 00 00 00 00 01
@sos_1_1 2026-10-09T10:01:01 4062 02 EC 92 08 00 48 B6 01 00 01 04 65 00 D0 07 00 02 00 00 00 00 00 00 00 00 00 00 00 00 00 01 00 08 00 00 01 00 02 00 00 00 10 00 02 2B 00 00 01 66 00 C2 01 00 00 00 00 00 00 00 00 01
@sos_1_1 2026-10-09T10:01:02 4063 02 D4 96 08 00 10 B7 01 00 01 04 65 00 D0 07 00 02 00 00 00 00 00 00 00 00 00 00 00 00 00 01 00 08 00 00 01 00 02 00 00 00 06 00 02 2B 00 00 01 66 00 C2 01 00 00 00 00 00 00 00 00 01
@sos_1_1 2026-10-09T10:01:03 4064 02 BC 9A 08 00 D8 B7 01 00 01 04 65 00 D0 07 00 02 00 00 00 00 00 00 00 00 00 00 00 00 00 01 00 08 00 00 01 00 02 00 00 00 10 00 02 2B 00 00 01 66 00 C2 01 00 00 00 00 00 00 00 00 01
@sos_1_1 2026-10-09T10:01:04 4065 02 A4 9E 08 00 A0 B8 01 00 01 04 65 00 D0 07 00 02 00 00 00 00 00 00 00 00 00 00 00 00 00 01 00 08 00 00 01 00 02 00 00 00 06 00 02 2B 00 00 01 66 00 C2 01 00 00 00 00 00 00 00 00 01
@sos_1_1 2026-10-09T10:01:05 4066 02 8C A2 08 00 68 B9 01 00 01 04 65 00 D0 07 00 02 00 00 00 00 00 00 00 00 00 00 00 00 00 01 00 08 00 00 01 00 02 00 00 00 10 00 02 2B 00 00 01 66 00 C2 01 00 00 00 00 00 00 00 00 01
@sos_1_1 2026-10-09T10:01:06 4067 02 74 A6 08 00 30 BA 01 00 01 04 65 00 D0 07 00 02 00 00 00 00 00 00 00 00 00 00 00 00 00 01 00 08 00 00 01 00 02 00 00 00 06 00 02 2B 00 00 01 66 00 C2 01 00 00 00 00 00 00 00 00 01
@sos_1_1 2026-10-09T10:01:07 4068 02 5C AA 08 00 F8 BA 01 00 01 04 65 00 D0 07 00 02 00 00 00 00 00 00 00 00 00 00 00 00 00 01 00 08 00 00 01 00 02 00 00 00 10 00 02 2B 00 00 01 66 00 C2 01 00 00 00 00 00 00 00 00 01
@sos_1_1 2026-10-09T10:01:08 4069 02 44 AE 08 00 C0 BB 01 00 01 04 65 00 D0 07 00 02 00 00 00 00 00 00 00 00 00 00 00 00 00 01 00 08 00 00 01 00 02 00 00 00 06 00 02 2B 00 00 01 66 00 C2 01 00 00 00 00 00 00 00 00 01
@sos_1_1 2026-10-09T10:01:09 4070 02 2C B2 08 00 88 BC 01 00 01 04 65 00 D0 07 00 02 00 00 00 00 00 00 00 00 00 00 00 00 00 01 00 08 00 00 01 00 02 00 00 00 10 00 02 2B 00 00 01 66 00 C2 01 00 00 00 00 00 00 00 00 01
@sos_1_1 2026-10-09T10:01:10 4071 02 14 B6 08 00 50 BD 01 00 01 04 65 00 D0 07 00 02 00 00 00 00 00 00 00 00 00 00 00 00 00 01 00 08 00 00 01 00 02 00 00 00 06 00 02 2B 00 00 01 66 00 C2 01 00 00 00 00 00 00 00 00 01
@sos_1_1 2026-10-09T10:01:11 4072 02 FC B9 08 00 18 BE 01 00 01 04 65 00 D0 07 00 02 00 00 00 00 00 00 00 00 00 00 00 00 00 01 00 08 00 00 01 00 02 00 00 00 10 00 02 2B 00 00 01 66 00 C2 01 00 00 00 00 00 00 00 00 01
@sos_1_1 2026-10-09T10:01:12 4073 02 E4 BD 08 00 E0 BE 01 00 01 04 65 00 D0 07 00 02 00 00 00 00 00 00 00 00 00 00 00 00 00 01 00 08 00 00 01 00 02 00 00 00 06 00 02 2B 00 00 01 66 00 C2 01 00 00 00 00 00 00 00 00 01
@sos_1_1 2026-10-09T10:01:13 4074 02 CC C1 08 00 A8 BF 01 00 01 04 65 00 D0 07 00 02 00 00 00 00 00 00 00 00 00 00 00 00 00 01 00 08 00 00 01 00 02 00 00 00 10 00 02 2B 00 00 01 66 00 C2 01 00 00 00 00 00 00 00 00 01
@sos_1_1 2026-10-09T10:01:14 4075 02 B4 C5 08 00 70 C0 01 00 01 04 65 00 D0 07 00 02 00 00 00 00 00 00 00 00 00 00 00 00 00 01 00 08 00 00 01 00 02 00 00 00 06 00 02 2B 00 00 01 66 00 C2 01 00 00 00 00 00 00 00 00 01
@sos_1_1 2026-10-09T10:01:15 4076 02 9C C9 08 00 38 C1 01 00 01 04 65 00 D0 07 00 02 00 00 00 00 00 00 00 00 00 00 00 00 00 01 00 08 00 00 01 00 02 00 00 00 10 00 02 2B 00 00 01 66 00 C2 01 00 00 00 00 00 00 00 00 01
@sos_1_1 2026-10-09T10:01:16 4077 02 84 CD 08 00 00 C2 01 00 01 04 65 00 D0 07 00 02 00 00 00 00 00 00 00 00 00 00 00 00 00 01 00 08 00 00 01 00 02 00 00 00 06 00 02 2B 00 00 01 66 00 C2 01 00 00 00 00 00 00 00 00 01
@sos_1_1 2026-10-09T10:01:17 4078 02 6C D1 08 00 C8 C2 01 00 01 04 65 00 D0 07 00 02 00 00 00 00 00 00 00 00 00 00 00 00 00 01 00 08 00 00 01 00 02 00 00 00 10 00 02 2B 00 00 01 66 00 C2 01 00 00 00 00 00 00 00 00 01
@sos_1_1 2026-10-09T10:01:18 4079 02 54 D5 08 00 90 C3 01 00 01 04 65 00 D0 07 00 02 00 00 00 00 00 00 00 00 00 00 00 00 00 01 00 08 00 00 01 00 02 00 00 00 06 00 02 2B 00 00 01 66 00 C2 01 00 00 00 00 00 00 00 00 01
@sos_1_1 2026-10-09T10:01:19 4080 02 3C D9 08 00 58 C4 01 00 01 04 65 00 D0 07 00 02 00 00 00 00 00 00 00 00 00 00 00 00 00 01 00 08 00 00 01 00 02 00 00 00 10 00 02 2B 00 00 01 66 00 C2 01 00 00 00 00 00 00 00 00 01
@sos_1_1 2026-10-09T10:01:20 4081 02 24 DD 08 00 20 C5 01 00 01 04 65 00 D0 07 00 02 00 00 00 00 00 00 00 00 00 00 00 00 00 01 00 08 00 00 01 00 02 00 00 00 06 00 02 2B 00 00 01 66 00 C2 01 00 00 00 00 00 00 00 00 01
@sos_1_1 2026-10-09T10:01:21 4082 02 0C E1 08 00 E8 C5 01 00 01 04 65 00 D0 07 00 02 00 00 00 00 00 00 00 00 00 00 00 00 00 01 00 08 00 00 02 00 02 00 00 00 10 00 02 2B 00 00 01 66 00 C2 01 00 00 00 00 00 00 00 00 01 03 00 00 00 06 00 BC 34 00 00 02 67 00 08 02 00 00 00 00 00 00 00 00 00
@sos_1_1 2026-10-09T10:01:22 4083 02 F4 E4 08 00 B0 C6 01 00 01 04 65 00 D0 07 00 02 00 00 00 00 00 00 00 00 00 00 00 00 00 01 00 08 00 00 02 00 02 00 00 00 06 00 02 2B 00 00 01 66 00 C2 01 00 00 00 00 00 00 00 00 01 03 00 00 00 10 00 BC 34 00 00 02 67 00 08 02 00 00 00 00 00 00 00 00 00
@sos_1_1 2026-10-09T10:01:23 4084 02 DC E8 08 00 78 C7 01 00 01 04 65 00 D0 07 00 02 00 00 00 00 00 00 00 00 00 00 00 00 00 01 00 08 00 00 02 00 02 00 00 00 10 00 02 2B 00 00 01 66 00 C2 01 00 00 00 00 00 00 00 00 01 03 00 00 00 06 00 BC 34 00 00 02 67 00 08 02 00 00 00 00 00 00 00 00 00
@sos_1_1 2026-10-09T10:01:24 4085 02 C4 EC 08 00 40 C8 01 00 01 04 65 00 D0 07 00 02 00 00 00 00 00 00 00 00 00 00 00 00 00 01 00 08 00 00 02 00 02 00 00 00 06 00 02 2B 00 00 01 66 00 C2 01 00 00 00 00 00 00 00 00 01 03 00 00 00 10 00 BC 34 00 00 02 67 00 08 02 00 00 00 00 00 00 00 00 00
@sos_1_1 2026-10-09T10:01:25 4086 02 AC F0 08 00 08 C9 01 00 01 04 65 00 D0 07 00 02 00 00 00 00 00 00 00 00 00 00 00 00 00 01 00 08 00 00 02 00 02 00 00 00 10 00 02 2B 00 00 01 66 00 C2 01 00 00 00 00 00 00 00 00 01 03 00 00 00 06 00 BC 34 00 00 02 67 00 08 02 00 00 00 00 00 00 00 00 00
@sos_1_1 2026-10-09T10:01:26 4087 02 94 F4 08 00 D0 C9 01 00 01 04 65 00 D0 07 00 02 00 00 00 00 00 00 00 00 00 00 00 00 00 01 00 08 00 00 02 00 02 00 00 00 06 00 02 2B 00 00 01 66 00 C2 01 00 00 00 00 00 00 00 00 01 03 00 00 00 10 00 BC 34 00 00 02 67 00 08 02 00 00 00 00 00 00 00 00 00
@sos_1_1 2026-10-09T10:01:27 4088 02 7C F8 08 00 98 CA 01 00 01 04 65 00 D0 07 00 02 00 00 00 00 00 00 00 00 00 00 00 00 00 01 00 08 00 00 02 00 02 00 00 00 10 00 02 2B 00 00 01 66 00 C2 01 00 00 00 00 00 00 00 00 01 03 00 00 00 06 00 BC 34 00 00 02 67 00 08 02 00 00 00 00 00 00 00 00 00
@sos_1_1 2026-10-09T10:01:28 4089 02 64 FC 08 00 60 CB 01 00 01 04 65 00 D0 07 00 02 00 00 00 00 00 00 00 00 00 00 00 00 00 01 00 08 00 00 02 00 02 00 00 00 06 00 02 2B 00 00 01 66 00 C2 01 00 00 00 00 00 00 00 00 01 03 00 00 00 10 00 BC 34 00 00 02 67 00 08 02 00 00 00 00 00 00 00 00 00
@sos_1_1 2026-10-09T10:01:29 4090 02 4C 00 09 00 28 CC 01 00 01 04 65 00 D0 07 00 02 00 00 00 00 00 00 00 00 00 00 00 00 00 01 00 08 00 00 02 00 02 00 00 00 10 00 02 2B 00 00 01 66 00 C2 01 00 00 00 00 00 00 00 00 01 03 00 00 00 06 00 BC 34 00 00 02 67 00 08 02 00 00 00 00 00 00 00 00 00
@sos_1_1 2026-10-09T10:01:30 4091 02 34 04 09 00 F0 CC 01 00 01 04 65 00 D0 07 00 02 00 00 00 00 00 00 00 00 00 00 00 00 00 01 00 08 00 00 02 00 02 00 00 00 06 00 02 2B 00 00 01 66 00 C2 01 00 00 00 00 00 00 00 00 01 03 00 00 00 10 00 BC 34 00 00 02 67 00 08 02 00 00 00 00 00 00 00 00 00
@sos_1_1 2026-10-09T10:01:31 4092 02 1C 08 09 00 B8 CD 01 00 01 04 65 00 D0 07 00 02 00 00 00 00 00 00 00 00 00 00 00 00 00 01 00 08 00 00 02 00 02 00 00 00 10 00 02 2B 00 00 01 66 00 C2 01 00 00 00 00 00 00 00 00 01 03 00 00 00 06 00 BC 34 00 00 02 67 00 08 02 A0 41 00 00 00 00 00 00 02
@sos_1_1 2026-10-09T10:01:32 4093 02 04 0C 09 00 80 CE 01 00 01 04 65 00 D0 07 00 02 00 00 00 00 00 00 00 00 00 00 00 00 00 01 00 08 00 00 02 00 02 00 00 00 06 00 02 2B 00 00 01 66 00 C2 01 00 00 00 00 00 00 00 00 01 03 00 00 00 10 00 BC 34 00 00 02 67 00 08 02 D8 40 00 00 00 00 00 00 02
@sos_1_1 2026-10-09T10:01:33 4094 02 EC 0F 09 00 48 CF 01 00 01 04 65 00 D0 07 00 02 00 00 00 00 00 00 00 00 00 00 00 00 00 01 00 08 00 00 02 00 02 00 00 00 10 00 02 2B 00 00 01 66 00 C2 01 00 00 00 00 00 00 00 00 01 03 00 00 00 06 00 BC 34 00 00 02 67 00 08 02 10 40 00 00 00 00 00 00 02
@sos_1_1 2026-10-09T10:01:34 4095 02 D4 13 09 00 10 D0 01 00 01 04 65 00 D0 07 00 02 00 00 00 00 00 00 00 00 00 00 00 00 00 01 00 08 00 00 02 00 02 00 00 00 06 00 02 2B 00 00 01 66 00 C2 01 00 00 00 00 00 00 00 00 01 03 00 00 00 10 00 BC 34 00 00 02 67 00 08 02 48 3F 00 00 00 00 00 00 02
@sos_1_1 2026-10-09T10:01:35 4096 02 BC 17 09 00 D8 D0 01 00 01 04 65 00 D0 07 00 02 00 00 00 00 00 00 00 00 00 00 00 00 00 01 00 08 00 00 02 00 02 00 00 00 10 00 02 2B 00 00 01 66 00 C2 01 00 00 00 00 00 00 00 00 01 03 00 00 00 06 00 BC 34 00 00 02 67 00 08 02 80 3E 00 00 00 00 00 00 02
@sos_1_1 2026-10-09T10:01:36 4097 02 A4 1B 09 00 A0 D1 01 00 01 04 65 00 D0 07 00 02 00 00 00 00 00 00 00 00 00 00 00 00 00 01 00 08 00 00 02 00 02 00 00 00 06 00 02 2B 00 00 01 66 00 C2 01 00 00 00 00 00 00 00 00 01 03 00 00 00 10 00 BC 34 00 00 02 67 00 08 02 B8 3D 00 00 00 00 00 00 02
@sos_1_1 2026-10-09T10:01:37 4098 02 8C 1F 09 00 68 D2 01 00 01 04 65 00 D0 07 00 02 00 00 00 00 00 00 00 00 00 00 00 00 00 01 00 08 00 00 02 00 02 00 00 00 10 00 02 2B 00 00 01 66 00 C2 01 00 00 00 00 00 00 00 00 01 03 00 00 00 06 00 BC 34 00 00 02 67 00 08 02 F0 3C 00 00 00 00 00 00 02
@sos_1_1 2026-10-09T10:01:38 4099 02 74 23 09 00 30 D3 01 00 01 04 65 00 D0 07 00 02 00 00 00 00 00 00 00 00 00 00 00 00 00 01 00 08 00 00 02 00 02 00 00 00 06 00 02 2B 00 00 01 66 00 C2 01 00 00 00 00 00 00 00 00 01 03 00 00 00 10 00 BC 34 00 00 02 67 00 08 02 28 3C 00 00 00 00 00 00 02
@sos_1_1 2026-10-09T10:01:39 4100 02 5C 27 09 00 F8 D3 01 00 01 04 65 00 D0 07 00 02 00 00 00 00 00 00 00 00 00 00 00 00 00 01 00 08 00 00 02 00 02 00 00 00 10 00 02 2B 00 00 01 66 00 C2 01 00 00 00 00 00 00 00 00 01 03 00 00 00 06 00 BC 34 00 00 02 67 00 08 02 60 3B 00 00 00 00 00 00 02
@sos_1_1 2026-10-09T10:01:40 4101 02 44 2B 09 00 C0 D4 01 00 01 04 65 00 D0 07 00 02 00 00 00 00 00 00 00 00 00 00 00 00 00 01 00 08 00 00 02 00 02 00 00 00 06 00 02 2B 00 00 01 66 00 C2 01 00 00 00 00 00 00 00 00 01 03 00 00 00 10 00 BC 34 00 00 02 67 00 08 02 98 3A 00 00 00 00 00 00 02
@sos_1_1 2026-10-09T10:01:41 4102 02 2C 2F 09 00 88 D5 01 00 01 04 65 00 D0 07 00 02 00 00 00 00 00 00 00 00 00 00 00 00 00 01 00 08 00 00 02 00 02 00 00 00 10 00 02 2B 00 00 01 66 00 C2 01 00 00 00 00 00 00 00 00 01 03 00 00 00 06 00 BC 34 00 00 02 67 00 08 02 D0 39 00 00 00 00 00 00 02
@sos_1_1 2026-10-09T10:01:42 4103 02 14 33 09 00 50 D6 01 00 01 04 65 00 D0 07 00 02 00 00 00 00 00 00 00 00 00 00 00 00 00 01 00 08 00 00 02 00 02 00 00 00 06 00 02 2B 00 00 01 66 00 C2 01 00 00 00 00 00 00 00 00 01 03 00 00 00 10 00 BC 34 00 00 02 67 00 08 02 08 39 00 00 00 00 00 00 02
@sos_1_1 2026-10-09T10:01:43 4104 02 FC 36 09 00 18 D7 01 00 01 04 65 00 D0 07 00 02 00 00 00 00 00 00 00 00 00 00 00 00 00 01 00 08 00 00 02 00 02 00 00 00 10 00 02 2B 00 00 01 66 00 C2 01 00 00 00 00 00 00 00 00 01 03 00 00 00 06 00 BC 34 00 00 02 67 00 08 02 40 38 00 00 00 00 00 00 02
@sos_1_1 2026-10-09T10:01:44 4105 02 E4 3A 09 00 E0 D7 01 00 01 04 65 00 D0 07 00 02 00 00 00 00 00 00 00 00 00 00 00 00 00 01 00 08 00 00 02 00 02 00 00 00 06 00 02 2B 00 00 01 66 00 C2 01 00 00 00 00 00 00 00 00 01 03 00 00 00 10 00 BC 34 00 00 02 67 00 08 02 78 37 00 00 00 00 00 00 02
@sos_1_1 2026-10-09T10:01:45 4106 02 CC 3E 09 00 A8 D8 01 00 01 04 65 00 D0 07 00 02 00 00 00 00 00 00 00 00 00 00 00 00 00 01 00 08 00 00 02 00 02 00 00 00 10 00 02 2B 00 00 01 66 00 C2 01 00 00 00 00 00 00 00 00 01 03 00 00 00 06 00 BC 34 00 00 02 67 00 08 02 B0 36 00 00 00 00 00 00 02
@sos_1_1 2026-10-09T10:01:46 4107 02 B4 42 09 00 70 D9 01 00 01 04 65 00 D0 07 00 03 00 00 00 00 00 00 00 E8 35 00 00 00 00 02 00 10 00 00 02 00 02 00 00 00 06 00 02 2B 00 00 01 66 00 C2 01 00 00 00 00 00 00 00 00 00 03 00 00 00 10 00 BC 34 00 00 02 67 00 08 02 E8 35 00 00 00 00 00 00 02
@sos_1_1 2026-10-09T10:01:47 4108 02 9C 46 09 00 38 DA 01 00 01 04 65 00 D0 07 00 03 00 00 00 00 00 00 00 20 35 00 00 00 00 02 00 10 00 00 02 00 02 00 00 00 10 00 02 2B 00 00 01 66 00 C2 01 00 00 00 00 00 00 00 00 00 03 00 00 00 06 00 BC 34 00 00 02 67 00 08 02 20 35 00 00 00 00 00 00 02
@sos_1_1 2026-10-09T10:01:48 4109 02 84 4A 09 00 00 DB 01 00 01 04 65 00 D0 07 00 03 00 00 00 00 00 00 00 58 34 00 00 00 00 02 00 10 00 00 02 00 02 00 00 00 06 00 02 2B 00 00 01 66 00 C2 01 00 00 00 00 00 00 00 00 00 03 00 00 00 10 00 BC 34 00 00 02 67 00 08 02 58 34 00 00 00 00 00 00 02
@sos_1_1 2026-10-09T10:01:49 4110 02 6C 4E 09 00 C8 DB 01 00 01 04 65 00 D0 07 00 03 00 00 00 00 00 00 00 90 33 00 00 00 00 02 00 10 00 00 02 00 02 00 00 00 10 00 02 2B 00 00 01 66 00 C2 01 00 00 00 00 00 00 00 00 00 03 00 00 00 06 00 BC 34 00 00 02 67 00 08 02 90 33 00 00 00 00 00 00 02
@sos_1_1 2026-10-09T10:01:50 4111 02 54 52 09 00 90 DC 01 00 01 04 65 00 D0 07 00 03 00 00 00 00 00 00 00 C8 32 00 00 00 00 02 00 10 00 00 02 00 02 00 00 00 06 00 02 2B 00 00 01 66 00 C2 01 00 00 00 00 00 00 00 00 00 03 00 00 00 10 00 BC 34 00 00 02 67 00 08 02 C8 32 00 00 00 00 00 00 02
@sos_1_1 2026-10-09T10:01:51 4112 02 3C 56 09 00 58 DD 01 00 01 04 65 00 D0 07 00 03 00 00 00 00 00 00 00 00 32 00 00 00 00 02 00 10 00 00 02 00 02 00 00 00 10 00 02 2B 00 00 01 66 00 C2 01 00 00 00 00 00 00 00 00 00 03 00 00 00 06 00 BC 34 00 00 02 67 00 08 02 00 32 00 00 00 00 00 00 02
@sos_1_1 2026-10-09T10:01:52 4113 02 24 5A 09 00 20 DE 01 00 01 04 65 00 D0 07 00 03 00 00 00 00 00 00 00 38 31 00 00 00 00 02 00 10 00 00 02 00 02 00 00 00 06 00 02 2B 00 00 01 66 00 C2 01 00 00 00 00 00 00 00 00 00 03 00 00 00 10 00 BC 34 00 00 02 67 00 08 02 38 31 00 00 00 00 00 00 02
@sos_1_1 2026-10-09T10:01:53 4114 02 0C 5E 09 00 E8 DE 01 00 01 04 65 00 D0 07 00 03 00 00 00 00 00 00 00 70 30 00 00 00 00 02 00 10 00 00 02 00 02 00 00 00 10 00 02 2B 00 00 01 66 00 C2 01 00 00 00 00 00 00 00 00 00 03 00 00 00 06 00 BC 34 00 00 02 67 00 08 02 70 30 00 00 00 00 00 00 02
@sos_1_1 2026-10-09T10:01:54 4115 02 F4 61 09 00 B0 DF 01 00 01 04 65 00 D0 07 00 03 00 00 00 00 00 00 00 A8 2F 00 00 00 00 02 00 10 00 00 02 00 02 00 00 00 06 00 02 2B 00 00 01 66 00 C2 01 00 00 00 00 00 00 00 00 00 03 00 00 00 10 00 BC 34 00 00 02 67 00 08 02 A8 2F 00 00 00 00 00 00 02
@sos_1_1 2026-10-09T10:01:55 4116 02 DC 65 09 00 78 E0 01 00 01 04 65 00 D0 07 00 03 00 00 00 00 00 00 00 E0 2E 00 00 00 00 02 00 10 00 00 02 00 02 00 00 00 10 00 02 2B 00 00 01 66 00 C2 01 00 00 00 00 00 00 00 00 00 03 00 00 00 06 00 BC 34 00 00 02 67 00 08 02 E0 2E 00 00 00 00 00 00 02
@sos_1_1 2026-10-09T10:01:56 4117 02 C4 69 09 00 40 E1 01 00 01 04 65 00 D0 07 00 03 00 00 00 00 00 00 00 18 2E 00 00 00 00 02 00 10 00 00 02 00 02 00 00 00 06 00 02 2B 00 00 01 66 00 C2 01 00 00 00 00 00 00 00 00 00 03 00 00 00 10 00 BC 34 00 00 02 67 00 08 02 18 2E 00 00 00 00 00 00 02
@sos_1_1 2026-10-09T10:01:57 4118 02 AC 6D 09 00 08 E2 01 00 01 04 65 00 D0 07 00 03 00 00 00 00 00 00 00 50 2D 00 00 00 00 02 00 10 00 00 02 00 02 00 00 00 10 00 02 2B 00 00 01 66 00 C2 01 00 00 00 00 00 00 00 00 00 03 00 00 00 06 00 BC 34 00 00 02 67 00 08 02 50 2D 00 00 00 00 00 00 02
@sos_1_1 2026-10-09T10:01:58 4119 02 94 71 09 00 D0 E2 01 00 01 04 65 00 D0 07 00 03 00 00 00 00 00 00 00 88 2C 00 00 00 00 02 00 10 00 00 02 00 02 00 00 00 06 00 02 2B 00 00 01 66 00 C2 01 00 00 00 00 00 00 00 00 00 03 00 00 00 10 00 BC 34 00 00 02 67 00 08 02 88 2C 00 00 00 00 00 00 02
@sos_1_1 2026-10-09T10:01:59 4120 02 7C 75 09 00 98 E3 01 00 01 04 65 00 D0 07 00 03 00 00 00 00 00 00 00 C0 2B 00 00 00 00 02 00 10 00 00 02 00 02 00 00 00 10 00 02 2B 00 00 01 66 00 C2 01 00 00 00 00 00 00 00 00 00 03 00 00 00 06 00 BC 34 00 00 02 67 00 08 02 C0 2B 00 00 00 00 00 00 02
@sos_1_1 2026-10-09T10:02:00 4121 02 64 79 09 00 60 E4 01 00 01 04 65 00 D0 07 00 03 00 00 00 00 00 00 00 F8 2A 00 00 00 00 02 00 10 00 00 03 00 02 00 00 00 06 00 02 2B 00 00 01 66 00 C2 01 00 00 00 00 00 00 00 00 00 03 00 00 00 10 00 BC 34 00 00 02 67 00 08 02 F8 2A 00 00 00 00 00 00 02 04 00 00 00 06 00 40 38 00 00 02 65 00 58 02 00 00 00 00 00 00 00 00 00
@sos_1_1 2026-10-09T10:02:01 4122 02 4C 7D 09 00 28 E5 01 00 01 04 65 00 D0 07 00 03 00 00 00 00 00 00 00 30 2A 00 00 00 00 02 00 10 00 00 03 00 02 00 00 00 10 00 02 2B 00 00 01 66 00 C2 01 00 00 00 00 00 00 00 00 00 03 00 00 00 06 00 BC 34 00 00 02 67 00 08 02 30 2A 00 00 00 00 00 00 02 04 00 00 00 10 00 40 38 00 00 02 65 00 58 02 00 00 00 00 00 00 00 00 00
@sos_1_1 2026-10-09T10:02:02 4123 02 34 81 09 00 F0 E5 01 00 01 04 65 00 D0 07 00 03 00 00 00 00 00 00 00 68 29 00 00 00 00 02 00 10 00 00 03 00 02 00 00 00 06 00 02 2B 00 00 01 66 00 C2 01 00 00 00 00 00 00 00 00 00 03 00 00 00 10 00 BC 34 00 00 02 67 00 08 02 68 29 00 00 00 00 00 00 02 04 00 00 00 06 00 22 38 00 00 02 65 00 58 02 00 00 00 00 00 00 00 00 00
@sos_1_1 2026-10-09T10:02:03 4124 02 1C 85 09 00 B8 E6 01 00 01 04 65 00 D0 07 00 03 00 00 00 00 00 00 00 A0 28 00 00 00 00 02 00 10 00 00 03 00 02 00 00 00 10 00 02 2B 00 00 01 66 00 C2 01 00 00 00 00 00 00 00 00 00 03 00 00 00 06 00 BC 34 00 00 02 67 00 08 02 A0 28 00 00 00 00 00 00 02 04 00 00 00 10 00 22 38 00 00 02 65 00 58 02 00 00 00 00 00 00 00 00 00
@sos_1_1 2026-10-09T10:02:04 4125 02 04 89 09 00 80 E7 01 00 01 04 65 00 D0 07 00 03 00 00 00 00 00 00 00 D8 27 00 00 00 00 02 00 10 00 00 03 00 02 00 00 00 06 00 02 2B 00 00 01 66 00 C2 01 00 00 00 00 00 00 00 00 00 03 00 00 00 10 00 BC 34 00 00 02 67 00 08 02 D8 27 00 00 00 00 00 00 02 04 00 00 00 06 00 04 38 00 00 02 65 00 58 02 00 00 00 00 00 00 00 00 00
@sos_1_1 2026-10-09T10:02:05 4126 02 EC 8C 09 00 48 E8 01 00 01 04 65 00 D0 07 00 03 00 00 00 00 00 00 00 10 27 00 00 00 00 02 00 10 00 00 03 00 02 00 00 00 10 00 02 2B 00 00 01 66 00 C2 01 00 00 00 00 00 00 00 00 00 03 00 00 00 06 00 BC 34 00 00 02 67 00 08 02 10 27 00 00 00 00 00 00 02 04 00 00 00 10 00 04 38 00 00 02 65 00 58 02 00 00 00 00 00 00 00 00 00
@sos_1_1 2026-10-09T10:02:06 4127 02 D4 90 09 00 10 E9 01 00 01 04 65 00 D0 07 00 03 00 00 00 00 00 00 00 48 26 00 00 00 00 02 00 10 00 00 03 00 02 00 00 00 06 00 02 2B 00 00 01 66 00 C2 01 00 00 00 00 00 00 00 00 00 03 00 00 00 10 00 BC 34 00 00 02 67 00 08 02 48 26 00 00 00 00 00 00 02 04 00 00 00 06 00 E6 37 00 00 02 65 00 58 02 00 00 00 00 00 00 00 00 00
@sos_1_1 2026-10-09T10:02:07 4128 02 BC 94 09 00 D8 E9 01 00 01 04 65 00 D0 07 00 03 00 00 00 00 00 00 00 80 25 00 00 00 00 02 00 10 00 00 03 00 02 00 00 00 10 00 02 2B 00 00 01 66 00 C2 01 00 00 00 00 00 00 00 00 00 03 00 00 00 06 00 BC 34 00 00 02 67 00 08 02 80 25 00 00 00 00 00 00 02 04 00 00 00 10 00 E6 37 00 00 02 65 00 58 02 00 00 00 00 00 00 00 00 00
@sos_1_1 2026-10-09T10:02:08 4129 02 A4 98 09 00 A0 EA 01 00 01 04 65 00 D0 07 00 03 00 00 00 00 00 00 00 B8 24 00 00 00 00 02 00 10 00 00 03 00 02 00 00 00 06 00 02 2B 00 00 01 66 00 C2 01 00 00 00 00 00 00 00 00 00 03 00 00 00 10 00 BC 34 00 00 02 67 00 08 02 B8 24 00 00 00 00 00 00 02 04 00 00 00 06 00 C8 37 00 00 02 65 00 58 02 00 00 00 00 00 00 00 00 00
@sos_1_1 2026-10-09T10:02:09 4130 02 8C 9C 09 00 68 EB 01 00 01 04 65 00 D0 07 00 03 00 00 00 00 00 00 00 F0 23 00 00 00 00 02 00 10 00 00 03 00 02 00 00 00 10 00 02 2B 00 00 01 66 00 C2 01 00 00 00 00 00 00 00 00 00 03 00 00 00 06 00 BC 34 00 00 02 67 00 08 02 F0 23 00 00 00 00 00 00 02 04 00 00 00 10 00 C8 37 00 00 02 65 00 58 02 00 00 00 00 00 00 00 00 00
@sos_1_1 2026-10-09T10:02:10 4131 02 74 A0 09 00 30 EC 01 00 01 04 65 00 D0 07 00 03 00 00 00 00 00 00 00 28 23 00 00 00 00 02 00 10 00 00 03 00 02 00 00 00 06 00 02 2B 00 00 01 66 00 C2 01 00 00 00 00 00 00 00 00 00 03 00 00 00 10 00 BC 34 00 00 02 67 00 08 02 28 23 00 00 00 00 00 00 02 04 00 00 00 06 00 AA 37 00 00 02 65 00 58 02 00 00 00 00 00 00 00 00 00
@sos_1_1 2026-10-09T10:02:11 4132 02 5C A4 09 00 F8 EC 01 00 01 04 65 00 D0 07 00 03 00 00 00 00 00 00 00 60 22 00 00 00 00 02 00 10 00 00 03 00 02 00 00 00 10 00 02 2B 00 00 01 66 00 C2 01 00 00 00 00 00 00 00 00 00 03 00 00 00 06 00 BC 34 00 00 02 67 00 08 02 60 22 00 00 00 00 00 00 02 04 00 00 00 10 00 AA 37 00 00 02 65 00 58 02 00 00 00 00 00 00 00 00 00
@sos_1_1 2026-10-09T10:02:12 4133 02 44 A8 09 00 C0 ED 01 00 01 04 65 00 D0 07 00 03 00 00 00 00 00 00 00 98 21 00 00 00 00 02 00 10 00 00 03 00 02 00 00 00 1A 00 02 2B 00 00 01 66 00 C2 01 00 00 00 00 00 00 00 00 00 03 00 00 00 10 00 BC 34 00 00 02 67 00 08 02 98 21 00 00 00 00 00 00 02 04 00 00 00 06 00 8C 37 00 00 02 65 00 58 02 00 00 00 00 00 00 00 00 00
@sos_1_1 2026-10-09T10:02:13 4134 02 2C AC 09 00 88 EE 01 00 01 04 65 00 D0 07 00 03 00 00 00 00 00 00 00 D0 20 00 00 00 00 02 00 10 00 00 03 00 02 00 00 00 24 00 02 2B 00 00 01 66 00 C2 01 00 00 00 00 00 00 00 00 00 03 00 00 00 06 00 BC 34 00 00 02 67 00 08 02 D0 20 00 00 00 00 00 00 02 04 00 00 00 10 00 8C 37 00 00 02 65 00 58 02 00 00 00 00 00 00 00 00 00
@sos_1_1 2026-10-09T10:02:14 4135 02 14 B0 09 00 50 EF 01 00 01 04 65 00 D0 07 00 03 00 00 00 00 00 00 00 08 20 00 00 00 00 02 00 10 00 00 03 00 02 00 00 00 2E 00 02 2B 00 00 01 66 00 C2 01 00 00 00 00 00 00 00 00 00 03 00 00 00 10 00 BC 34 00 00 02 67 00 08 02 08 20 00 00 00 00 00 00 02 04 00 00 00 06 00 6E 37 00 00 02 65 00 58 02 00 00 00 00 00 00 00 00 00
@sos_1_1 2026-10-09T10:02:15 4136 02 FC B3 09 00 18 F0 01 00 01 04 65 00 D0 07 00 03 00 00 00 00 00 00 00 40 1F 00 00 00 00 02 00 10 00 00 02 00 03 00 00 00 06 00 BC 34 00 00 02 67 00 08 02 40 1F 00 00 00 00 00 00 02 04 00 00 00 10 00 6E 37 00 00 02 65 00 58 02 00 00 00 00 00 00 00 00 00
@sos_1_1 2026-10-09T10:02:16 4137 02 E4 B7 09 00 E0 F0 01 00 01 04 65 00 D0 07 00 03 00 00 00 00 00 00 00 78 1E 00 00 00 00 02 00 10 00 00 02 00 03 00 00 00 10 00 BC 34 00 00 02 67 00 08 02 78 1E 00 00 00 00 00 00 02 04 00 00 00 06 00 50 37 00 00 02 65 00 58 02 00 00 00 00 00 00 00 00 00
@sos_1_1 2026-10-09T10:02:17 4138 02 CC BB 09 00 A8 F1 01 00 01 04 65 00 D0 07 00 03 00 00 00 00 00 00 00 B0 1D 00 00 00 00 02 00 10 00 00 02 00 03 00 00 00 06 00 BC 34 00 00 02 67 00 08 02 B0 1D 00 00 00 00 00 00 02 04 00 00 00 10 00 50 37 00 00 02 65 00 58 02 00 00 00 00 00 00 00 00 00
@sos_1_1 2026-10-09T10:02:18 4139 02 B4 BF 09 00 70 F2 01 00 01 04 65 00 D0 07 00 03 00 00 00 00 00 00 00 E8 1C 00 00 00 00 02 00 10 00 00 02 00 03 00 00 00 10 00 BC 34 00 00 02 67 00 08 02 E8 1C 00 00 00 00 00 00 02 04 00 00 00 06 00 32 37 00 00 02 65 00 58 02 00 00 00 00 00 00 00 00 00
@sos_1_1 2026-10-09T10:02:19 4140 02 9C C3 09 00 38 F3 01 00 01 04 65 00 D0 07 00 03 00 00 00 00 00 00 00 20 1C 00 00 00 00 02 00 10 00 00 02 00 03 00 00 00 06 00 BC 34 00 00 02 67 00 08 02 20 1C 00 00 00 00 00 00 02 04 00 00 00 10 00 32 37 00 00 02 65 00 58 02 00 00 00 00 00 00 00 00 00
@sos_1_1 2026-10-09T10:02:20 4141 02 84 C7 09 00 00 F4 01 00 01 04 65 00 D0 07 00 03 00 00 00 00 00 00 00 58 1B 00 00 00 00 02 00 10 00 00 02 00 03 00 00 00 10 00 BC 34 00 00 02 67 00 08 02 58 1B 00 00 00 00 00 00 02 04 00 00 00 06 00 14 37 00 00 02 65 00 58 02 00 00 00 00 00 00 00 00 00
@sos_1_1 2026-10-09T10:02:21 4142 02 6C CB 09 00 C8 F4 01 00 01 04 65 00 D0 07 00 03 00 00 00 00 00 00 00 90 1A 00 00 00 00 02 00 10 00 00 02 00 03 00 00 00 06 00 BC 34 00 00 02 67 00 08 02 90 1A 00 00 00 00 00 00 02 04 00 00 00 10 00 14 37 00 00 02 65 00 58 02 00 00 00 00 00 00 00 00 00
@sos_1_1 2026-10-09T10:02:22 4143 02 54 CF 09 00 90 F5 01 00 01 04 65 00 D0 07 00 03 00 00 00 00 00 00 00 C8 19 00 00 00 00 02 00 10 00 00 02 00 03 00 00 00 10 00 BC 34 00 00 02 67 00 08 02 C8 19 00 00 00 00 00 00 02 04 00 00 00 06 00 F6 36 00 00 02 65 00 58 02 00 00 00 00 00 00 00 00 00
@sos_1_1 2026-10-09T10:02:23 4144 02 3C D3 09 00 58 F6 01 00 01 04 65 00 D0 07 00 03 00 00 00 00 00 00 00 00 19 00 00 00 00 02 00 10 00 00 02 00 03 00 00 00 06 00 BC 34 00 00 02 67 00 08 02 00 19 00 00 00 00 00 00 02 04 00 00 00 10 00 F6 36 00 00 02 65 00 58 02 00 00 00 00 00 00 00 00 00
@sos_1_1 2026-10-09T10:02:24 4145 02 24 D7 09 00 20 F7 01 00 01 04 65 00 D0 07 00 03 00 00 00 00 00 00 00 38 18 00 00 00 00 02 00 10 00 00 02 00 03 00 00 00 10 00 BC 34 00 00 02 67 00 08 02 38 18 00 00 00 00 00 00 02 04 00 00 00 06 00 D8 36 00 00 02 65 00 58 02 00 00 00 00 00 00 00 00 00
@sos_1_1 2026-10-09T10:02:25 4146 02 0C DB 09 00 E8 F7 01 00 01 04 65 00 D0 07 00 03 00 00 00 00 00 00 00 70 17 00 00 00 00 02 00 10 00 00 02 00 03 00 00 00 06 00 BC 34 00 00 02 67 00 08 02 70 17 00 00 00 00 00 00 02 04 00 00 00 10 00 D8 36 00 00 02 65 00 58 02 00 00 00 00 00 00 00 00 00
@sos_1_1 2026-10-09T10:02:26 4147 02 F4 DE 09 00 B0 F8 01 00 01 04 65 00 D0 07 00 03 00 00 00 00 00 00 00 A8 16 00 00 00 00 02 00 10 00 00 02 00 03 00 00 00 10 00 BC 34 00 00 02 67 00 08 02 A8 16 00 00 00 00 00 00 02 04 00 00 00 06 00 BA 36 00 00 02 65 00 58 02 00 00 00 00 00 00 00 00 00
@sos_1_1 2026-10-09T10:02:27 4148 02 DC E2 09 00 78 F9 01 00 01 04 65 00 D0 07 00 03 00 00 00 00 00 00 00 E0 15 00 00 00 00 02 00 10 00 00 02 00 03 00 00 00 06 00 BC 34 00 00 02 67 00 08 02 E0 15 00 00 00 00 00 00 02 04 00 00 00 10 00 BA 36 00 00 02 65 00 58 02 00 00 00 00 00 00 00 00 00
@sos_1_1 2026-10-09T10:02:28 4149 02 C4 E6 09 00 40 FA 01 00 01 04 65 00 D0 07 00 03 00 00 00 00 00 00 00 18 15 00 00 00 00 02 00 10 00 00 02 00 03 00 00 00 10 00 BC 34 00 00 02 67 00 08 02 18 15 00 00 00 00 00 00 02 04 00 00 00 06 00 9C 36 00 00 02 65 00 58 02 00 00 00 00 00 00 00 00 00
@sos_1_1 2026-10-09T10:02:29 4150 02 AC EA 09 00 08 FB 01 00 01 04 65 00 D0 07 00 03 00 00 00 00 00 00 00 50 14 00 00 00 00 02 00 10 00 00 02 00 03 00 00 00 06 00 BC 34 00 00 02 67 00 08 02 50 14 00 00 00 00 00 00 02 04 00 00 00 10 00 9C 36 00 00 02 65 00 58 02 00 00 00 00 00 00 00 00 00
@sos_1_1 2026-10-09T10:02:30 4151 02 94 EE 09 00 D0 FB 01 00 01 04 65 00 00 00 04 04 00 00 00 1C 25 00 00 00 00 00 00 00 00 08 00 00 01 00 02 00 03 00 00 00 10 00 BC 34 00 00 02 67 00 08 02 88 13 00 00 00 00 00 00 02 04 00 00 00 06 00 7E 36 00 00 02 65 00 58 02 00 00 00 00 1C 25 00 00 04
@sos_1_1 2026-10-09T10:02:31 4152 02 7C F2 09 00 D0 FB 01 00 01 04 65 00 00 00 04 04 00 00 00 1C 25 00 00 00 00 00 00 00 00 08 00 00 01 00 02 00 03 00 00 00 06 00 BC 34 00 00 02 67 00 08 02 88 13 00 00 00 00 00 00 02 04 00 00 00 10 00 7E 36 00 00 02 65 00 58 02 00 00 00 00 1C 25 00 00 04
@sos_1_1 2026-10-09T10:02:32 4153 02 64 F6 09 00 D0 FB 01 00 01 04 65 00 00 00 04 04 00 00 00 F0 23 00 00 00 00 00 00 00 00 08 00 00 01 00 02 00 03 00 00 00 10 00 BC 34 00 00 02 67 00 08 02 88 13 00 00 00 00 00 00 02 04 00 00 00 06 00 60 36 00 00 02 65 00 58 02 00 00 00 00 F0 23 00 00 04
@sos_1_1 2026-10-09T10:02:33 4154 02 4C FA 09 00 D0 FB 01 00 01 04 65 00 00 00 04 04 00 00 00 F0 23 00 00 00 00 00 00 00 00 08 00 00 01 00 02 00 03 00 00 00 06 00 BC 34 00 00 02 67 00 08 02 88 13 00 00 00 00 00 00 02 04 00 00 00 10 00 60 36 00 00 02 65 00 58 02 00 00 00 00 F0 23 00 00 04
@sos_1_1 2026-10-09T10:02:34 4155 02 34 FE 09 00 D0 FB 01 00 01 04 65 00 00 00 04 04 00 00 00 C4 22 00 00 00 00 00 00 00 00 08 00 00 01 00 02 00 03 00 00 00 10 00 BC 34 00 00 02 67 00 08 02 88 13 00 00 00 00 00 00 02 04 00 00 00 06 00 42 36 00 00 02 65 00 58 02 00 00 00 00 C4 22 00 00 04
@sos_1_1 2026-10-09T10:02:35 4156 02 1C 02 0A 00 D0 FB 01 00 01 04 65 00 00 00 04 04 00 00 00 C4 22 00 00 00 00 00 00 00 00 08 00 00 09 01 02 00 03 00 00 00 06 00 BC 34 00 00 02 67 00 08 02 88 13 00 00 00 00 00 00 02 04 00 00 00 10 00 42 36 00 00 02 65 00 58 02 00 00 00 00 C4 22 00 00 04
@sos_1_1 2026-10-09T10:02:36 4157 02 04 06 0A 00 D0 FB 01 00 01 04 65 00 00 00 04 04 00 00 00 98 21 00 00 00 00 00 00 00 00 08 00 00 09 01 02 00 03 00 00 00 10 00 BC 34 00 00 02 67 00 08 02 88 13 00 00 00 00 00 00 02 04 00 00 00 06 00 24 36 00 00 02 65 00 58 02 00 00 00 00 98 21 00 00 04
@sos_1_1 2026-10-09T10:02:37 4158 02 EC 09 0A 00 D0 FB 01 00 01 04 65 00 00 00 04 04 00 00 00 98 21 00 00 00 00 00 00 00 00 08 00 00 09 01 02 00 03 00 00 00 06 00 BC 34 00 00 02 67 00 08 02 88 13 00 00 00 00 00 00 02 04 00 00 00 10 00 24 36 00 00 02 65 00 58 02 00 00 00 00 98 21 00 00 04
@sos_1_1 2026-10-09T10:02:38 4159 02 D4 0D 0A 00 D0 FB 01 00 01 04 65 00 00 00 04 03 00 00 00 00 00 00 00 88 13 00 00 00 00 02 00 10 08 01 02 00 03 00 00 00 10 00 BC 34 00 00 02 67 00 08 02 88 13 00 00 00 00 00 00 02 04 00 00 00 06 00 06 36 00 00 02 68 00 58 02 00 00 00 00 00 00 00 00 00
@sos_1_1 2026-10-09T10:02:39 4160 02 BC 11 0A 00 D0 FB 01 00 01 04 65 00 00 00 04 03 00 00 00 00 00 00 00 88 13 00 00 00 00 02 00 10 08 01 02 00 03 00 00 00 06 00 BC 34 00 00 02 67 00 08 02 88 13 00 00 00 00 00 00 02 04 00 00 00 10 00 06 36 00 00 02 68 00 58 02 00 00 00 00 00 00 00 00 00
@sos_1_1 2026-10-09T10:02:40 4161 02 A4 15 0A 00 D0 FB 01 00 01 04 65 00 00 00 04 03 00 00 00 00 00 00 00 88 13 00 00 00 00 02 00 10 00 02 02 00 03 00 00 00 10 00 BC 34 00 00 02 67 00 08 02 88 13 00 00 00 00 00 00 02 04 00 00 00 06 00 E8 35 00 00 02 68 00 58 02 00 00 00 00 00 00 00 00 00
@sos_1_1 2026-10-09T10:02:41 4162 02 8C 19 0A 00 D0 FB 01 00 01 04 65 00 00 00 04 03 00 00 00 00 00 00 00 88 13 00 00 00 00 02 00 10 00 02 02 00 03 00 00 00 06 00 BC 34 00 00 02 67 00 08 02 88 13 00 00 00 00 00 00 02 04 00 00 00 10 00 E8 35 00 00 02 68 00 58 02 00 00 00 00 00 00 00 00 00
@sos_1_1 2026-10-09T10:02:42 4163 02 74 1D 0A 00 D0 FB 01 00 01 04 65 00 00 00 04 03 00 00 00 00 00 00 00 88 13 00 00 00 00 02 00 10 00 02 02 00 03 00 00 00 10 00 BC 34 00 00 02 67 00 08 02 88 13 00 00 00 00 00 00 02 04 00 00 00 06 00 CA 35 00 00 02 68 00 58 02 00 00 00 00 00 00 00 00 00
@sos_1_1 2026-10-09T10:02:43 4164 02 5C 21 0A 00 D0 FB 01 00 01 04 65 00 00 00 04 03 00 00 00 00 00 00 00 88 13 00 00 00 00 02 00 10 00 02 02 00 03 00 00 00 06 00 BC 34 00 00 02 67 00 08 02 88 13 00 00 00 00 00 00 02 04 00 00 00 10 00 CA 35 00 00 02 68 00 58 02 00 00 00 00 00 00 00 00 00
@sos_1_1 2026-10-09T10:02:44 4165 02 44 25 0A 00 D0 FB 01 00 01 04 65 00 00 00 04 03 00 00 00 00 00 00 00 88 13 00 00 00 00 02 00 10 00 02 02 00 03 00 00 00 10 00 BC 34 00 00 02 67 00 08 02 88 13 00 00 00 00 00 00 02 04 00 00 00 06 00 AC 35 00 00 02 68 00 58 02 00 00 00 00 00 00 00 00 00
@sos_1_1 2026-10-09T10:02:45 4166 02 2C 29 0A 00 D0 FB 01 00 01 04 65 00 00 00 04 03 00 00 00 00 00 00 00 88 13 00 00 00 00 02 00 10 00 02 02 00 03 00 00 00 06 00 BC 34 00 00 02 67 00 08 02 88 13 00 00 00 00 00 00 02 04 00 00 00 10 00 AC 35 00 00 02 68 00 58 02 00 00 00 00 00 00 00 00 00
@sos_1_1 2026-10-09T10:02:46 4167 02 14 2D 0A 00 D0 FB 01 00 01 04 65 00 00 00 04 03 00 00 00 00 00 00 00 88 13 00 00 00 00 02 00 10 00 02 02 00 03 00 00 00 10 00 BC 34 00 00 02 67 00 08 02 88 13 00 00 00 00 00 00 02 04 00 00 00 1A 00 AC 35 00 00 02 68 00 58 02 00 00 00 00 00 00 00 00 00
@sos_1_1 2026-10-09T10:02:47 4168 02 FC 30 0A 00 D0 FB 01 00 01 04 65 00 00 00 04 03 00 00 00 00 00 00 00 88 13 00 00 00 00 02 00 10 00 02 02 00 03 00 00 00 06 00 BC 34 00 00 02 67 00 08 02 88 13 00 00 00 00 00 00 02 04 00 00 00 24 00 AC 35 00 00 02 68 00 58 02 00 00 00 00 00 00 00 00 00
@sos_1_1 2026-10-09T10:02:48 4169 02 E4 34 0A 00 D0 FB 01 00 01 04 65 00 00 00 04 03 00 00 00 00 00 00 00 88 13 00 00 00 00 02 00 10 00 02 02 00 03 00 00 00 10 00 BC 34 00 00 02 67 00 08 02 88 13 00 00 00 00 00 00 02 04 00 00 00 2E 00 AC 35 00 00 02 68 00 58 02 00 00 00 00 00 00 00 00 00
@sos_1_1 2026-10-09T10:02:49 4170 02 CC 38 0A 00 D0 FB 01 00 01 04 65 00 00 00 04 03 00 00 00 00 00 00 00 88 13 00 00 00 00 02 00 10 00 02 01 00 03 00 00 00 06 00 BC 34 00 00 02 67 00 08 02 88 13 00 00 00 00 00 00 02
@sos_1_1 2026-10-09T10:02:50 4171 02 B4 3C 0A 00 D0 FB 01 00 01 04 65 00 D0 07 04 03 00 00 00 00 00 00 00 88 13 00 00 00 00 02 00 10 00 00 01 00 03 00 00 00 10 00 BC 34 00 00 02 67 00 08 02 88 13 00 00 00 00 00 00 02
@sos_1_1 2026-10-09T10:02:51 4172 02 9C 40 0A 00 98 FC 01 00 01 04 65 00 D0 07 04 03 00 00 00 00 00 00 00 C0 12 00 00 00 00 02 00 10 00 00 01 00 03 00 00 00 06 00 BC 34 00 00 02 67 00 08 02 C0 12 00 00 00 00 00 00 02
@sos_1_1 2026-10-09T10:02:52 4173 02 84 44 0A 00 60 FD 01 00 01 04 65 00 D0 07 04 03 00 00 00 00 00 00 00 F8 11 00 00 00 00 02 00 10 00 00 01 00 03 00 00 00 10 00 BC 34 00 00 02 67 00 08 02 F8 11 00 00 00 00 00 00 02
@sos_1_1 2026-10-09T10:02:53 4174 02 6C 48 0A 00 28 FE 01 00 01 04 65 00 D0 07 04 03 00 00 00 00 00 00 00 30 11 00 00 00 00 02 00 10 00 00 01 00 03 00 00 00 06 00 BC 34 00 00 02 67 00 08 02 30 11 00 00 00 00 00 00 02
@sos_1_1 2026-10-09T10:02:54 4175 02 54 4C 0A 00 F0 FE 01 00 01 04 65 00 D0 07 04 03 00 00 00 00 00 00 00 68 10 00 00 00 00 02 00 10 00 00 01 00 03 00 00 00 10 00 BC 34 00 00 02 67 00 08 02 68 10 00 00 00 00 00 00 02
@sos_1_1 2026-10-09T10:02:55 4176 02 3C 50 0A 00 B8 FF 01 00 01 04 65 00 D0 07 04 03 00 00 00 00 00 00 00 A0 0F 00 00 00 00 02 00 10 00 00 01 00 03 00 00 00 06 00 BC 34 00 00 02 67 00 08 02 A0 0F 00 00 00 00 00 00 02
@sos_1_1 2026-10-09T10:02:56 4177 02 24 54 0A 00 80 00 02 00 01 04 65 00 D0 07 04 03 00 00 00 00 00 00 00 D8 0E 00 00 00 00 02 00 10 00 00 01 00 03 00 00 00 10 00 BC 34 00 00 02 67 00 08 02 D8 0E 00 00 00 00 00 00 02
@sos_1_1 2026-10-09T10:02:57 4178 02 0C 58 0A 00 48 01 02 00 01 04 65 00 D0 07 04 03 00 00 00 00 00 00 00 10 0E 00 00 00 00 02 00 10 00 00 01 00 03 00 00 00 06 00 BC 34 00 00 02 67 00 08 02 10 0E 00 00 00 00 00 00 02
@sos_1_1 2026-10-09T10:02:58 4179 02 F4 5B 0A 00 10 02 02 00 01 04 65 00 D0 07 04 03 00 00 00 00 00 00 00 48 0D 00 00 00 00 02 00 10 00 00 01 00 03 00 00 00 10 00 BC 34 00 00 02 67 00 08 02 48 0D 00 00 00 00 00 00 02
@sos_1_1 2026-10-09T10:02:59 4180 02 DC 5F 0A 00 D8 02 02 00 01 04 65 00 D0 07 04 03 00 00 00 00 00 00 00 80 0C 00 00 00 00 02 00 10 00 00 01 00 03 00 00 00 06 00 BC 34 00 00 02 67 00 08 02 80 0C 00 00 00 00 00 00 02
@sos_1_1 2026-10-09T10:03:00 4181 02 C4 63 0A 00 A0 03 02 00 01 04 65 00 D0 07 04 03 00 00 00 00 00 00 00 B8 0B 00 00 00 00 02 00 10 00 00 01 00 03 00 00 00 10 00 BC 34 00 00 02 67 00 08 02 B8 0B 00 00 00 00 00 00 02
@sos_1_1 2026-10-09T10:03:01 4182 02 AC 67 0A 00 68 04 02 00 01 04 65 00 D0 07 04 03 00 00 00 00 00 00 00 F0 0A 00 00 00 00 02 00 10 00 00 01 00 03 00 00 00 06 00 BC 34 00 00 02 67 00 08 02 F0 0A 00 00 00 00 00 00 02
@sos_1_1 2026-10-09T10:03:02 4183 02 94 6B 0A 00 30 05 02 00 01 04 65 00 D0 07 04 03 00 00 00 00 00 00 00 28 0A 00 00 00 00 02 00 10 00 00 01 00 03 00 00 00 10 00 BC 34 00 00 02 67 00 08 02 28 0A 00 00 00 00 00 00 02
@sos_1_1 2026-10-09T10:03:03 4184 02 7C 6F 0A 00 F8 05 02 00 01 04 65 00 D0 07 04 03 00 00 00 00 00 00 00 60 09 00 00 00 00 02 00 10 00 00 01 00 03 00 00 00 06 00 BC 34 00 00 02 67 00 08 02 60 09 00 00 00 00 00 00 02
@sos_1_1 2026-10-09T10:03:04 4185 02 64 73 0A 00 C0 06 02 00 01 04 65 00 D0 07 04 03 00 00 00 00 00 00 00 98 08 00 00 00 00 02 00 10 00 00 01 00 03 00 00 00 10 00 BC 34 00 00 02 67 00 08 02 98 08 00 00 00 00 00 00 02
@sos_1_1 2026-10-09T10:03:05 4186 02 4C 77 0A 00 88 07 02 00 01 04 65 00 D0 07 04 03 00 00 00 00 00 00 00 D0 07 00 00 00 00 02 00 10 00 00 01 00 03 00 00 00 06 00 BC 34 00 00 02 67 00 08 02 D0 07 00 00 00 00 00 00 02
@sos_1_1 2026-10-09T10:03:06 4187 02 34 7B 0A 00 50 08 02 00 01 04 65 00 D0 07 04 03 00 00 00 00 00 00 00 08 07 00 00 00 00 02 00 10 00 00 01 00 03 00 00 00 10 00 BC 34 00 00 02 67 00 08 02 08 07 00 00 00 00 00 00 02
@sos_1_1 2026-10-09T10:03:07 4188 02 1C 7F 0A 00 18 09 02 00 01 04 65 00 D0 07 04 03 00 00 00 00 00 00 00 40 06 00 00 00 00 02 00 10 00 00 01 00 03 00 00 00 06 00 BC 34 00 00 02 67 00 08 02 40 06 00 00 00 00 00 00 02
@sos_1_1 2026-10-09T10:03:08 4189 02 04 83 0A 00 E0 09 02 00 01 04 65 00 D0 07 04 03 00 00 00 00 00 00 00 78 05 00 00 00 00 02 00 10 00 00 01 00 03 00 00 00 10 00 BC 34 00 00 02 67 00 08 02 78 05 00 00 00 00 00 00 02
@sos_1_1 2026-10-09T10:03:09 4190 02 EC 86 0A 00 A8 0A 02 00 01 04 65 00 D0 07 04 03 00 00 00 00 00 00 00 B0 04 00 00 00 00 02 00 10 00 00 01 00 03 00 00 00 06 00 BC 34 00 00 02 67 00 08 02 B0 04 00 00 00 00 00 00 02
@sos_1_1 2026-10-09T10:03:10 4191 02 D4 8A 0A 00 70 0B 02 00 01 04 65 00 D0 07 04 03 00 00 00 00 00 00 00 E8 03 00 00 00 00 02 00 10 00 00 01 00 03 00 00 00 10 00 BC 34 00 00 02 67 00 08 02 E8 03 00 00 00 00 00 00 02
@sos_1_1 2026-10-09T10:03:11 4192 02 BC 8E 0A 00 38 0C 02 00 01 04 65 00 D0 07 04 03 00 00 00 00 00 00 00 20 03 00 00 00 00 02 00 10 00 00 01 00 03 00 00 00 06 00 BC 34 00 00 02 67 00 08 02 20 03 00 00 00 00 00 00 02
@sos_1_1 2026-10-09T10:03:12 4193 02 A4 92 0A 00 00 0D 02 00 01 04 65 00 D0 07 04 03 00 00 00 00 00 00 00 58 02 00 00 00 00 02 00 10 00 00 01 00 03 00 00 00 10 00 BC 34 00 00 02 67 00 08 02 58 02 00 00 00 00 00 00 02
@sos_1_1 2026-10-09T10:03:13 4194 02 8C 96 0A 00 C8 0D 02 00 01 04 65 00 D0 07 04 03 00 00 00 00 00 00 00 90 01 00 00 00 00 02 00 10 00 00 01 00 03 00 00 00 06 00 BC 34 00 00 02 67 00 08 02 90 01 00 00 00 00 00 00 02
@sos_1_1 2026-10-09T10:03:14 4195 02 74 9A 0A 00 90 0E 02 00 01 04 65 00 D0 07 04 03 00 00 00 00 00 00 00 C8 00 00 00 00 00 02 00 10 00 00 01 00 03 00 00 00 10 00 BC 34 00 00 02 67 00 08 02 C8 00 00 00 00 00 00 00 02
@sos_1_1 2026-10-09T10:03:15 4196 02 5C 9E 0A 00 58 0F 02 00 01 04 65 00 D0 07 04 00 00 00 00 00 00 00 00 00 00 00 00 00 00 00 00 00 00 00 01 00 03 00 00 00 06 00 BC 34 00 00 02 67 00 08 02 00 00 00 00 00 00 00 00 00
@sos_1_1 2026-10-09T10:03:16 4197 02 44 A2 0A 00 20 10 02 00 01 04 65 00 D0 07 04 00 00 00 00 00 00 00 00 00 00 00 00 00 00 00 00 00 00 00 01 00 03 00 00 00 10 00 BC 34 00 00 02 67 00 08 02 00 00 00 00 00 00 00 00 00
@sos_1_1 2026-10-09T10:03:17 4198 02 2C A6 0A 00 E8 10 02 00 01 04 65 00 D0 07 04 00 00 00 00 00 00 00 00 00 00 00 00 00 00 00 00 00 00 00 01 00 03 00 00 00 06 00 BC 34 00 00 02 67 00 08 02 00 00 00 00 00 00 00 00 00
@sos_1_1 2026-10-09T10:03:18 4199 02 14 AA 0A 00 B0 11 02 00 01 04 65 00 D0 07 04 00 00 00 00 00 00 00 00 00 00 00 00 00 00 00 00 00 00 00 01 00 03 00 00 00 10 00 BC 34 00 00 02 67 00 08 02 00 00 00 00 00 00 00 00 00
@sos_1_1 2026-10-09T10:03:19 4200 02 FC AD 0A 00 78 12 02 00 01 04 65 00 D0 07 05 05 00 00 00 86 24 00 00 00 00 00 00 00 00 10 00 00 02 00 02 00 05 00 00 00 06 00 A7 3A 00 00 01 65 00 F4 01 00 00 00 00 86 24 00 00 08 03 00 00 00 06 00 BC 34 00 00 02 67 00 08 02 00 00 00 00 00 00 00 00 00
@sos_1_1 2026-10-09T10:03:20 4201 02 E4 B1 0A 00 40 13 02 00 01 04 65 00 D0 07 05 05 00 00 00 BE 23 00 00 00 00 00 00 00 00 10 00 00 02 00 02 00 05 00 00 00 10 00 A7 3A 00 00 01 65 00 F4 01 00 00 00 00 BE 23 00 00 08 03 00 00 00 10 00 BC 34 00 00 02 67 00 08 02 00 00 00 00 00 00 00 00 00
@sos_1_1 2026-10-09T10:03:21 4202 02 CC B5 0A 00 08 14 02 00 01 04 65 00 D0 07 05 05 00 00 00 22 24 00 00 00 00 00 00 00 00 10 00 00 02 00 02 00 05 00 00 00 06 00 C5 3A 00 00 01 65 00 F4 01 00 00 00 00 22 24 00 00 08 03 00 00 00 06 00 BC 34 00 00 02 67 00 08 02 00 00 00 00 00 00 00 00 00
@sos_1_1 2026-10-09T10:03:22 4203 02 B4 B9 0A 00 D0 14 02 00 01 04 65 00 D0 07 05 05 00 00 00 5A 23 00 00 00 00 00 00 00 00 10 00 00 02 00 02 00 05 00 00 00 10 00 C5 3A 00 00 01 65 00 F4 01 00 00 00 00 5A 23 00 00 08 03 00 00 00 10 00 BC 34 00 00 02 67 00 08 02 00 00 00 00 00 00 00 00 00
@sos_1_1 2026-10-09T10:03:23 4204 02 9C BD 0A 00 98 15 02 00 01 04 65 00 D0 07 05 05 00 00 00 BE 23 00 00 00 00 00 00 00 00 10 00 00 02 00 02 00 05 00 00 00 06 00 E3 3A 00 00 01 65 00 F4 01 00 00 00 00 BE 23 00 00 08 03 00 00 00 06 00 BC 34 00 00 02 67 00 08 02 00 00 00 00 00 00 00 00 00
@sos_1_1 2026-10-09T10:03:24 4205 02 84 C1 0A 00 60 16 02 00 01 04 65 00 D0 07 05 05 00 00 00 F6 22 00 00 00 00 00 00 00 00 10 00 00 02 00 02 00 05 00 00 00 10 00 E3 3A 00 00 01 65 00 F4 01 00 00 00 00 F6 22 00 00 08 03 00 00 00 10 00 BC 34 00 00 02 67 00 08 02 00 00 00 00 00 00 00 00 00
@sos_1_1 2026-10-09T10:03:25 4206 02 6C C5 0A 00 28 17 02 00 01 04 65 00 D0 07 05 05 00 00 00 5A 23 00 00 00 00 00 00 00 00 10 00 00 02 00 02 00 05 00 00 00 06 00 01 3B 00 00 01 65 00 F4 01 00 00 00 00 5A 23 00 00 08 03 00 00 00 06 00 BC 34 00 00 02 67 00 08 02 00 00 00 00 00 00 00 00 00
@sos_1_1 2026-10-09T10:03:26 4207 02 54 C9 0A 00 F0 17 02 00 01 04 65 00 D0 07 05 05 00 00 00 92 22 00 00 00 00 00 00 00 00 10 00 00 02 00 02 00 05 00 00 00 10 00 01 3B 00 00 01 65 00 F4 01 00 00 00 00 92 22 00 00 08 03 00 00 00 10 00 BC 34 00 00 02 67 00 08 02 00 00 00 00 00 00 00 00 00
@sos_1_1 2026-10-09T10:03:27 4208 02 3C CD 0A 00 B8 18 02 00 01 04 65 00 D0 07 05 05 00 00 00 F6 22 00 00 00 00 00 00 00 00 10 00 00 02 00 02 00 05 00 00 00 06 00 1F 3B 00 00 01 65 00 F4 01 00 00 00 00 F6 22 00 00 08 03 00 00 00 06 00 BC 34 00 00 02 67 00 08 02 00 00 00 00 00 00 00 00 00
@sos_1_1 2026-10-09T10:03:28 4209 02 24 D1 0A 00 80 19 02 00 01 04 65 00 D0 07 05 05 00 00 00 2E 22 00 00 00 00 00 00 00 00 10 00 00 02 00 02 00 05 00 00 00 10 00 1F 3B 00 00 01 65 00 F4 01 00 00 00 00 2E 22 00 00 08 03 00 00 00 10 00 BC 34 00 00 02 67 00 08 02 00 00 00 00 00 00 00 00 00
@sos_1_1 2026-10-09T10:03:29 4210 02 0C D5 0A 00 48 1A 02 00 01 04 65 00 D0 07 05 05 00 00 00 92 22 00 00 00 00 00 00 00 00 10 00 00 02 00 02 00 05 00 00 00 06 00 3D 3B 00 00 01 65 00 F4 01 00 00 00 00 92 22 00 00 08 03 00 00 00 06 00 BC 34 00 00 02 67 00 08 02 00 00 00 00 00 00 00 00 00
@sos_1_1 2026-10-09T10:03:30 4211 02 F4 D8 0A 00 10 1B 02 00 01 04 65 00 D0 07 05 05 00 00 00 CA 21 00 00 00 00 00 00 00 00 10 00 00 02 00 02 00 05 00 00 00 10 00 3D 3B 00 00 01 65 00 F4 01 00 00 00 00 CA 21 00 00 08 03 00 00 00 10 00 BC 34 00 00 02 67 00 08 02 00 00 00 00 00 00 00 00 00
@sos_1_1 2026-10-09T10:03:31 4212 02 DC DC 0A 00 D8 1B 02 00 01 04 65 00 D0 07 05 05 00 00 00 2E 22 00 00 00 00 00 00 00 00 10 00 00 02 00 02 00 05 00 00 00 06 00 5B 3B 00 00 01 65 00 F4 01 00 00 00 00 2E 22 00 00 08 03 00 00 00 06 00 BC 34 00 00 02 67 00 08 02 00 00 00 00 00 00 00 00 00
@sos_1_1 2026-10-09T10:03:32 4213 02 C4 E0 0A 00 A0 1C 02 00 01 04 65 00 D0 07 05 05 00 00 00 66 21 00 00 00 00 00 00 00 00 10 00 00 02 00 02 00 05 00 00 00 10 00 5B 3B 00 00 01 65 00 F4 01 00 00 00 00 66 21 00 00 08 03 00 00 00 10 00 BC 34 00 00 02 67 00 08 02 00 00 00 00 00 00 00 00 00
@sos_1_1 2026-10-09T10:03:33 4214 02 AC E4 0A 00 68 1D 02 00 01 04 65 00 D0 07 05 05 00 00 00 CA 21 00 00 00 00 00 00 00 00 10 00 00 02 00 02 00 05 00 00 00 06 00 79 3B 00 00 01 65 00 F4 01 00 00 00 00 CA 21 00 00 08 03 00 00 00 06 00 BC 34 00 00 02 67 00 08 02 00 00 00 00 00 00 00 00 00
@sos_1_1 2026-10-09T10:03:34 4215 02 94 E8 0A 00 30 1E 02 00 01 04 65 00 D0 07 05 05 00 00 00 02 21 00 00 00 00 00 00 00 00 10 00 00 02 00 03 00 05 00 00 00 10 00 79 3B 00 00 01 65 00 F4 01 00 00 00 00 02 21 00 00 08 03 00 00 00 10 00 BC 34 00 00 02 67 00 08 02 00 00 00 00 00 00 00 00 00 06 00 00 00 06 00 8C 25 00 00 01 6A 00 BC 02 00 00 00 00 00 00 00 00 00
@sos_1_1 2026-10-09T10:03:35 4216 02 7C EC 0A 00 F8 1E 02 00 01 04 65 00 D0 07 05 05 00 00 00 66 21 00 00 00 00 00 00 00 00 10 00 00 02 00 03 00 05 00 00 00 06 00 97 3B 00 00 01 65 00 F4 01 00 00 00 00 66 21 00 00 08 03 00 00 00 06 00 BC 34 00 00 02 67 00 08 02 00 00 00 00 00 00 00 00 00 06 00 00 00 10 00 8C 25 00 00 01 6A 00 BC 02 00 00 00 00 00 00 00 00 00
@sos_1_1 2026-10-09T10:03:36 4217 02 64 F0 0A 00 C0 1F 02 00 01 04 65 00 D0 07 05 05 00 00 00 9E 20 00 00 00 00 00 00 00 00 10 00 00 02 00 03 00 05 00 00 00 10 00 97 3B 00 00 01 65 00 F4 01 00 00 00 00 9E 20 00 00 08 03 00 00 00 10 00 BC 34 00 00 02 67 00 08 02 00 00 00 00 00 00 00 00 00 06 00 00 00 06 00 A4 25 00 00 01 6A 00 BC 02 58 A7 00 00 00 00 00 00 10
@sos_1_1 2026-10-09T10:03:37 4218 02 4C F4 0A 00 88 20 02 00 01 04 65 00 D0 07 05 05 00 00 00 02 21 00 00 00 00 00 00 00 00 10 00 00 02 00 03 00 05 00 00 00 06 00 B5 3B 00 00 01 65 00 F4 01 00 00 00 00 02 21 00 00 08 03 00 00 00 06 00 BC 34 00 00 02 67 00 08 02 00 00 00 00 00 00 00 00 00 06 00 00 00 10 00 A4 25 00 00 01 6A 00 BC 02 20 A8 00 00 00 00 00 00 10
@sos_1_1 2026-10-09T10:03:38 4219 02 34 F8 0A 00 50 21 02 00 01 04 65 00 D0 07 05 05 00 00 00 3A 20 00 00 00 00 00 00 00 00 10 00 00 02 00 03 00 05 00 00 00 10 00 B5 3B 00 00 01 65 00 F4 01 00 00 00 00 3A 20 00 00 08 03 00 00 00 10 00 BC 34 00 00 02 67 00 08 02 00 00 00 00 00 00 00 00 00 06 00 00 00 06 00 BC 25 00 00 01 6A 00 BC 02 F8 A7 00 00 00 00 00 00 10
@sos_1_1 2026-10-09T10:03:39 4220 02 1C FC 0A 00 18 22 02 00 01 04 65 00 D0 07 05 05 00 00 00 9E 20 00 00 00 00 00 00 00 00 10 00 00 02 00 03 00 05 00 00 00 06 00 D3 3B 00 00 01 65 00 F4 01 00 00 00 00 9E 20 00 00 08 03 00 00 00 06 00 BC 34 00 00 02 67 00 08 02 00 00 00 00 00 00 00 00 00 06 00 00 00 10 00 BC 25 00 00 01 6A 00 BC 02 C0 A8 00 00 00 00 00 00 10
@sos_1_1 2026-10-09T10:03:40 4221 02 04 00 0B 00 E0 22 02 00 01 04 65 00 D0 07 05 05 00 00 00 D6 1F 00 00 00 00 00 00 00 00 10 00 00 02 00 03 00 05 00 00 00 10 00 D3 3B 00 00 01 65 00 F4 01 00 00 00 00 D6 1F 00 00 08 03 00 00 00 10 00 BC 34 00 00 02 67 00 08 02 00 00 00 00 00 00 00 00 00 06 00 00 00 06 00 D4 25 00 00 01 6A 00 BC 02 98 A8 00 00 00 00 00 00 10
@sos_1_1 2026-10-09T10:03:41 4222 02 EC 03 0B 00 A8 23 02 00 01 04 65 00 D0 07 05 05 00 00 00 3A 20 00 00 00 00 00 00 00 00 10 00 00 02 00 03 00 05 00 00 00 06 00 F1 3B 00 00 01 65 00 F4 01 00 00 00 00 3A 20 00 00 08 03 00 00 00 06 00 BC 34 00 00 02 67 00 08 02 00 00 00 00 00 00 00 00 00 06 00 00 00 10 00 D4 25 00 00 01 6A 00 BC 02 60 A9 00 00 00 00 00 00 10
@sos_1_1 2026-10-09T10:03:42 4223 02 D4 07 0B 00 70 24 02 00 01 04 65 00 D0 07 05 05 00 00 00 72 1F 00 00 00 00 00 00 00 00 10 00 00 02 00 03 00 05 00 00 00 10 00 F1 3B 00 00 01 65 00 F4 01 00 00 00 00 72 1F 00 00 08 03 00 00 00 10 00 BC 34 00 00 02 67 00 08 02 00 00 00 00 00 00 00 00 00 06 00 00 00 06 00 EC 25 00 00 01 6A 00 BC 02 38 A9 00 00 00 00 00 00 10
@sos_1_1 2026-10-09T10:03:43 4224 02 BC 0B 0B 00 38 25 02 00 01 04 65 00 D0 07 05 05 00 00 00 D6 1F 00 00 00 00 00 00 00 00 10 00 00 02 00 03 00 05 00 00 00 06 00 0F 3C 00 00 01 65 00 F4 01 00 00 00 00 D6 1F 00 00 08 03 00 00 00 06 00 BC 34 00 00 02 67 00 08 02 00 00 00 00 00 00 00 00 00 06 00 00 00 10 00 EC 25 00 00 01 6A 00 BC 02 00 AA 00 00 00 00 00 00 10
@sos_1_1 2026-10-09T10:03:44 4225 02 A4 0F 0B 00 00 26 02 00 01 04 65 00 D0 07 05 05 00 00 00 0E 1F 00 00 00 00 00 00 00 00 10 00 00 02 00 03 00 05 00 00 00 10 00 0F 3C 00 00 01 65 00 F4 01 00 00 00 00 0E 1F 00 00 08 03 00 00 00 10 00 BC 34 00 00 02 67 00 08 02 00 00 00 00 00 00 00 00 00 06 00 00 00 06 00 04 26 00 00 01 6A 00 BC 02 D8 A9 00 00 00 00 00 00 10
@sos_1_1 2026-10-09T10:03:45 4226 02 8C 13 0B 00 C8 26 02 00 01 04 65 00 D0 07 05 06 00 00 00 00 00 00 00 A0 AA 00 00 00 00 04 00 20 00 00 03 00 05 00 00 00 06 00 2D 3C 00 00 01 69 00 F4 01 00 00 00 00 00 00 00 00 00 03 00 00 00 06 00 BC 34 00 00 02 67 00 08 02 00 00 00 00 00 00 00 00 00 06 00 00 00 10 00 04 26 00 00 01 6A 00 BC 02 A0 AA 00 00 00 00 00 00 10
@sos_1_1 2026-10-09T10:03:46 4227 02 74 17 0B 00 90 27 02 00 01 04 65 00 D0 07 05 06 00 00 00 00 00 00 00 78 AA 00 00 00 00 04 00 20 00 00 03 00 05 00 00 00 10 00 2D 3C 00 00 01 69 00 F4 01 00 00 00 00 00 00 00 00 00 03 00 00 00 10 00 BC 34 00 00 02 67 00 08 02 00 00 00 00 00 00 00 00 00 06 00 00 00 06 00 1C 26 00 00 01 6A 00 BC 02 78 AA 00 00 00 00 00 00 10
@sos_1_1 2026-10-09T10:03:47 4228 02 5C 1B 0B 00 58 28 02 00 01 04 65 00 D0 07 05 06 00 00 00 00 00 00 00 40 AB 00 00 00 00 04 00 20 00 00 03 00 05 00 00 00 06 00 4B 3C 00 00 01 69 00 F4 01 00 00 00 00 00 00 00 00 00 03 00 00 00 06 00 BC 34 00 00 02 67 00 08 02 00 00 00 00 00 00 00 00 00 06 00 00 00 10 00 1C 26 00 00 01 6A 00 BC 02 40 AB 00 00 00 00 00 00 10
@sos_1_1 2026-10-09T10:03:48 4229 02 44 1F 0B 00 20 29 02 00 01 04 65 00 D0 07 05 00 00 00 00 00 00 00 00 E0 47 00 00 95 11 20 00 40 04 00 03 01 05 00 00 00 10 00 4B 3C 00 00 01 69 00 F4 01 00 00 00 00 00 00 00 00 00 03 00 00 00 10 00 BC 34 00 00 02 67 00 08 02 00 00 00 00 00 00 00 00 00 06 00 00 00 06 00 34 26 00 00 01 6A 00 BC 02 18 AB 00 00 00 00 00 00 10 95 11 01 04 00 80 3E 00 00 E0 47 00 00
@sos_1_1 2026-10-09T10:03:49 4230 02 2C 23 0B 00 E8 29 02 00 01 04 65 00 D0 07 05 00 00 00 00 00 00 00 00 18 47 00 00 95 11 20 00 40 04 00 03 01 05 00 00 00 06 00 69 3C 00 00 01 69 00 F4 01 00 00 00 00 00 00 00 00 00 03 00 00 00 06 00 BC 34 00 00 02 67 00 08 02 00 00 00 00 00 00 00 00 00 06 00 00 00 10 00 34 26 00 00 01 6A 00 BC 02 E0 AB 00 00 00 00 00 00 10 95 11 01 0E 00 80 3E 00 00 18 47 00 00
@sos_1_1 2026-10-09T10:03:50 4231 02 14 27 0B 00 B0 2A 02 00 01 04 65 00 D0 07 05 00 00 00 00 00 00 00 00 50 46 00 00 95 11 20 00 40 04 00 03 01 05 00 00 00 10 00 69 3C 00 00 01 69 00 F4 01 00 00 00 00 00 00 00 00 00 03 00 00 00 10 00 BC 34 00 00 02 67 00 08 02 00 00 00 00 00 00 00 00 00 06 00 00 00 06 00 4C 26 00 00 01 6A 00 BC 02 B8 AB 00 00 00 00 00 00 10 95 11 01 04 00 80 3E 00 00 50 46 00 00
@sos_1_1 2026-10-09T10:03:51 4232 02 FC 2A 0B 00 78 2B 02 00 01 04 65 00 D0 07 05 00 00 00 00 00 00 00 00 88 45 00 00 95 11 20 00 40 04 00 03 01 05 00 00 00 06 00 87 3C 00 00 01 69 00 F4 01 00 00 00 00 00 00 00 00 00 03 00 00 00 06 00 BC 34 00 00 02 67 00 08 02 00 00 00 00 00 00 00 00 00 06 00 00 00 10 00 4C 26 00 00 01 6A 00 BC 02 80 AC 00 00 00 00 00 00 10 95 11 01 0E 00 80 3E 00 00 88 45 00 00
@sos_1_1 2026-10-09T10:03:52 4233 02 E4 2E 0B 00 40 2C 02 00 01 04 65 00 D0 07 05 00 00 00 00 00 00 00 00 C0 44 00 00 95 11 20 00 40 04 00 03 01 05 00 00 00 10 00 87 3C 00 00 01 69 00 F4 01 00 00 00 00 00 00 00 00 00 03 00 00 00 10 00 BC 34 00 00 02 67 00 08 02 00 00 00 00 00 00 00 00 00 06 00 00 00 06 00 64 26 00 00 01 6A 00 BC 02 58 AC 00 00 00 00 00 00 10 95 11 01 04 00 80 3E 00 00 C0 44 00 00
@sos_1_1 2026-10-09T10:03:53 4234 02 CC 32 0B 00 08 2D 02 00 01 04 65 00 D0 07 05 00 00 00 00 00 00 00 00 F8 43 00 00 95 11 20 00 40 04 00 03 01 05 00 00 00 1A 00 87 3C 00 00 01 69 00 F4 01 00 00 00 00 00 00 00 00 00 03 00 00 00 06 00 BC 34 00 00 02 67 00 08 02 00 00 00 00 00 00 00 00 00 06 00 00 00 10 00 64 26 00 00 01 6A 00 BC 02 20 AD 00 00 00 00 00 00 10 95 11 01 0E 00 80 3E 00 00 F8 43 00 00
@sos_1_1 2026-10-09T10:03:54 4235 02 B4 36 0B 00 D0 2D 02 00 01 04 65 00 D0 07 05 00 00 00 00 00 00 00 00 30 43 00 00 95 11 20 00 40 04 00 03 01 05 00 00 00 24 00 87 3C 00 00 01 69 00 F4 01 00 00 00 00 00 00 00 00 00 03 00 00 00 10 00 BC 34 00 00 02 67 00 08 02 00 00 00 00 00 00 00 00 00 06 00 00 00 06 00 7C 26 00 00 01 6A 00 BC 02 F8 AC 00 00 00 00 00 00 10 95 11 01 04 00 80 3E 00 00 30 43 00 00
@sos_1_1 2026-10-09T10:03:55 4236 02 9C 3A 0B 00 98 2E 02 00 01 04 65 00 D0 07 05 00 00 00 00 00 00 00 00 68 42 00 00 95 11 20 00 40 04 00 03 01 05 00 00 00 2E 00 87 3C 00 00 01 69 00 F4 01 00 00 00 00 00 00 00 00 00 03 00 00 00 06 00 BC 34 00 00 02 67 00 08 02 00 00 00 00 00 00 00 00 00 06 00 00 00 10 00 7C 26 00 00 01 6A 00 BC 02 C0 AD 00 00 00 00 00 00 10 95 11 01 0E 00 80 3E 00 00 68 42 00 00
@sos_1_1 2026-10-09T10:03:56 4237 02 84 3E 0B 00 60 2F 02 00 01 04 65 00 D0 07 05 00 00 00 00 00 00 00 00 A0 41 00 00 95 11 20 00 40 04 00 02 01 03 00 00 00 10 00 BC 34 00 00 02 67 00 08 02 00 00 00 00 00 00 00 00 00 06 00 00 00 06 00 94 26 00 00 01 6A 00 BC 02 00 00 00 00 00 00 00 00 00 95 11 01 04 00 80 3E 00 00 A0 41 00 00
@sos_1_1 2026-10-09T10:03:57 4238 02 6C 42 0B 00 28 30 02 00 01 04 65 00 D0 07 05 00 00 00 00 00 00 00 00 D8 40 00 00 95 11 20 00 40 04 00 02 01 03 00 00 00 06 00 BC 34 00 00 02 67 00 08 02 00 00 00 00 00 00 00 00 00 06 00 00 00 10 00 94 26 00 00 01 6A 00 BC 02 00 00 00 00 00 00 00 00 00 95 11 01 0E 00 80 3E 00 00 D8 40 00 00
@sos_1_1 2026-10-09T10:03:58 4239 02 54 46 0B 00 F0 30 02 00 01 04 65 00 D0 07 05 00 00 00 00 00 00 00 00 10 40 00 00 95 11 20 00 40 04 00 02 01 03 00 00 00 10 00 BC 34 00 00 02 67 00 08 02 00 00 00 00 00 00 00 00 00 06 00 00 00 06 00 AC 26 00 00 01 6A 00 BC 02 00 00 00 00 00 00 00 00 00 95 11 01 04 00 80 3E 00 00 10 40 00 00
@sos_1_1 2026-10-09T10:03:59 4240 02 3C 4A 0B 00 B8 31 02 00 01 04 65 00 D0 07 05 00 00 00 00 00 00 00 00 48 3F 00 00 95 11 20 00 40 04 00 02 01 03 00 00 00 06 00 BC 34 00 00 02 67 00 08 02 00 00 00 00 00 00 00 00 00 06 00 00 00 10 00 AC 26 00 00 01 6A 00 BC 02 00 00 00 00 00 00 00 00 00 95 11 01 0E 00 80 3E 00 00 48 3F 00 00
@sos_1_1 2026-10-09T10:04:00 4241 02 24 4E 0B 00 80 32 02 00 01 04 65 00 D0 07 05 00 00 00 00 00 00 00 00 00 00 00 00 00 00 00 00 00 00 00 02 01 03 00 00 00 10 00 BC 34 00 00 02 67 00 08 02 00 00 00 00 00 00 00 00 00 06 00 00 00 06 00 C4 26 00 00 01 6A 00 BC 02 00 00 00 00 00 00 00 00 00 95 11 00 04 00 80 3E 00 00 00 00 00 00
@sos_1_1 2026-10-09T10:04:01 4242 02 0C 52 0B 00 48 33 02 00 01 04 65 00 D0 07 05 00 00 00 00 00 00 00 00 00 00 00 00 00 00 00 00 00 00 00 02 01 03 00 00 00 06 00 BC 34 00 00 02 67 00 08 02 00 00 00 00 00 00 00 00 00 06 00 00 00 10 00 C4 26 00 00 01 6A 00 BC 02 00 00 00 00 00 00 00 00 00 95 11 00 0E 00 80 3E 00 00 00 00 00 00
@sos_1_1 2026-10-09T10:04:02 4243 02 F4 55 0B 00 10 34 02 00 01 04 65 00 D0 07 05 00 00 00 00 00 00 00 00 00 00 00 00 00 00 00 00 00 00 00 02 01 03 00 00 00 10 00 BC 34 00 00 02 67 00 08 02 00 00 00 00 00 00 00 00 00 06 00 00 00 1A 00 C4 26 00 00 01 6A 00 BC 02 00 00 00 00 00 00 00 00 00 95 11 00 18 00 80 3E 00 00 00 00 00 00
@sos_1_1 2026-10-09T10:04:03 4244 02 DC 59 0B 00 D8 34 02 00 01 04 65 00 D0 07 05 00 00 00 00 00 00 00 00 00 00 00 00 00 00 00 00 00 00 00 02 01 03 00 00 00 06 00 BC 34 00 00 02 67 00 08 02 00 00 00 00 00 00 00 00 00 06 00 00 00 24 00 C4 26 00 00 01 6A 00 BC 02 00 00 00 00 00 00 00 00 00 95 11 00 22 00 80 3E 00 00 00 00 00 00
@sos_1_1 2026-10-09T10:04:04 4245 02 C4 5D 0B 00 A0 35 02 00 01 04 65 00 D0 07 05 00 00 00 00 00 00 00 00 00 00 00 00 00 00 00 00 00 00 00 02 01 03 00 00 00 10 00 BC 34 00 00 02 67 00 08 02 00 00 00 00 00 00 00 00 00 06 00 00 00 2E 00 C4 26 00 00 01 6A 00 BC 02 00 00 00 00 00 00 00 00 00 95 11 00 2C 00 80 3E 00 00 00 00 00 00
@sos_1_1 2026-10-09T10:04:05 4246 02 AC 61 0B 00 68 36 02 00 01 04 65 00 D0 07 05 00 00 00 00 00 00 00 00 00 00 00 00 00 00 40 00 00 00 00 01 00 03 00 00 00 06 00 BC 34 00 00 02 67 00 08 02 00 00 00 00 00 00 00 00 00
@sos_1_1 2026-10-09T10:04:06 4247 02 94 65 0B 00 30 37 02 00 01 04 65 00 D0 07 05 00 00 00 00 00 00 00 00 00 00 00 00 00 00 40 00 00 00 00 01 00 03 00 00 00 10 00 BC 34 00 00 02 67 00 08 02 00 00 00 00 00 00 00 00 00
@sos_1_1 2026-10-09T10:04:07 4248 02 7C 69 0B 00 F8 37 02 00 01 04 65 00 D0 07 05 00 00 00 00 00 00 00 00 00 00 00 00 00 00 40 00 00 00 00 01 00 03 00 00 00 06 00 BC 34 00 00 02 67 00 08 02 00 00 00 00 00 00 00 00 00
@sos_1_1 2026-10-09T10:04:08 4249 02 64 6D 0B 00 C0 38 02 00 01 04 65 00 D0 07 05 00 00 00 00 00 00 00 00 00 00 00 00 00 00 40 00 00 00 00 01 00 03 00 00 00 10 00 BC 34 00 00 02 67 00 08 02 00 00 00 00 00 00 00 00 00
@sos_1_1 2026-10-09T10:04:09 4250 02 4C 71 0B 00 88 39 02 00 01 04 65 00 D0 07 05 00 00 00 00 00 00 00 00 00 00 00 00 00 00 40 00 00 00 00 01 00 03 00 00 00 06 00 BC 34 00 00 02 67 00 08 02 00 00 00 00 00 00 00 00 00
@sos_1_1 2026-10-09T10:04:10 4251 02 34 75 0B 00 50 3A 02 00 01 04 65 00 D0 07 05 00 00 00 00 00 00 00 00 00 00 00 00 00 00 40 00 00 00 00 01 00 03 00 00 00 10 00 BC 34 00 00 02 67 00 08 02 00 00 00 00 00 00 00 00 00
@sos_1_1 2026-10-09T10:04:11 4252 02 1C 79 0B 00 18 3B 02 00 01 04 65 00 D0 07 05 00 00 00 00 00 00 00 00 00 00 00 00 00 00 40 00 00 00 00 01 00 03 00 00 00 06 00 BC 34 00 00 02 67 00 08 02 00 00 00 00 00 00 00 00 00
@sos_1_1 2026-10-09T10:04:12 4253 02 04 7D 0B 00 E0 3B 02 00 01 04 65 00 D0 07 05 00 00 00 00 00 00 00 00 00 00 00 00 00 00 40 00 00 00 00 01 00 03 00 00 00 10 00 BC 34 00 00 02 67 00 08 02 00 00 00 00 00 00 00 00 00
@sos_1_1 2026-10-09T10:04:13 4254 02 EC 80 0B 00 A8 3C 02 00 01 04 65 00 D0 07 05 00 00 00 00 00 00 00 00 00 00 00 00 00 00 40 00 00 00 00 01 00 03 00 00 00 06 00 BC 34 00 00 02 67 00 08 02 00 00 00 00 00 00 00 00 00
@sos_1_1 2026-10-09T10:04:14 4255 02 D4 84 0B 00 70 3D 02 00 01 04 65 00 D0 07 05 00 00 00 00 00 00 00 00 00 00 00 00 00 00 40 00 00 00 00 01 00 03 00 00 00 10 00 BC 34 00 00 02 67 00 08 02 00 00 00 00 00 00 00 00 00
@sos_1_1 2026-10-09T10:04:15 4256 02 BC 88 0B 00 38 3E 02 00 01 04 65 00 D0 07 05 00 00 00 00 00 00 00 00 00 00 00 00 00 00 40 00 00 00 00 01 00 03 00 00 00 06 00 BC 34 00 00 02 67 00 08 02 00 00 00 00 00 00 00 00 00
@sos_1_1 2026-10-09T10:04:16 4257 02 A4 8C 0B 00 00 3F 02 00 01 04 65 00 D0 07 05 00 00 00 00 00 00 00 00 00 00 00 00 00 00 40 00 00 00 00 01 00 03 00 00 00 10 00 BC 34 00 00 02 67 00 08 02 00 00 00 00 00 00 00 00 00
@sos_1_1 2026-10-09T10:04:17 4258 02 8C 90 0B 00 C8 3F 02 00 01 04 65 00 D0 07 05 00 00 00 00 00 00 00 00 00 00 00 00 00 00 40 00 00 00 00 01 00 03 00 00 00 06 00 BC 34 00 00 02 67 00 08 02 00 00 00 00 00 00 00 00 00
@sos_1_1 2026-10-09T10:04:18 4259 02 74 94 0B 00 90 40 02 00 01 04 65 00 D0 07 05 00 00 00 00 00 00 00 00 00 00 00 00 00 00 40 00 00 00 00 01 00 03 00 00 00 10 00 BC 34 00 00 02 67 00 08 02 00 00 00 00 00 00 00 00 00
@sos_1_1 2026-10-09T10:04:19 4260 02 5C 98 0B 00 58 41 02 00 01 04 65 00 D0 07 05 00 00 00 00 00 00 00 00 00 00 00 00 00 00 40 00 00 00 00 01 00 03 00 00 00 06 00 BC 34 00 00 02 67 00 08 02 00 00 00 00 00 00 00 00 00
@sos_1_1 2026-10-09T10:04:20 4261 02 44 9C 0B 00 20 42 02 00 01 04 65 00 D0 07 05 00 00 00 00 00 00 00 00 00 00 00 00 00 00 40 00 00 00 00 01 00 03 00 00 00 10 00 BC 34 00 00 02 67 00 08 02 00 00 00 00 00 00 00 00 00
@sos_1_1 2026-10-09T10:04:21 4262 02 2C A0 0B 00 E8 42 02 00 01 04 65 00 D0 07 05 00 00 00 00 00 00 00 00 00 00 00 00 00 00 40 00 00 00 00 01 00 03 00 00 00 06 00 BC 34 00 00 02 67 00 08 02 00 00 00 00 00 00 00 00 00
@sos_1_1 2026-10-09T10:04:22 4263 02 14 A4 0B 00 B0 43 02 00 01 04 65 00 D0 07 05 00 00 00 00 00 00 00 00 00 00 00 00 00 00 40 00 00 00 00 01 00 03 00 00 00 10 00 BC 34 00 00 02 67 00 08 02 00 00 00 00 00 00 00 00 00
@sos_1_1 2026-10-09T10:04:23 4264 02 FC A7 0B 00 78 44 02 00 01 04 65 00 D0 07 05 00 00 00 00 00 00 00 00 00 00 00 00 00 00 40 00 00 00 00 01 00 03 00 00 00 06 00 BC 34 00 00 02 67 00 08 02 00 00 00 00 00 00 00 00 00
@sos_1_1 2026-10-09T10:04:24 4265 02 E4 AB 0B 00 40 45 02 00 01 04 65 00 D0 07 05 00 00 00 00 00 00 00 00 00 00 00 00 00 00 40 00 00 00 00 01 00 03 00 00 00 10 00 BC 34 00 00 02 67 00 08 02 00 00 00 00 00 00 00 00 00
@sos_1_1 2026-10-09T10:04:25 4266 02 CC AF 0B 00 08 46 02 00 01 04 65 00 D0 07 05 00 00 00 00 00 00 00 00 00 00 00 00 00 00 40 00 00 00 00 01 00 03 00 00 00 06 00 BC 34 00 00 02 67 00 08 02 00 00 00 00 00 00 00 00 00
@sos_1_1 2026-10-09T10:04:26 4267 02 B4 B3 0B 00 D0 46 02 00 01 04 65 00 D0 07 05 00 00 00 00 00 00 00 00 00 00 00 00 00 00 40 00 00 00 00 01 00 03 00 00 00 10 00 BC 34 00 00 02 67 00 08 02 00 00 00 00 00 00 00 00 00
@sos_1_1 2026-10-09T10:04:27 4268 02 9C B7 0B 00 98 47 02 00 01 04 65 00 D0 07 05 00 00 00 00 00 00 00 00 00 00 00 00 00 00 40 00 00 00 00 01 00 03 00 00 00 06 00 BC 34 00 00 02 67 00 08 02 00 00 00 00 00 00 00 00 00
@sos_1_1 2026-10-09T10:04:28 4269 02 84 BB 0B 00 60 48 02 00 01 04 65 00 D0 07 05 00 00 00 00 00 00 00 00 00 00 00 00 00 00 40 00 00 00 00 01 00 03 00 00 00 10 00 BC 34 00 00 02 67 00 08 02 00 00 00 00 00 00 00 00 00
@sos_1_1 2026-10-09T10:04:29 4270 02 6C BF 0B 00 28 49 02 00 01 04 65 00 D0 07 05 00 00 00 00 00 00 00 00 00 00 00 00 00 00 40 00 00 00 00 01 00 03 00 00 00 06 00 BC 34 00 00 02 67 00 08 02 00 00 00 00 00 00 00 00 00
@sos_1_1 2026-10-09T10:04:30 4271 02 54 C3 0B 00 F0 49 02 00 01 0B 65 00 D0 07 05 00 00 00 00 00 00 00 00 00 00 00 00 00 00 00 00 00 00 00 00 00
@sos_1_1 2026-10-09T10:04:31 4272 02 3C C7 0B 00 B8 4A 02 00 01 0B 65 00 D0 07 05 00 00 00 00 00 00 00 00 00 00 00 00 00 00 00 00 00 00 00 00 00
@sos_1_1 2026-10-09T10:04:32 4273 02 24 CB 0B 00 80 4B 02 00 01 0B 65 00 D0 07 05 00 00 00 00 00 00 00 00 00 00 00 00 00 00 00 00 00 00 00 00 00
@sos_1_1 2026-10-09T10:04:33 4274 02 0C CF 0B 00 48 4C 02 00 01 0B 65 00 D0 07 05 00 00 00 00 00 00 00 00 00 00 00 00 00 00 00 00 00 00 00 00 00
@sos_1_1 2026-10-09T10:04:34 4275 02 F4 D2 0B 00 10 4D 02 00 01 0B 65 00 D0 07 05 00 00 00 00 00 00 00 00 00 00 00 00 00 00 00 00 00 00 00 00 00
@sos_1_1 2026-10-09T10:04:35 4276 02 DC D6 0B 00 D8 4D 02 00 01 0B 65 00 D0 07 05 00 00 00 00 00 00 00 00 00 00 00 00 00 00 00 00 00 00 00 00 00
@sos_1_1 2026-10-09T10:04:36 4277 02 C4 DA 0B 00 A0 4E 02 00 01 0B 65 00 D0 07 05 00 00 00 00 00 00 00 00 00 00 00 00 00 00 00 00 00 00 00 00 00
@sos_1_1 2026-10-09T10:04:37 4278 02 AC DE 0B 00 68 4F 02 00 01 0B 65 00 D0 07 05 00 00 00 00 00 00 00 00 00 00 00 00 00 00 00 00 00 00 00 00 00
@sos_1_1 2026-10-09T10:04:38 4279 02 94 E2 0B 00 30 50 02 00 01 0B 65 00 D0 07 05 00 00 00 00 00 00 00 00 00 00 00 00 00 00 00 00 00 00 00 00 00
@sos_1_1 2026-10-09T10:04:39 4280 02 7C E6 0B 00 F8 50 02 00 01 0B 65 00 D0 07 05 00 00 00 00 00 00 00 00 00 00 00 00 00 00 00 00 00 00 00 00 00
@sos_1_1 2026-10-09T10:04:40 4281 02 64 EA 0B 00 C0 51 02 00 01 0B 65 00 D0 07 05 00 00 00 00 00 00 00 00 00 00 00 00 00 00 00 00 00 00 00 00 00
